08-22 11:25:47.969  1041  1041 D UaBiometricScheduler/FaceProvider/default/4: [Finishing] {[403] com.android.server.biometrics.sensors.face.aidl.FaceResetLockoutClient, proto=12, owner=android, cookie=0, requestId=-1, userId=0}, success: true
08-22 11:25:47.969  1041  1041 D UaBiometricScheduler/FaceProvider/default/4: No operations, returning to idle
08-22 11:25:47.972  1041  1143 V BroadcastQueue: Enqueuing BroadcastRecord{79f3a6f android.intent.action.USER_PRESENT/u0} from uid 10192 pid 1321 for 16 receivers
08-22 11:25:47.982  1041  1182 D WindowManager: Receive Power Key, Action Down
08-22 11:25:47.985  1041  1181 E PowerManagerServiceEx: interaction scene is null !
08-22 11:25:48.016  1041  1143 D OemAppPreloadHelaper: onKeyguardVisibilityChanged showing:false
08-22 11:25:48.131  1041  1182 D WindowManager: Receive Power Key, Action Up
08-22 11:25:48.133  1041  1181 E PowerManagerServiceEx: interaction scene is null !
08-22 11:25:48.230  1041  2216 D ActivityManager: Skip enqueue broadcast because no receiver with Intent { act=android.intent.action.SIG_STR flg=0x10 (has extras) }
08-22 11:25:48.431  1041  1082 D WindowManager: powerPress: eventTime=211751625 interactive=true count=1 beganFromNonInteractive=false mShortPressOnPowerBehavior=1
08-22 11:25:48.431  1041  1082 I PowerGroup: Powering off display group due to power_button (groupId= 0, uid= 1000, millisSinceLastUserActivity=-149, lastUserActivityEvent=button)...
08-22 11:25:48.431  1041  1082 I PowerManagerService: Going to sleep due to power_button (uid 1000, screenOffTimeout=60000, activityTimeoutWM=-1, maxDimRatio=0.20000005, maxDimDur=7000)...
08-22 11:25:48.440  1041  1058 D BiometricUtils: isEncrypted: false isLockdown: false
08-22 11:25:48.442  1041  1041 D UaBiometricScheduler/FingerprintProvider/default/5: [Added] {[404] com.android.server.biometrics.sensors.fingerprint.aidl.FingerprintAuthenticationClient, proto=3, owner=com.android.systemui, cookie=0, requestId=197, userId=0}, new queue size: 1
08-22 11:25:48.443  1041  1041 D UaBiometricScheduler/FingerprintProvider/default/5: [Polled] {[404] com.android.server.biometrics.sensors.fingerprint.aidl.FingerprintAuthenticationClient, proto=3, owner=com.android.systemui, cookie=0, requestId=197, userId=0}, State: 0
08-22 11:25:48.443  1041  1041 D GestureAvailabilityTracker: Notifying gesture availability, active=false
08-22 11:25:48.443  1041  1041 D UaBiometricScheduler/FingerprintProvider/default/5: [Started] {[404] com.android.server.biometrics.sensors.fingerprint.aidl.FingerprintAuthenticationClient, proto=3, owner=com.android.systemui, cookie=0, requestId=197, userId=0}
08-22 11:25:48.443  1041  1041 D BiometricStateCallback: State updated from 0 to 2, client {[404] com.android.server.biometrics.sensors.fingerprint.aidl.FingerprintAuthenticationClient, proto=3, owner=com.android.systemui, cookie=0, requestId=197, userId=0}
08-22 11:25:48.443  1041  1041 D Biometrics/AuthenticationClient: Requesting auth for com.android.systemui
08-22 11:25:48.446  1041  1041 V BiometricSchedulerOperation: started: {[404] com.android.server.biometrics.sensors.fingerprint.aidl.FingerprintAuthenticationClient, proto=3, owner=com.android.systemui, cookie=0, requestId=197, userId=0}, State: 2
08-22 11:25:48.446  1041  1041 D UnisocSensorImpl: onAcquiredtoWakeupScreen
08-22 11:25:48.446  1041  1041 D UnisocSensorImpl: onAcquiredtoWakeupScreen: ,vendorCode 1,mWakeupEarly true
08-22 11:25:48.447  1041  1041 V Biometrics/AcquisitionClient: Acquired: 6 1, shouldSend: true
08-22 11:25:48.459  1041  1058 V AlarmManager: set(null) : type=2 listener=android.app.IAlarmListener$Stub$Proxy@8432614 listenerTag=KeyguardIndication workSource=null callingPackage=com.android.systemui callingUid=10192 triggerAtTime=430774395 win=0 tElapsed=430775296 maxElapsed=430775296 interval=0 flags=0x9
08-22 11:25:48.486  1041  2216 V AlarmManager: set(PendingIntent{638c403: PendingIntentRecord{f368f80 com.google.android.gms/com.google.android.gms.container startService}}) : type=3 listener=null listenerTag=null workSource=null callingPackage=com.google.android.gms callingUid=10145 triggerAtTime=315790770323 win=3600000 tElapsed=315790770323 maxElapsed=315794370323 interval=0 flags=0x0
08-22 11:25:48.489  1041  1110 I DisplayPowerController2[0]: Blocking screen off
08-22 11:25:48.490  1041  1110 I DisplayPowerController2[0]: Unblocked screen off after 0 ms
08-22 11:25:48.499  1041  1110 D ActivityTaskManager: Top Process State changed to PROCESS_STATE_TOP_SLEEPING
08-22 11:25:48.501  1321  1358 V WindowManagerShell: Transition requested: android.os.BinderProxy@f4c19f2 TransitionRequestInfo { type = SLEEP, triggerTask = null, remoteTransition = null, displayChange = null }
08-22 11:25:48.501  1041  1081 V WindowManager: Sent Transition #2903 createdAt=08-22 11:25:48.500 via request=TransitionRequestInfo { type = SLEEP, triggerTask = null, remoteTransition = null, displayChange = null }
08-22 11:25:48.501  1041  1081 V WindowManager:     startWCT=null
08-22 11:25:48.501  1041  1081 V WindowManager:     info={id=2903 t=SLEEP f=0x0 trk=0 r=[] c=[]}
08-22 11:25:48.509  1041  1572 W Transition: Transition already started id=2903 state=2
08-22 11:25:48.509  1041  1110 I DisplayBrightnessStrategySelector: Changing the DisplayBrightnessStrategy from InvalidBrightnessStrategy toScreenOffBrightnessStrategy for display 0
08-22 11:25:48.509  1041  2730 V AlarmManager: set(PendingIntent{586c875: PendingIntentRecord{af5300a com.google.android.gms/com.google.android.gms.container startService}}) : type=3 listener=null listenerTag=null workSource=null callingPackage=com.google.android.gms callingUid=10145 triggerAtTime=315790770345 win=3600000 tElapsed=315790770345 maxElapsed=315794370345 interval=0 flags=0x0
08-22 11:25:48.514  1321  1358 V WindowManagerShell: onTransitionReady android.os.BinderProxy@f4c19f2: {id=2903 t=SLEEP f=0x0 trk=0 r=[] c=[]}
08-22 11:25:48.515  1321  1358 V WindowManagerShell: No transition roots in (#2903)android.os.BinderProxy@f4c19f2@0 so abort
08-22 11:25:48.515  1321  1358 V WindowManagerShell: Transition animation finished (aborted=true), notifying core (#2903)android.os.BinderProxy@f4c19f2@0
08-22 11:25:48.520  1041  2739 V AlarmManager: set(PendingIntent{ba6ce98: PendingIntentRecord{6417345 com.google.android.gms/com.google.android.gms.auth_authzen__phone startService}}) : type=3 listener=null listenerTag=null workSource=WorkSource{10145 com.google.android.gms} callingPackage=com.google.android.gms callingUid=10145 triggerAtTime=430785357 win=11249 tElapsed=430785357 maxElapsed=430796606 interval=0 flags=0x0
08-22 11:25:48.521  1041  1058 D BiometricService: canAuthenticate: User=0, Caller=0, Authenticators=255
08-22 11:25:48.521  1041  1058 D BiometricService/PreAuthInfo: Package: com.google.android.gms Sensor ID: 4 Modality: 8 Status: 4
08-22 11:25:48.522  1041  1041 V BroadcastQueue: Enqueuing BroadcastRecord{a8876f1 android.intent.action.BATTERY_CHANGED/u-1} from uid 1000 pid 1041 for 21 receivers
08-22 11:25:48.522  1041  1058 D BiometricService/PreAuthInfo: Package: com.google.android.gms Sensor ID: 5 Modality: 2 Status: 1
08-22 11:25:48.523  1041  1058 D BiometricService/PreAuthInfo: getCanAuthenticateInternal Modality: 2 AuthenticatorStatus: 1
08-22 11:25:48.523  1041  1058 D AuthService: canAuthenticate, userId: 0, callingUserId: 0, authenticators: 255, result: 0
08-22 11:25:48.524  1041  2721 I WindowManager: Input focus has changed to null from 12d4ae org.telegram.messenger/org.telegram.ui.LaunchActivity mDisplayId 0 updateInputWindows false
08-22 11:25:48.531  1041  1081 V WindowManager: Finish Transition #2903: created at 08-22 11:25:48.500 collect-started=0.024ms request-sent=0.072ms started=0.305ms ready=0.301ms sent=0.628ms finished=30.095ms
08-22 11:25:48.531  1321  1358 V WindowManagerShell: Track 0 became idle
08-22 11:25:48.531  1321  1358 V WindowManagerShell: All active transition animations finished
08-22 11:25:48.539  1041  2730 D PackageManager: Considering set com.google.android.gms/com.google.android.gms.nearby.mediums.nearfieldcommunication.NfcAdvertisingService's state as 1 with userId = 0, callingPackage = com.google.android.gms:10145
08-22 11:25:48.939  1041  1110 V DisplayPowerController2[0]: Brightness [0.0] reason changing to: 'screen_off', previous reason: 'automatic'.
08-22 11:25:48.939  1041  1110 I DisplayPowerController2[0]: BrightnessEvent: disp=0, physDisp=local:4619827259835644672, brt=0.0, initBrt=0.1916697, rcmdBrt=NaN, preBrt=NaN, lux=0.0, preLux=0.0, hbmMax=1.0, hbmMode=off, rbcStrength=50, thrmMax=1.0, powerFactor=0.7, wasShortTermModelActive=true, flags=, reason=screen_off, autoBrightness=true, strategy=ScreenOffBrightnessStrategy
08-22 11:25:48.947  1041  1084 I DisplayDeviceRepository: Display device changed state: "Tela integrada", OFF
08-22 11:25:48.959  1041  1085 I DisplayDevice: [0] Layerstack set to -1 for local:4619827259835644672
08-22 11:25:49.000  1041  1182 D WindowManager: Receive Power Key, Action Down
08-22 11:25:49.004  1041  1182 D WindowManager: Wake Up From Power Key
08-22 11:25:49.004  1041  1182 D PowerManagerServiceEx: unblockScreenOnLocked wakeUp
08-22 11:25:49.004  1041  1182 E PowerManagerServiceEx: interaction scene is null !
08-22 11:25:49.004  1041  1182 I PowerGroup: Waking up power group from Dozing (groupId=0, uid=1000, reason=WAKE_REASON_POWER_BUTTON, details=android.policy:POWER)...
08-22 11:25:49.005  1041  1182 E PowerManagerServiceEx: interaction scene is null !
08-22 11:25:49.005  1041  1182 I PowerManagerService: Waking up from Dozing (uid=1000, reason=WAKE_REASON_POWER_BUTTON, details=android.policy:POWER)...
08-22 11:25:49.010  1041  1181 E PowerManagerServiceEx: interaction scene is null !
08-22 11:25:49.011  1041  1110 I DisplayPowerController2[0]: Blocking screen on until initial contents have been drawn.
08-22 11:25:49.114  1041  1084 I DisplayDeviceRepository: Display device changed state: "Tela integrada", OFF
08-22 11:25:49.164  1041  1182 D WindowManager: Receive Power Key, Action Up
08-22 11:25:49.165  1041  1181 E PowerManagerServiceEx: interaction scene is null !
08-22 11:25:49.204  1041  1092 D ActivityManager: PROFILE_FROM_SHELL is disabled for ProcessRecord{adfcde0 0:com.soundcorset.client.android/u0a317}
08-22 11:25:49.205  1041  1092 D CompatibilityChangeReporter: Compat change id reported: 135634846; UID 10317; state: DISABLED
08-22 11:25:49.205  1041  1092 D CompatibilityChangeReporter: Compat change id reported: 177438394; UID 10317; state: DISABLED
08-22 11:25:49.205  1041  1092 D CompatibilityChangeReporter: Compat change id reported: 135772972; UID 10317; state: DISABLED
08-22 11:25:49.205  1041  1092 D CompatibilityChangeReporter: Compat change id reported: 135754954; UID 10317; state: ENABLED
08-22 11:25:49.206  1041  1093 D CompatibilityChangeReporter: Compat change id reported: 143937733; UID 10317; state: ENABLED
08-22 11:25:49.235  1041  1093 I ActivityManager: Start proc 1926:com.soundcorset.client.android/u0a317 for service {com.soundcorset.client.android/com.soundcorset.client.android.service.AudioRecordingService}
08-22 11:25:49.464  1041  1082 D WindowManager: powerPress: eventTime=211752643 interactive=false count=1 beganFromNonInteractive=true mShortPressOnPowerBehavior=1
08-22 11:25:49.530  1041  2732 I ActivityManager: Flag disabled. Ignoring finishAttachApplication from uid: 10317. pid: 1926
08-22 11:25:49.541  1041  1041 W Looper  : Slow dispatch took 537ms main h=com.android.server.power.Notifier$NotifierHandler c=com.android.server.power.Notifier$$ExternalSyntheticLambda9@26b931a m=0
08-22 11:25:49.543  1041  1041 W Looper  : Slow delivery took 537ms main h=com.android.server.power.Notifier$NotifierHandler c=com.android.server.power.Notifier$$ExternalSyntheticLambda6@ebbbe4b m=0
08-22 11:25:49.543  1041  1041 E ActivityManager: Cancel pending or running compactions as system is awake
08-22 11:25:49.545  1041  2721 I MediaSessionStack: addSession to bottom of stack | record: com.soundcorset.client.android/PracticeTrackingMediaSession (userId=0)
08-22 11:25:49.547  1041  1041 V BroadcastQueue: Enqueuing BroadcastRecord{2ed1028 android.intent.action.SCREEN_OFF/u-1} from uid 1000 pid 1041 for 58 receivers
08-22 11:25:49.549  1041  1041 V BroadcastQueue: Enqueuing BroadcastRecord{cc4141 android.intent.action.BATTERY_CHANGED/u-1} from uid 1000 pid 1041 for 21 receivers
08-22 11:25:49.549  1041  1084 I StorageManagerService: Cmd send onSecureKeyguardStateChanged isShowing = true mSecureKeyguardShowing = true
08-22 11:25:49.550  1041  1041 W Looper  : Drained
08-22 11:25:49.551  1041  1041 D BiometricService: Sensor ID(4), oemStrength: 4095, updatedStrength: 4095, modality 8, state: 0, cookie: 0, sensorId 4, hasEnrollments: false cannot participate in Keystore operations
08-22 11:25:49.552   395  4853 I keystore2: system/security/keystore2/src/authorization.rs:143 - on_lock_screen_event(r#LOCK, user_id=0, password.is_some()=false, unlocking_sids=Some([-6537068394135062123]))
08-22 11:25:49.552   395  4853 I keystore2: system/security/keystore2/src/super_key.rs:930 - Locking screen bound for user 0 sids [-6537068394135062123]
08-22 11:25:49.554  1041  1573 D OemAppPreloadHelaper: onKeyguardVisibilityChanged showing:true
08-22 11:25:49.555  1041  1573 D OemAppPreloadHelaper: onKeyguardVisibilityChanged showing:true
08-22 11:25:49.555  1041  1573 D OemAppPreloadHelaper: onKeyguardVisibilityChanged showing:true
08-22 11:25:49.556  1041  2730 D OemAppPreloadHelaper: onKeyguardVisibilityChanged showing:true
08-22 11:25:49.557  1041  1573 D OemAppPreloadHelaper: onKeyguardVisibilityChanged showing:true
08-22 11:25:49.557  1041  1573 D OemAppPreloadHelaper: onKeyguardVisibilityChanged showing:true
08-22 11:25:49.557  1041  1573 D OemAppPreloadHelaper: onKeyguardVisibilityChanged showing:true
08-22 11:25:49.557  1041  1573 D OemAppPreloadHelaper: onKeyguardVisibilityChanged showing:true
08-22 11:25:49.558  1041  1573 D OemAppPreloadHelaper: onKeyguardVisibilityChanged showing:true
08-22 11:25:49.558  1041  2730 D OemAppPreloadHelaper: onKeyguardVisibilityChanged showing:true
08-22 11:25:49.558  1041  2730 D OemAppPreloadHelaper: onKeyguardVisibilityChanged showing:true
08-22 11:25:49.558  1041  2730 D OemAppPreloadHelaper: onKeyguardVisibilityChanged showing:true
08-22 11:25:49.559  1041  2730 D OemAppPreloadHelaper: onKeyguardVisibilityChanged showing:true
08-22 11:25:49.559  1041  1573 D OemAppPreloadHelaper: onKeyguardVisibilityChanged showing:true
08-22 11:25:49.559  1041  2730 D OemAppPreloadHelaper: onKeyguardVisibilityChanged showing:true
08-22 11:25:49.559  1041  2730 D OemAppPreloadHelaper: onKeyguardVisibilityChanged showing:true
08-22 11:25:49.560  1041  2732 D OemAppPreloadHelaper: onKeyguardVisibilityChanged showing:true
08-22 11:25:49.560  1041  2730 D OemAppPreloadHelaper: onKeyguardVisibilityChanged showing:true
08-22 11:25:49.560  1041  2732 D OemAppPreloadHelaper: onKeyguardVisibilityChanged showing:true
08-22 11:25:49.561  1041  2732 D OemAppPreloadHelaper: onKeyguardVisibilityChanged showing:true
08-22 11:25:49.561  1041  2732 D OemAppPreloadHelaper: onKeyguardVisibilityChanged showing:true
08-22 11:25:49.561  1041  2732 D OemAppPreloadHelaper: onKeyguardVisibilityChanged showing:true
08-22 11:25:49.562  1041  1143 D OemAppPreloadHelaper: onKeyguardVisibilityChanged showing:true
08-22 11:25:49.562  1041  1573 D OemAppPreloadHelaper: onKeyguardVisibilityChanged showing:true
08-22 11:25:49.563  1041  1573 D OemAppPreloadHelaper: onKeyguardVisibilityChanged showing:true
08-22 11:25:49.563  1041  1143 D OemAppPreloadHelaper: onKeyguardVisibilityChanged showing:true
08-22 11:25:49.563  1041  2730 D OemAppPreloadHelaper: onKeyguardVisibilityChanged showing:true
08-22 11:25:49.564  1041  2730 D OemAppPreloadHelaper: onKeyguardVisibilityChanged showing:true
08-22 11:25:49.565  1041  2730 D OemAppPreloadHelaper: onKeyguardVisibilityChanged showing:true
08-22 11:25:49.565  1041  2730 D OemAppPreloadHelaper: onKeyguardVisibilityChanged showing:true
08-22 11:25:49.566  1041  2730 D OemAppPreloadHelaper: onKeyguardVisibilityChanged showing:true
08-22 11:25:49.568  1041  2730 D OemAppPreloadHelaper: onKeyguardVisibilityChanged showing:true
08-22 11:25:49.569  1041  2730 D OemAppPreloadHelaper: onKeyguardVisibilityChanged showing:true
08-22 11:25:49.569  1041  1143 D OemAppPreloadHelaper: onKeyguardVisibilityChanged showing:true
08-22 11:25:49.569  1041  2730 D OemAppPreloadHelaper: onKeyguardVisibilityChanged showing:true
08-22 11:25:49.570  1041  2730 D OemAppPreloadHelaper: onKeyguardVisibilityChanged showing:true
08-22 11:25:49.570  1041  1143 D OemAppPreloadHelaper: onKeyguardVisibilityChanged showing:true
08-22 11:25:49.570  1041  1143 D OemAppPreloadHelaper: onKeyguardVisibilityChanged showing:true
08-22 11:25:49.571  1041  1143 D OemAppPreloadHelaper: onKeyguardVisibilityChanged showing:true
08-22 11:25:49.571  1041  1143 D OemAppPreloadHelaper: onKeyguardVisibilityChanged showing:true
08-22 11:25:49.571  1041  1143 D OemAppPreloadHelaper: onKeyguardVisibilityChanged showing:true
08-22 11:25:49.576  1041  1169 D UnisocAlarmManagerService: setHeartBeatAdjustEnable() enable = true, updated = false
08-22 11:25:49.576  1041  1169 D UnisocAlarmManagerService: rebatchAllAlarms
08-22 11:25:49.577  1041  1169 D UnisocAlarmManagerService: rebatchAllAlarms:changed:true
08-22 11:25:49.632  1041  2721 E PowerManagerServiceEx: interaction scene is null !
08-22 11:25:49.637  1041  1573 W ProcessStats: Tracking association SourceState{56fc70c com.google.android.gms.persistent/10145 BFgs #319425} whose proc state 4 is better than process ProcessState{7e913b7 com.google.android.gms/10145 pkg=com.google.android.gms} proc state 8 (45 skipped)
08-22 11:25:49.702  1041  2721 D WindowManager: isSupportDynamicNavbar user0, navBarMode = 0, is3buttonModeNavbar = true
08-22 11:25:49.702  1041  2721 I WindowManager: Input focus has changed to Window{150bd5a u0 NotificationShade}, [type=2040]-[Surface(name=*Title#34969)/@0xa6f90e9, shown=false, alpha=0.0, windowType=2040] from 12d4ae org.telegram.messenger/org.telegram.ui.LaunchActivity mDisplayId 0 updateInputWindows true
08-22 11:25:49.708  1041  1085 D WindowManager: isSupportDynamicNavbar user0, navBarMode = 0, is3buttonModeNavbar = true
08-22 11:25:49.709  1041  1084 D WindowManager: isSupportDynamicNavbar user0, navBarMode = 0, is3buttonModeNavbar = true
08-22 11:25:49.713  1041  1085 D WindowManager: isSupportDynamicNavbar user0, navBarMode = 0, is3buttonModeNavbar = true
08-22 11:25:49.759  1041  2721 D WindowManager: isSupportDynamicNavbar user0, navBarMode = 0, is3buttonModeNavbar = true
08-22 11:25:49.777  1041  2721 D SystemServerTiming: getUserSwitchability-0
08-22 11:25:49.777  1041  2721 D SystemServerTiming: TM.isInCall
08-22 11:25:49.779  1041  2721 D SystemServerTiming: hasUserRestriction-DISALLOW_USER_SWITCH
08-22 11:25:49.779  1041  2721 D SystemServerTiming: getInt-ALLOW_USER_SWITCHING_WHEN_SYSTEM_USER_LOCKED
08-22 11:25:49.779  1041  2721 D SystemServerTiming: isUserUnlocked-USER_SYSTEM
08-22 11:25:49.779  1041  1085 D WindowManager: isSupportDynamicNavbar user0, navBarMode = 0, is3buttonModeNavbar = true
08-22 11:25:49.782  1041  1085 D WindowManager: isSupportDynamicNavbar user0, navBarMode = 0, is3buttonModeNavbar = true
08-22 11:25:49.785  1041  2730 D WindowManager: isSupportDynamicNavbar user0, navBarMode = 0, is3buttonModeNavbar = true
08-22 11:25:49.792  1041  2730 D WindowManager: isSupportDynamicNavbar user0, navBarMode = 0, is3buttonModeNavbar = true
08-22 11:25:49.856  1041  1085 D WindowManager: isSupportDynamicNavbar user0, navBarMode = 0, is3buttonModeNavbar = true
08-22 11:25:49.857  1041  1573 D SystemServerTiming: getUserSwitchability-0
08-22 11:25:49.857  1041  1573 D SystemServerTiming: TM.isInCall
08-22 11:25:49.857  1041  2730 D SystemServerTiming: getUserSwitchability-0
08-22 11:25:49.857  1041  2730 D SystemServerTiming: TM.isInCall
08-22 11:25:49.858  1041  1573 D SystemServerTiming: hasUserRestriction-DISALLOW_USER_SWITCH
08-22 11:25:49.858  1041  1573 D SystemServerTiming: getInt-ALLOW_USER_SWITCHING_WHEN_SYSTEM_USER_LOCKED
08-22 11:25:49.858  1041  2730 D SystemServerTiming: hasUserRestriction-DISALLOW_USER_SWITCH
08-22 11:25:49.858  1041  1573 D SystemServerTiming: isUserUnlocked-USER_SYSTEM
08-22 11:25:49.858  1041  2730 D SystemServerTiming: getInt-ALLOW_USER_SWITCHING_WHEN_SYSTEM_USER_LOCKED
08-22 11:25:49.858  1041  2730 D SystemServerTiming: isUserUnlocked-USER_SYSTEM
08-22 11:25:49.970  1041  1041 I PowerManagerService: onFlip(): Face up.
08-22 11:25:49.972  1041  1110 I DisplayBrightnessStrategySelector: Changing the DisplayBrightnessStrategy from ScreenOffBrightnessStrategy toInvalidBrightnessStrategy for display 0
08-22 11:25:49.972  1041  1041 W Looper  : Slow dispatch took 387ms main h=android.app.ActivityThread$H c=android.app.LoadedApk$ReceiverDispatcher$Args$$ExternalSyntheticLambda0@b0cb046 m=0
08-22 11:25:49.973  1041  1041 W Looper  : Slow delivery took 346ms main h=com.android.server.notification.NotificationManagerService$WorkerHandler c=com.android.server.notification.NotificationManagerService$NotificationAssistants$$ExternalSyntheticLambda0@e409207 m=0
08-22 11:25:49.973  1041  1041 V AlarmManager: set(null) : type=2 listener=android.app.AlarmManager$ListenerWrapper@e84f69e listenerTag=LockSettingsPrimaryAuth.nonStrongBiometricIdleTimeoutForUser workSource=null callingPackage=android callingUid=1000 triggerAtTime=445171810 win=0 tElapsed=445171810 maxElapsed=445171810 interval=0 flags=0x9
08-22 11:25:49.977  1041  1041 W Looper  : Drained
08-22 11:25:49.978  1041  1085 D WindowManager: isSupportDynamicNavbar user0, navBarMode = 0, is3buttonModeNavbar = true
08-22 11:25:49.983  1041  1514 V AlarmManager: set(PendingIntent{78083b8: PendingIntentRecord{22a5591 android broadcastIntent}}) : type=3 listener=null listenerTag=null workSource=null callingPackage=android callingUid=1000 triggerAtTime=430776820 win=0 tElapsed=430776820 maxElapsed=430776820 interval=0 flags=0x8
08-22 11:25:49.984  1041  1092 D BroadcastQueue: Skip update running list, mRunnableHead=BroadcastProcessQueue{603e756 2153:rkr.simplekeyboard.inputmethod/u0a275} Max running broadcast queue size is 5 current is 4 usedExtra is 1
08-22 11:25:49.986  1041  1092 D BroadcastQueue: Skip update running list, mRunnableHead=BroadcastProcessQueue{603e756 2153:rkr.simplekeyboard.inputmethod/u0a275} Max running broadcast queue size is 5 current is 4 usedExtra is 1
08-22 11:25:49.986  1041  2730 V AlarmManager: set(PendingIntent{6667f34: PendingIntentRecord{2b83fdd com.android.phone broadcastIntent}}) : type=2 listener=null listenerTag=null workSource=null callingPackage=com.android.phone callingUid=1001 triggerAtTime=432571822 win=0 tElapsed=432571822 maxElapsed=432571822 interval=0 flags=0x9
08-22 11:25:49.986  1041  1092 D BroadcastQueue: Skip update running list, mRunnableHead=BroadcastProcessQueue{603e756 2153:rkr.simplekeyboard.inputmethod/u0a275} Max running broadcast queue size is 5 current is 4 usedExtra is 1
08-22 11:25:49.987  1041  1153 V AlarmManager: set(null) : type=2 listener=android.app.AlarmManager$ListenerWrapper@91c013e listenerTag=JS idleness workSource=null callingPackage=android callingUid=1000 triggerAtTime=432631824 win=300000 tElapsed=432631824 maxElapsed=432931824 interval=0 flags=0x8
08-22 11:25:49.988  1041  1092 D BroadcastQueue: Skip update running list, mRunnableHead=BroadcastProcessQueue{2d0ffe5 2258:com.microsoft.launcher/u0a236} Max running broadcast queue size is 5 current is 4 usedExtra is 1
08-22 11:25:49.998  1041  1092 D BroadcastQueue: Skip update running list, mRunnableHead=BroadcastProcessQueue{398ec50 1647:com.motorola.launcher3/u0a95} Max running broadcast queue size is 5 current is 4 usedExtra is 1
08-22 11:25:50.004  1041  1092 D BroadcastQueue: Skip update running list, mRunnableHead=BroadcastProcessQueue{b3789d1 32563:org.telegram.messenger/u0a266} Max running broadcast queue size is 5 current is 4 usedExtra is 1
08-22 11:25:50.012  1041  1092 D BroadcastQueue: Skip update running list, mRunnableHead=null Max running broadcast queue size is 5 current is 4 usedExtra is 1
08-22 11:25:50.021  1041  1085 D WindowManager: isSupportDynamicNavbar user0, navBarMode = 0, is3buttonModeNavbar = true
08-22 11:25:50.024  1041  1085 D WindowManager: isSupportDynamicNavbar user0, navBarMode = 0, is3buttonModeNavbar = true
08-22 11:25:50.034  1041  2721 V AlarmManager: set(PendingIntent{f865aa0: PendingIntentRecord{e36c2fa com.google.android.gms/com.google.android.gms.scheduler broadcastIntent}}) : type=3 listener=null listenerTag=null workSource=WorkSource{10145 com.google.android.gms} callingPackage=com.google.android.gms callingUid=10145 triggerAtTime=431671871 win=675000 tElapsed=431671871 maxElapsed=432346871 interval=0 flags=0x0
08-22 11:25:50.121  1041  1671 I ActivityManager: Killing 1926:com.soundcorset.client.android/u0a317 (adj 500): MemAvailable
08-22 11:25:50.124  1041  1671 W ActivityManager: Scheduling restart of crashed service com.soundcorset.client.android/.service.AudioRecordingService in 64000ms for start-requested
08-22 11:25:50.124  1041  1671 W ActivityManager: Scheduling restart of crashed service com.soundcorset.client.android/.service.PracticeTrackingService in 704000ms for start-requested
08-22 11:25:50.205  1041  2732 V ActivityManager: Got obituary of 1926:com.soundcorset.client.android
08-22 11:25:50.205  1041  2216 I MediaSessionStack: removeSession | record: com.soundcorset.client.android/PracticeTrackingMediaSession (userId=0)
08-22 11:25:50.399  1041  1143 V ALSProbe: Enable ALS: 182629744
08-22 11:25:50.400  1041  1110 V DisplayPowerController2[0]: Brightness [0.1916697] reason changing to: 'automatic', previous reason: 'screen_off'.
08-22 11:25:50.400  1041  1110 I DisplayPowerController2[0]: BrightnessEvent: disp=0, physDisp=local:4619827259835644672, brt=0.1916697, initBrt=0.0, rcmdBrt=0.1916697, preBrt=NaN, lux=0.0, preLux=0.0, hbmMax=1.0, hbmMode=off, rbcStrength=50, thrmMax=1.0, powerFactor=0.7, wasShortTermModelActive=true, flags=, reason=automatic, autoBrightness=true, strategy=InvalidBrightnessStrategy
08-22 11:25:50.401  1041  1110 I DisplayPowerController2[0]: Unblocked screen on after 1390 ms
08-22 11:25:50.409  1041  1084 I DisplayDeviceRepository: Display device changed state: "Tela integrada", ON
08-22 11:25:50.434  1041  1085 D WindowManager: isSupportDynamicNavbar user0, navBarMode = 0, is3buttonModeNavbar = true
08-22 11:25:50.435  1041  1085 I DisplayDevice: [0] Layerstack set to 0 for local:4619827259835644672
08-22 11:25:50.487  1041  1143 D ActivityManager: Skip enqueue broadcast because no receiver with Intent { act=android.intent.action.SIG_STR flg=0x10 (has extras) }
08-22 11:25:50.616  1041  1084 I DisplayDeviceRepository: Display device changed state: "Tela integrada", ON
08-22 11:25:50.619  1041  1110 W PowerManagerService: Screen on took 1620 ms
08-22 11:25:50.620  1041  1085 D WindowManager: isSupportDynamicNavbar user0, navBarMode = 0, is3buttonModeNavbar = true
08-22 11:25:51.475  1041  1572 D ActivityManager: Skip enqueue broadcast because no receiver with Intent { act=android.intent.action.SIG_STR flg=0x10 (has extras) }
08-22 11:25:51.686  1041  1082 W Looper  : Slow dispatch took 1661ms android.ui h=android.os.Handler c=com.android.server.wm.DisplayRotation$OrientationListener@39b1749 m=0
08-22 11:25:51.688  1041  1041 W Looper  : Slow delivery took 216ms main h=android.view.GestureDetector$GestureHandler c=null m=1
08-22 11:25:51.692  1041  1082 D DisplayManagerService: Drop pending events for gone uid 10317
08-22 11:25:51.694  1041  1082 W Looper  : Slow delivery took 1635ms android.ui h=com.android.server.am.ActivityManagerService$UiHandler c=com.android.server.am.UidObserverController$$ExternalSyntheticLambda0@5b36cf8 m=0
08-22 11:25:51.694  1041  1514 V AlarmManager: set(PendingIntent{78083b8: PendingIntentRecord{22a5591 android broadcastIntent}}) : type=3 listener=null listenerTag=null workSource=null callingPackage=android callingUid=1000 triggerAtTime=431073531 win=225000 tElapsed=431073531 maxElapsed=431298531 interval=0 flags=0x8
08-22 11:25:51.697  1041  1085 D WindowManager: isSupportDynamicNavbar user0, navBarMode = 0, is3buttonModeNavbar = true
08-22 11:25:51.702  1041  1085 D WindowManager: isSupportDynamicNavbar user0, navBarMode = 0, is3buttonModeNavbar = true
08-22 11:25:52.120  1041  2216 E PowerManagerServiceEx: interaction scene is null !
08-22 11:25:52.121  1041  1041 W Looper  : Drained
08-22 11:25:52.121  1041  1081 V BroadcastQueue: Enqueuing BroadcastRecord{835230 android.intent.action.SCREEN_ON/u-1} from uid 1000 pid 1041 for 49 receivers
08-22 11:25:52.123  1041  1169 D UnisocAlarmManagerService: setHeartBeatAdjustEnable() enable = false, updated = false
08-22 11:25:52.123  1041  1169 D UnisocAlarmManagerService: rebatchAllAlarms
08-22 11:25:52.123  1041  1169 D UnisocAlarmManagerService: rebatchAllAlarms:changed:false
08-22 11:25:52.125  1041  1041 V BroadcastQueue: Enqueuing BroadcastRecord{c14cea9 android.intent.action.TIME_TICK/u-1} from uid 1000 pid 1041 for 3 receivers
08-22 11:25:52.274  1041  1572 E PowerManagerServiceEx: interaction scene is null !
08-22 11:25:52.400  1041  1572 D OemAppPreloadHelaper: onKeyguardVisibilityChanged showing:true
08-22 11:25:52.402  1041  1572 D OemAppPreloadHelaper: onKeyguardVisibilityChanged showing:true
08-22 11:25:52.476  1041  2732 D ActivityManager: Skip enqueue broadcast because no receiver with Intent { act=android.intent.action.SIG_STR flg=0x10 (has extras) }
08-22 11:25:52.551  1041  1572 D WindowManager: isSupportDynamicNavbar user0, navBarMode = 0, is3buttonModeNavbar = true
08-22 11:25:52.557  1041  2732 D WindowManager: isSupportDynamicNavbar user0, navBarMode = 0, is3buttonModeNavbar = true
08-22 11:25:52.870  1041  2732 D WindowManager: isSupportDynamicNavbar user0, navBarMode = 0, is3buttonModeNavbar = true
08-22 11:25:52.870  1041  1082 W Looper  : Drained
08-22 11:25:52.871  1041  1085 D WindowManager: isSupportDynamicNavbar user0, navBarMode = 0, is3buttonModeNavbar = true
08-22 11:25:52.874  1041  2732 D WindowManager: isSupportDynamicNavbar user0, navBarMode = 0, is3buttonModeNavbar = true
08-22 11:25:52.877  1041  1084 D WindowManager: isSupportDynamicNavbar user0, navBarMode = 0, is3buttonModeNavbar = true
08-22 11:25:52.990  1041  1041 W Looper  : Slow dispatch took 860ms main h=android.app.ActivityThread$H c=android.app.LoadedApk$ReceiverDispatcher$Args$$ExternalSyntheticLambda0@8d38deb m=0
08-22 11:25:52.990  1041  1041 W Looper  : Slow delivery took 787ms main h=com.android.server.notification.NotificationManagerService$WorkerHandler c=com.android.server.notification.NotificationManagerService$CancelNotificationRunnable@6133748 m=0
08-22 11:25:52.993  1041  1041 W Looper  : Drained
08-22 11:25:52.997  1041  1092 D BroadcastQueue: Skip update running list, mRunnableHead=BroadcastProcessQueue{603e756 2153:rkr.simplekeyboard.inputmethod/u0a275} Max running broadcast queue size is 5 current is 4 usedExtra is 1
08-22 11:25:52.998  1041  1092 D BroadcastQueue: Skip update running list, mRunnableHead=BroadcastProcessQueue{603e756 2153:rkr.simplekeyboard.inputmethod/u0a275} Max running broadcast queue size is 5 current is 4 usedExtra is 1
08-22 11:25:53.000  1041  1092 D BroadcastQueue: Skip update running list, mRunnableHead=BroadcastProcessQueue{2d0ffe5 2258:com.microsoft.launcher/u0a236} Max running broadcast queue size is 5 current is 4 usedExtra is 1
08-22 11:25:53.003  1041  1092 D BroadcastQueue: Skip update running list, mRunnableHead=BroadcastProcessQueue{398ec50 1647:com.motorola.launcher3/u0a95} Max running broadcast queue size is 5 current is 4 usedExtra is 1
08-22 11:25:53.013  1041  1092 D BroadcastQueue: Skip update running list, mRunnableHead=null Max running broadcast queue size is 5 current is 4 usedExtra is 1
08-22 11:25:53.013  1041  1092 D BroadcastQueue: Skip update running list, mRunnableHead=null Max running broadcast queue size is 5 current is 4 usedExtra is 1
08-22 11:25:53.047  1041  1222 V BroadcastQueue: Enqueuing BroadcastRecord{c8f1306 android.net.wifi.RSSI_CHANGED/u-1} from uid 1000 pid 1041 for 1 receivers
08-22 11:25:53.051  1041  1572 E PowerManagerServiceEx: interaction scene is null !
08-22 11:25:53.204  1041  2721 E PowerManagerServiceEx: interaction scene is null !
08-22 11:25:53.271  1041  2721 E PowerManagerServiceEx: interaction scene is null !
08-22 11:25:53.383  1041  2721 E PowerManagerServiceEx: interaction scene is null !
08-22 11:25:53.458  1041  1171 D AlarmManager: waitForAlarm result:4currentTime=1755872753458, elapsedRealtime=430775296
08-22 11:25:53.461  1041  1171 D AlarmManager: sending alarm.type = 2, action = null, alarm = Alarm{1c87ff4 type 2 origWhen 430774395 whenElapsed 430775296 com.android.systemui}, cn = null, operation = null, listener=android.app.IAlarmListener$Stub$Proxy@8432614, listenerTag=KeyguardIndication, workSource=null
08-22 11:25:53.506  1041  1100 D AppOps  : evalModeInternal-uid:10266 ,code: 27 ,uidState: 600 ,uidCapability: 0 ,opCapability: 4
08-22 11:25:53.507  1041  1100 D AppOps  : evalModeInternal-uid:10266 ,code: 26 ,uidState: 600 ,uidCapability: 0 ,opCapability: 2
08-22 11:25:53.518  1041  1572 E PowerManagerServiceEx: interaction scene is null !
08-22 11:25:53.618  1041  1572 E PowerManagerServiceEx: interaction scene is null !
08-22 11:25:53.741  1041  1572 E PowerManagerServiceEx: interaction scene is null !
08-22 11:25:53.830  1041  1572 E PowerManagerServiceEx: interaction scene is null !
08-22 11:25:53.831  1041  2216 I LockSettingsService: Verifying lockscreen credential for user 0
08-22 11:25:53.909  1041  1041 D UnisocSensorImpl: onAcquiredtoWakeupScreen
08-22 11:25:53.909  1041  1041 D UnisocSensorImpl: onAcquiredtoWakeupScreen: ,vendorCode 3,mWakeupEarly true
08-22 11:25:53.910  1041  1041 V Biometrics/AcquisitionClient: Acquired: 6 3, shouldSend: true
08-22 11:25:53.961  1321  1321 D FingerprintManager: Cancel fingerprint authentication requested for: 197
08-22 11:25:53.962  1041  1041 D UaBiometricScheduler/FingerprintProvider/default/5: cancelAuthenticationOrDetection, requestId: 197
08-22 11:25:53.962  1041  1041 D UaBiometricScheduler/FingerprintProvider/default/5: Cancelling auth/detect op: {[404] com.android.server.biometrics.sensors.fingerprint.aidl.FingerprintAuthenticationClient, proto=3, owner=com.android.systemui, cookie=0, requestId=197, userId=0}, State: 2
08-22 11:25:53.962  1041  1041 D BiometricSchedulerOperation: [Cancelling] Current client: {[404] com.android.server.biometrics.sensors.fingerprint.aidl.FingerprintAuthenticationClient, proto=3, owner=com.android.systemui, cookie=0, requestId=197, userId=0}
08-22 11:25:53.967  1041  1041 D FingerprintProvider/default/5: onError, client: FingerprintAuthenticationClient, error: 5, vendorCode: 0
08-22 11:25:53.968  1041  1041 D UnisocSensorImpl: onErrortoSleepPower
08-22 11:25:53.968  1041  1041 D Biometrics/AcquisitionClient: onErrorInternal code: 5, finish: true
08-22 11:25:53.968  1041  1041 V BiometricLogger: Error latency: -1
08-22 11:25:53.968  1041  2732 D ActivityTaskManager: Top Process State changed to PROCESS_STATE_TOP
08-22 11:25:53.968  1041  1041 W BiometricFrameworkStatsLogger: found a negative latency : -1
08-22 11:25:53.968  1321  1358 V WindowManagerShell: Transition requested: android.os.BinderProxy@469c32 TransitionRequestInfo { type = TO_BACK, triggerTask = null, remoteTransition = null, displayChange = null }
08-22 11:25:53.972  1041  1041 D BiometricStateCallback: Client finished, state updated to 0, client {[404] com.android.server.biometrics.sensors.fingerprint.aidl.FingerprintAuthenticationClient, proto=3, owner=com.android.systemui, cookie=0, requestId=197, userId=0}
08-22 11:25:53.972  1041  2732 D WindowManager: isSupportDynamicNavbar user0, navBarMode = 0, is3buttonModeNavbar = true
08-22 11:25:53.974  1041  1041 D BiometricSchedulerOperation: [Finished / destroy]: {[404] com.android.server.biometrics.sensors.fingerprint.aidl.FingerprintAuthenticationClient, proto=3, owner=com.android.systemui, cookie=0, requestId=197, userId=0}
08-22 11:25:53.976  1041  1085 D WindowManager: isSupportDynamicNavbar user0, navBarMode = 0, is3buttonModeNavbar = true
08-22 11:25:53.979  1041  1197 D BiometricDeferredQueue: Fingerprint addPendingLockoutResetForUser: 0
08-22 11:25:53.979  1041  1197 D BiometricDeferredQueue: Fingerprint addPendingLockoutResetForUser: 0
08-22 11:25:53.984  1041  2721 D WindowManager: isSupportDynamicNavbar user0, navBarMode = 0, is3buttonModeNavbar = true
08-22 11:25:53.991  1041  1085 D WindowManager: isSupportDynamicNavbar user0, navBarMode = 0, is3buttonModeNavbar = true
08-22 11:25:53.997  1041  1081 V WindowManager: Sent Transition #2904 createdAt=08-22 11:25:53.967 via request=TransitionRequestInfo { type = TO_BACK, triggerTask = null, remoteTransition = null, displayChange = null }
08-22 11:25:53.998  1041  1081 V WindowManager:     startWCT=WindowContainerTransaction { changes = {} hops = [] errorCallbackToken=null taskFragmentOrganizer=null }
08-22 11:25:53.998  1041  1081 V WindowManager:     info={id=2904 t=TO_BACK f=0x104 trk=0 r=[0@Point(0, 0)] c=[{WCT{RemoteToken{442c968 Task{dcd984 #11558 type=standard A=10266:org.telegram.messenger}}} m=TO_FRONT f=NONE p=WCT{RemoteToken{b2c3635 DefaultTaskDisplayArea@24810433}} leash=Surface(name=Task=11558#34912)/@0xfc8117c sb=Rect(0, 0 - 720, 1612) eb=Rect(0, 0 - 720, 1612) d=0},{WCT{RemoteToken{b2c3635 DefaultTaskDisplayArea@24810433}} m=TO_FRONT f=NONE leash=Surface(name=DefaultTaskDisplayArea#9)/@0x89bf6bf sb=Rect(0, 0 - 720, 1612) eb=Rect(0, 0 - 720, 1612) d=0}]}
08-22 11:25:53.998  1321  1358 V WindowManagerShell: onTransitionReady android.os.BinderProxy@469c32: {id=2904 t=TO_BACK f=0x104 trk=0 r=[0@Point(0, 0)] c=[{WCT{android.window.IWindowContainerToken$Stub$Proxy@740fc4} m=TO_FRONT f=NONE p=WCT{android.window.IWindowContainerToken$Stub$Proxy@3d09ead} leash=Surface(name=Task=11558#34912)/@0x84eac71 sb=Rect(0, 0 - 720, 1612) eb=Rect(0, 0 - 720, 1612) d=0},{WCT{android.window.IWindowContainerToken$Stub$Proxy@6fa75e2} m=TO_FRONT f=NONE leash=Surface(name=DefaultTaskDisplayArea#9)/@0x2700a56 sb=Rect(0, 0 - 720, 1612) eb=Rect(0, 0 - 720, 1612) d=0}]}
08-22 11:25:53.998  1321  1358 V WindowManagerShell: Playing animation for (#2904)android.os.BinderProxy@469c32@0
08-22 11:25:53.998  1321  1358 V WindowManagerShell:  try handler com.android.wm.shell.transition.DefaultMixedHandler@a8d0d33
08-22 11:25:53.999  1321  1358 V WindowManagerShell: start keyguard going-away transition, info = {id=2904 t=TO_BACK f=0x104 trk=0 r=[0@Point(0, 0)] c=[{WCT{android.window.IWindowContainerToken$Stub$Proxy@740fc4} m=TO_FRONT f=NONE p=WCT{android.window.IWindowContainerToken$Stub$Proxy@3d09ead} leash=Surface(name=Task=11558#34912)/@0x84eac71 sb=Rect(0, 0 - 720, 1612) eb=Rect(0, 0 - 720, 1612) d=0},{WCT{android.window.IWindowContainerToken$Stub$Proxy@6fa75e2} m=TO_FRONT f=NONE leash=Surface(name=DefaultTaskDisplayArea#9)/@0x2700a56 sb=Rect(0, 0 - 720, 1612) eb=Rect(0, 0 - 720, 1612) d=0}]}
08-22 11:25:53.999  1321  1358 D KeyguardService: Starts IRemoteAnimationRunner: info={id=2904 t=TO_BACK f=0x104 trk=0 r=[0@Point(0, 0)] c=[{WCT{android.window.IWindowContainerToken$Stub$Proxy@740fc4} m=TO_FRONT f=NONE p=WCT{android.window.IWindowContainerToken$Stub$Proxy@3d09ead} leash=Surface(name=Task=11558#34912)/@0x84eac71 sb=Rect(0, 0 - 720, 1612) eb=Rect(0, 0 - 720, 1612) d=0},{WCT{android.window.IWindowContainerToken$Stub$Proxy@6fa75e2} m=TO_FRONT f=NONE leash=Surface(name=DefaultTaskDisplayArea#9)/@0x2700a56 sb=Rect(0, 0 - 720, 1612) eb=Rect(0, 0 - 720, 1612) d=0}]}
08-22 11:25:53.999  1041  1085 D WindowManager: isSupportDynamicNavbar user0, navBarMode = 0, is3buttonModeNavbar = true
08-22 11:25:54.001  1321  1358 V WindowManagerShell:  animated by com.android.wm.shell.transition.DefaultMixedHandler@a8d0d33
08-22 11:25:54.002  1041  1085 D WindowManager: isSupportDynamicNavbar user0, navBarMode = 0, is3buttonModeNavbar = true
08-22 11:25:54.004  1041  2732 D WindowManager: isSupportDynamicNavbar user0, navBarMode = 0, is3buttonModeNavbar = true
08-22 11:25:54.008  1041  1572 D UnisocVariableRefreshRateImpl: setCurrentPackageName, return when current focus window namenot contains packageName: org.telegram.messenger mCurrentRequestFocusWindowName: 150bd5a NotificationShade
08-22 11:25:54.020  1041  1084 I StorageManagerService: Cmd send onSecureKeyguardStateChanged isShowing = false mSecureKeyguardShowing = false
08-22 11:25:54.020  1041  2721 D OemAppPreloadHelaper: onKeyguardVisibilityChanged showing:false
08-22 11:25:54.021  1041  2721 D OemAppPreloadHelaper: onKeyguardVisibilityChanged showing:false
08-22 11:25:54.021  1041  2721 D OemAppPreloadHelaper: onKeyguardVisibilityChanged showing:false
08-22 11:25:54.021  1041  2732 D OemAppPreloadHelaper: onKeyguardVisibilityChanged showing:false
08-22 11:25:54.022  1041  2732 D OemAppPreloadHelaper: onKeyguardVisibilityChanged showing:false
08-22 11:25:54.022  1041  2732 D OemAppPreloadHelaper: onKeyguardVisibilityChanged showing:false
08-22 11:25:54.022  1041  2732 D OemAppPreloadHelaper: onKeyguardVisibilityChanged showing:false
08-22 11:25:54.022  1041  2732 D OemAppPreloadHelaper: onKeyguardVisibilityChanged showing:false
08-22 11:25:54.022  1041  2732 D OemAppPreloadHelaper: onKeyguardVisibilityChanged showing:false
08-22 11:25:54.023  1041  2732 D OemAppPreloadHelaper: onKeyguardVisibilityChanged showing:false
08-22 11:25:54.023  1041  2732 D OemAppPreloadHelaper: onKeyguardVisibilityChanged showing:false
08-22 11:25:54.023  1041  2732 D OemAppPreloadHelaper: onKeyguardVisibilityChanged showing:false
08-22 11:25:54.023  1041  2732 D OemAppPreloadHelaper: onKeyguardVisibilityChanged showing:false
08-22 11:25:54.024  1041  2732 D OemAppPreloadHelaper: onKeyguardVisibilityChanged showing:false
08-22 11:25:54.024  1041  2732 D OemAppPreloadHelaper: onKeyguardVisibilityChanged showing:false
08-22 11:25:54.024  1041  2732 D OemAppPreloadHelaper: onKeyguardVisibilityChanged showing:false
08-22 11:25:54.024  1041  2732 D OemAppPreloadHelaper: onKeyguardVisibilityChanged showing:false
08-22 11:25:54.024  1041  2732 D OemAppPreloadHelaper: onKeyguardVisibilityChanged showing:false
08-22 11:25:54.024  1041  2732 D OemAppPreloadHelaper: onKeyguardVisibilityChanged showing:false
08-22 11:25:54.025  1041  2732 D OemAppPreloadHelaper: onKeyguardVisibilityChanged showing:false
08-22 11:25:54.025  1041  2732 D OemAppPreloadHelaper: onKeyguardVisibilityChanged showing:false
08-22 11:25:54.025  1041  2732 D OemAppPreloadHelaper: onKeyguardVisibilityChanged showing:false
08-22 11:25:54.025  1041  2732 D OemAppPreloadHelaper: onKeyguardVisibilityChanged showing:false
08-22 11:25:54.026  1041  2732 D OemAppPreloadHelaper: onKeyguardVisibilityChanged showing:false
08-22 11:25:54.026  1041  2732 D OemAppPreloadHelaper: onKeyguardVisibilityChanged showing:false
08-22 11:25:54.026  1041  2732 D OemAppPreloadHelaper: onKeyguardVisibilityChanged showing:false
08-22 11:25:54.027  1041  2732 D OemAppPreloadHelaper: onKeyguardVisibilityChanged showing:false
08-22 11:25:54.027  1041  2732 D OemAppPreloadHelaper: onKeyguardVisibilityChanged showing:false
08-22 11:25:54.027  1041  2732 D OemAppPreloadHelaper: onKeyguardVisibilityChanged showing:false
08-22 11:25:54.027  1041  2732 D OemAppPreloadHelaper: onKeyguardVisibilityChanged showing:false
08-22 11:25:54.028  1041  2732 D OemAppPreloadHelaper: onKeyguardVisibilityChanged showing:false
08-22 11:25:54.142  1041  2216 I LockSettingsService: Successfully verified lockscreen credential for user 0
08-22 11:25:54.143   395  9713 I keystore2: system/security/keystore2/src/authorization.rs:143 - on_lock_screen_event(r#UNLOCK, user_id=0, password.is_some()=true, unlocking_sids=None)
08-22 11:25:54.144  1041  2721 D OemAppPreloadHelaper: onKeyguardVisibilityChanged showing:false
08-22 11:25:54.145  1041  2721 D OemAppPreloadHelaper: onKeyguardVisibilityChanged showing:false
08-22 11:25:54.145  1041  2721 D OemAppPreloadHelaper: onKeyguardVisibilityChanged showing:false
08-22 11:25:54.146  1041  2721 D OemAppPreloadHelaper: onKeyguardVisibilityChanged showing:false
08-22 11:25:54.146  1041  2721 D OemAppPreloadHelaper: onKeyguardVisibilityChanged showing:false
08-22 11:25:54.146  1041  2721 D OemAppPreloadHelaper: onKeyguardVisibilityChanged showing:false
08-22 11:25:54.147  1041  2721 D OemAppPreloadHelaper: onKeyguardVisibilityChanged showing:false
08-22 11:25:54.148  1041  2721 D OemAppPreloadHelaper: onKeyguardVisibilityChanged showing:false
08-22 11:25:54.148  1041  2721 D OemAppPreloadHelaper: onKeyguardVisibilityChanged showing:false
08-22 11:25:54.162   395  9713 I keystore2: system/security/keystore2/src/super_key.rs:1141 - Trying to unlock when already unlocked.
08-22 11:25:54.162  1041  2216 D LockSettingsService: CE storage for user 0 is already unlocked
08-22 11:25:54.163  1041  2216 D LockSettingsService: unlockUser finished
08-22 11:25:54.163  1041  2216 D SystemServerTiming: finishUserUnlocking-0
08-22 11:25:54.163  1041  2216 D LockSettingsService: unlockUser finished
08-22 11:25:54.164  1041  1197 D BiometricDeferredQueue: Processing pending resetLockout for fingerprint
08-22 11:25:54.164  1041  1197 D BiometricDeferredQueue: Resetting fingerprint lockout for sensor: 5, user: 0
08-22 11:25:54.180  1041  1197 D BiometricDeferredQueue: Processing pending resetLockouts(Generic)
08-22 11:25:54.180  1041  1197 D BiometricDeferredQueue: Resetting biometric lockout for user: 0
08-22 11:25:54.193  1321  1321 D KeyguardService: Finish IRemoteAnimationRunner.
08-22 11:25:54.194  1321  1358 V WindowManagerShell: Transition animation finished (aborted=false), notifying core (#2904)android.os.BinderProxy@469c32@0
08-22 11:25:54.196  1041  1081 V WindowManager: Finish Transition #2904: created at 08-22 11:25:53.967 collect-started=0.057ms request-sent=0.148ms started=7.229ms ready=7.188ms sent=28.396ms finished=228.102ms
08-22 11:25:54.198  1321  1358 V WindowManagerShell: Track 0 became idle
08-22 11:25:54.198  1321  1358 V WindowManagerShell: All active transition animations finished
08-22 11:25:54.199  1041  2721 D FaceProvider/default: Starting watchdog for face
08-22 11:25:54.200  1041  2721 D FingerprintProvider/default: Starting watchdog for fingerprint
08-22 11:25:54.201  1041  1197 D BiometricService: resetLockout(userId=0, hat=present)
08-22 11:25:54.216  1041  2721 I WindowManager: Input focus has changed to Window{12d4ae u0 org.telegram.messenger/org.telegram.ui.LaunchActivity}, [type=1]-[Surface(name=*Title#34976)/@0x96f05b5, shown=false, alpha=0.0, windowType=1] from 150bd5a NotificationShade mDisplayId 0 updateInputWindows true
08-22 11:25:54.217  1041  2721 D UnisocDisplayJamMonitorImpl: Switch focus to Window{12d4ae u0 org.telegram.messenger/org.telegram.ui.LaunchActivity}, [type=1]-[Surface(name=*Title#34976)/@0x96f05b5, shown=false, alpha=0.0, windowType=1] on APP(ActivityRecord{7a9a397 u0 org.telegram.messenger/org.telegram.ui.LaunchActivity t11558 d0}) from Window{150bd5a u0 NotificationShade}, [type=2040]-[Surface(name=*Title#34969)/@0xa6f90e9, shown=false, alpha=0.0, windowType=2040], newWindowHandle = 12d4ae org.telegram.messenger/org.telegram.ui.LaunchActivity, frame=[0,0,0,0], touchableRegion=SkRegion((0,0,720,1612)), scaleFactor=1.0, transform=null, windowToken=android.os.BinderProxy@2df4929, displayId=0, isClone=false, packageName=org.telegram.messenger, ownerPid=32563, touchableRegionSurfaceControl=java.lang.ref.WeakReference@66eaef0, replaceTouchableRegionWithCrop=false, changed=false
08-22 11:25:54.255  1041  2216 D SystemServerTiming: getUserSwitchability-0
08-22 11:25:54.255  1041  2216 D SystemServerTiming: TM.isInCall
08-22 11:25:54.256  1041  2216 D SystemServerTiming: hasUserRestriction-DISALLOW_USER_SWITCH
08-22 11:25:54.256  1041  2216 D SystemServerTiming: getInt-ALLOW_USER_SWITCHING_WHEN_SYSTEM_USER_LOCKED
08-22 11:25:54.256  1041  2216 D SystemServerTiming: isUserUnlocked-USER_SYSTEM
08-22 11:25:54.302  1041  2216 D OemAppPreloadHelaper: onKeyguardVisibilityChanged showing:false
08-22 11:25:54.480  1041  2732 D ActivityManager: Skip enqueue broadcast because no receiver with Intent { act=android.intent.action.SIG_STR flg=0x10 (has extras) }
08-22 11:25:54.500  1041  1041 V ALSProbe: Disable ALS: 182629744
08-22 11:25:54.501  1041  1041 W Looper  : Slow dispatch took 533ms main h=android.os.Handler c=com.android.server.biometrics.sensors.fingerprint.aidl.Sensor$HalSessionCallback$$ExternalSyntheticLambda6@627ca1c m=0
08-22 11:25:54.501  1041  1041 D BiometricService: Sensor ID(4), oemStrength: 4095, updatedStrength: 4095, modality 8, state: 0, cookie: 0, sensorId 4, hasEnrollments: false cannot participate in Keystore operations
08-22 11:25:54.502   395  9713 I keystore2: system/security/keystore2/src/authorization.rs:143 - on_lock_screen_event(r#UNLOCK, user_id=0, password.is_some()=false, unlocking_sids=Some([-6537068394135062123]))
08-22 11:25:54.511   395  9713 I keystore2: system/security/keystore2/src/super_key.rs:1049 - Successfully unlocked with biometric
08-22 11:25:54.512  1041  1041 W Looper  : Slow delivery took 528ms main h=com.android.server.trust.TrustManagerService$2 c=null m=14
08-22 11:25:54.512  1041  1041 D UaBiometricScheduler/FingerprintProvider/default/5: [Finishing] {[404] com.android.server.biometrics.sensors.fingerprint.aidl.FingerprintAuthenticationClient, proto=3, owner=com.android.systemui, cookie=0, requestId=197, userId=0}, success: false
08-22 11:25:54.512  1041  1041 D GestureAvailabilityTracker: Notifying gesture availability, active=true
08-22 11:25:54.512  1041  1041 D UaBiometricScheduler/FingerprintProvider/default/5: No operations, returning to idle
