08-22 11:26:19.072  1041  2732 I WindowManager: Input focus has changed to Window{fe06e13 u0 com.openai.chatgpt/com.openai.chatgpt.MainActivity}, [type=1]-[Surface(name=*Title#35002)/@0xe0e6667, shown=false, alpha=0.0, windowType=1] from 463a6d9 com.microsoft.launcher/com.microsoft.launcher.Launcher mDisplayId 0 updateInputWindows true
08-22 11:26:19.072  1041  2732 D UnisocDisplayJamMonitorImpl: Switch focus to Window{fe06e13 u0 com.openai.chatgpt/com.openai.chatgpt.MainActivity}, [type=1]-[Surface(name=*Title#35002)/@0xe0e6667, shown=false, alpha=0.0, windowType=1] on APP(ActivityRecord{6e4e93d u0 com.openai.chatgpt/.MainActivity t11559 d0}) from null, newWindowHandle = fe06e13 com.openai.chatgpt/com.openai.chatgpt.MainActivity, frame=[0,0,0,0], touchableRegion=SkRegion(), scaleFactor=0.0, transform=null, windowToken=null, displayId=0, isClone=false, packageName=com.openai.chatgpt, ownerPid=2071, touchableRegionSurfaceControl=java.lang.ref.WeakReference@7acf580, replaceTouchableRegionWithCrop=false, changed=true
08-22 11:26:19.125  1041  1573 D WindowManager: after removeSurfaceViewPkg packageName = com.openai.chatgpt count:6
08-22 11:26:19.135  1041  1573 D CoreBackPreview: Window{47502f5 u0 Splash Screen com.openai.chatgpt EXITING}, [type=3]-[Surface(name=*Title#34992)/@0x6479bad, shown=false, alpha=0.0, windowType=3]: Setting back callback null
08-22 11:26:19.140  1041  2732 W WindowManager: Failed looking up window session=Session{6f48605 1321:u0a10192} callers=com.android.server.wm.WindowManagerService.windowForClientLocked:6337 com.android.server.wm.WindowManagerService.removeWindow:2099 com.android.server.wm.Session.remove:231 
08-22 11:26:19.167  1041  1602 D PerformanceDatabaseControl: querymem pkgName = com.openai.chatgpt
08-22 11:26:19.168  1041  1602 D PerformanceDatabaseControl: querycount pkgName = com.openai.chatgpt
08-22 11:26:19.168  1041  1602 D PerformanceDatabaseControl: updateDatabase pkgName = com.openai.chatgpt
08-22 11:26:19.184  1041  1143 V BroadcastQueue: Enqueuing BroadcastRecord{1282cae com.google.android.gms.play.integrity.autoprotect.LOG_TELEMETRY/u0} from uid 10278 pid 2071 for 1 receivers
08-22 11:26:19.242  1041  2732 V BroadcastQueue: Enqueuing BroadcastRecord{8e9b3c8 com.google.android.gms.play.integrity.autoprotect.LOG_TELEMETRY/u0} from uid 10278 pid 2071 for 1 receivers
08-22 11:26:19.261  1041  2732 W FillRequestEventLogger: Couldn't find packageName: rkr.simplekeyboard.inputmethod
08-22 11:26:19.280  2071  2071 I UnionManagerComponentFactory: get UniApiImpl sClassLoader
08-22 11:26:19.285  1041  5480 D CompatibilityChangeReporter: Compat change id reported: 214016041; UID 10278; state: ENABLED
08-22 11:26:19.294  1041  1573 D AutofillSession: createPendingIntent for request 117
08-22 11:26:19.322  1041  1573 D CoreBackPreview: Window{fe06e13 u0 com.openai.chatgpt/com.openai.chatgpt.MainActivity}, [type=1]-[Surface(name=*Title#35002)/@0xe0e6667, shown=false, alpha=0.0, windowType=1]: Setting back callback OnBackInvokedCallbackInfo{mCallback=android.window.IOnBackInvokedCallback$Stub$Proxy@9d05bc5, mPriority=0, mIsAnimationCallback=false}
08-22 11:26:19.332  1041  1573 D CompatibilityChangeReporter: Compat change id reported: 271850009; UID 10278; state: ENABLED
08-22 11:26:19.332  1041  1573 D CompatibilityChangeReporter: Compat change id reported: 253665015; UID 10278; state: ENABLED
08-22 11:26:19.332  1041  1573 D CompatibilityChangeReporter: Compat change id reported: 194532703; UID 10278; state: ENABLED
08-22 11:26:19.508  1041  1041 E RemoteAugmentedAutofillService: Bad service name for flags 1048704: com.google.android.as/com.google.android.apps.miphone.aiai.app.AiAiAugmentedAutofillService
08-22 11:26:19.508  1041  1041 W FillRequestEventLogger: Shouldn't be logging AutofillFillRequestReported again for same event
08-22 11:26:19.508  1041  1041 W FillResponseEventLogger: Shouldn't be logging AutofillFillRequestReported again for same event
08-22 11:26:19.508  1041  1041 D AutofillSession: clearPendingIntentLocked
08-22 11:26:19.727  1041  1165 D ActivityManager: freezing 2034 com.devhd.feedly
08-22 11:26:20.008  1041  1218 D ActivityManager: Skip enqueue broadcast because no receiver with Intent { act=com.android.server.action.NETWORK_STATS_UPDATED flg=0x40000010 }
08-22 11:26:20.172  1041  1181 E PowerManagerServiceEx: interaction scene is null !
08-22 11:26:20.290  1041  1181 E PowerManagerServiceEx: interaction scene is null !
08-22 11:26:20.424  1041  1181 E PowerManagerServiceEx: interaction scene is null !
08-22 11:26:20.558  1041  1181 E PowerManagerServiceEx: interaction scene is null !
08-22 11:26:20.748  1041  1181 E PowerManagerServiceEx: interaction scene is null !
08-22 11:26:20.954  1041  1181 E PowerManagerServiceEx: interaction scene is null !
08-22 11:26:21.099  1041  1181 E PowerManagerServiceEx: interaction scene is null !
08-22 11:26:21.206  1041  1181 E PowerManagerServiceEx: interaction scene is null !
08-22 11:26:21.291  1041  1171 D AlarmManager: waitForAlarm result:8currentTime=1755872781291, elapsedRealtime=430803129
08-22 11:26:21.292  1041  1171 V BroadcastQueue: Enqueuing BroadcastRecord{22bfde7 com.google.android.gms.gcm.ACTION_CHECK_QUEUE/u0} from uid 10145 pid -1 for 1 receivers
08-22 11:26:21.293  1041  1171 D AlarmManager: sending alarm.type = 3, action = com.google.android.gms.gcm.ACTION_CHECK_QUEUE, alarm = Alarm{bc1ad94 type 3 origWhen 430727921 whenElapsed 430727921 com.google.android.gms}, cn = ComponentInfo{com.google.android.gms/com.google.android.gms.gcm.nts.SchedulerInternalReceiver}, operation = PendingIntent{1789f48: PendingIntentRecord{53f9f56 com.google.android.gms/com.google.android.gms.scheduler broadcastIntent}}, listener=null, listenerTag=null, workSource=WorkSource{10145 com.google.android.gms}
08-22 11:26:21.296  1041  1171 D AlarmManager: sending alarm.type = 3, action = com.google.android.gms.auth.authzen.cryptauth.DEVICE_STATE_CHECK_DELAY_COMPLETE, alarm = Alarm{8d2303d type 3 origWhen 430791880 whenElapsed 430791880 com.google.android.gms}, cn = ComponentInfo{com.google.android.gms/com.google.android.gms.chimera.GmsIntentOperationService}, operation = PendingIntent{fc76987: PendingIntentRecord{6417345 com.google.android.gms/com.google.android.gms.auth_authzen__phone startService}}, listener=null, listenerTag=null, workSource=WorkSource{10145 com.google.android.gms}
08-22 11:26:21.296  1041  1171 D AlarmManager: sending alarm.type = 3, action = null, alarm = Alarm{85f5032 type 3 origWhen 430803023 whenElapsed 430803023 android}, cn = null, operation = null, listener=android.app.AlarmManager$ListenerWrapper@dd77988, listenerTag=*job.cleanup*, workSource=null
08-22 11:26:21.296  1041  5480 D BroadcastQueue: Receiver ResolveInfo{3b09183 com.google.android.gms/.gcm.nts.SchedulerInternalReceiver m=0x0 userHandle=null} finished with BroadcastRecord{22bfde7 com.google.android.gms.gcm.ACTION_CHECK_QUEUE/u0} took 3ms
08-22 11:26:21.297  1041  1153 V AlarmManager: set(null) : type=3 listener=android.app.AlarmManager$ListenerWrapper@dd77988 listenerTag=*job.cleanup* workSource=null callingPackage=android callingUid=1000 triggerAtTime=431403023 win=449916 tElapsed=431403023 maxElapsed=431852939 interval=0 flags=0x8
08-22 11:26:21.345  1041  1181 E PowerManagerServiceEx: interaction scene is null !
08-22 11:26:21.524  1041  1181 E PowerManagerServiceEx: interaction scene is null !
08-22 11:26:21.792  1041  1181 E PowerManagerServiceEx: interaction scene is null !
08-22 11:26:22.140  1041  1573 D BiometricService: canAuthenticate: User=0, Caller=0, Authenticators=15
08-22 11:26:22.140  1041  1573 D BiometricService/PreAuthInfo: Package: com.android.vending Sensor ID: 4 Modality: 8 Status: 4
08-22 11:26:22.141  1041  1573 D BiometricService/PreAuthInfo: Package: com.android.vending Sensor ID: 5 Modality: 2 Status: 1
08-22 11:26:22.142  1041  1573 D BiometricService/PreAuthInfo: getCanAuthenticateInternal Modality: 2 AuthenticatorStatus: 1
08-22 11:26:22.142  1041  1573 D AuthService: canAuthenticate, userId: 0, callingUserId: 0, authenticators: 15, result: 0
08-22 11:26:22.142  1041  1573 D BiometricService: canAuthenticate: User=0, Caller=0, Authenticators=15
08-22 11:26:22.143  1041  1573 D BiometricService/PreAuthInfo: Package: com.android.vending Sensor ID: 4 Modality: 8 Status: 4
08-22 11:26:22.144  1041  1573 D BiometricService/PreAuthInfo: Package: com.android.vending Sensor ID: 5 Modality: 2 Status: 1
08-22 11:26:22.144  1041  1573 D BiometricService/PreAuthInfo: getCanAuthenticateInternal Modality: 2 AuthenticatorStatus: 1
08-22 11:26:22.144  1041  1573 D AuthService: canAuthenticate, userId: 0, callingUserId: 0, authenticators: 15, result: 0
08-22 11:26:22.145  1041  1573 D BiometricService: canAuthenticate: User=0, Caller=0, Authenticators=15
08-22 11:26:22.145  1041  1573 D BiometricService/PreAuthInfo: Package: com.android.vending Sensor ID: 4 Modality: 8 Status: 4
08-22 11:26:22.146  1041  1573 D BiometricService/PreAuthInfo: Package: com.android.vending Sensor ID: 5 Modality: 2 Status: 1
08-22 11:26:22.146  1041  1573 D BiometricService/PreAuthInfo: getCanAuthenticateInternal Modality: 2 AuthenticatorStatus: 1
08-22 11:26:22.146  1041  1573 D AuthService: canAuthenticate, userId: 0, callingUserId: 0, authenticators: 15, result: 0
08-22 11:26:22.153  1041  1573 D BiometricService: Sensor ID(4), oemStrength: 4095, updatedStrength: 4095, modality 8, state: 0, cookie: 0, sensorId 4, hasEnrollments: false cannot participate in Keystore operations
08-22 11:26:22.158  1041  1573 D BiometricService: canAuthenticate: User=0, Caller=0, Authenticators=15
08-22 11:26:22.159  1041  1573 D BiometricService/PreAuthInfo: Package: com.android.vending Sensor ID: 4 Modality: 8 Status: 4
08-22 11:26:22.160  1041  1573 D BiometricService/PreAuthInfo: Package: com.android.vending Sensor ID: 5 Modality: 2 Status: 1
08-22 11:26:22.160  1041  1573 D BiometricService/PreAuthInfo: getCanAuthenticateInternal Modality: 2 AuthenticatorStatus: 1
08-22 11:26:22.160  1041  1573 D AuthService: canAuthenticate, userId: 0, callingUserId: 0, authenticators: 15, result: 0
08-22 11:26:22.217  1041  1181 E PowerManagerServiceEx: interaction scene is null !
08-22 11:26:22.407  1041  1181 E PowerManagerServiceEx: interaction scene is null !
08-22 11:26:22.529  1041  1181 E PowerManagerServiceEx: interaction scene is null !
08-22 11:26:22.764  1041  1181 E PowerManagerServiceEx: interaction scene is null !
08-22 11:26:22.932  1041  1181 E PowerManagerServiceEx: interaction scene is null !
08-22 11:26:23.065  1041  1181 E PowerManagerServiceEx: interaction scene is null !
08-22 11:26:23.278  1041  1181 E PowerManagerServiceEx: interaction scene is null !
08-22 11:26:23.490  1041  1181 E PowerManagerServiceEx: interaction scene is null !
08-22 11:26:23.792  1041  1181 E PowerManagerServiceEx: interaction scene is null !
08-22 11:26:23.914  1041  1181 E PowerManagerServiceEx: interaction scene is null !
08-22 11:26:24.082  1041  1181 E PowerManagerServiceEx: interaction scene is null !
08-22 11:26:24.194  1041  1181 E PowerManagerServiceEx: interaction scene is null !
08-22 11:26:24.440  1041  1181 E PowerManagerServiceEx: interaction scene is null !
08-22 11:26:24.552  1041  1181 E PowerManagerServiceEx: interaction scene is null !
08-22 11:26:24.557  1041  1573 W ProcessStats: Tracking association SourceState{367e4b7 com.google.android.gms.persistent/10145 BTop #319612} whose proc state 2 is better than process ProcessState{7e913b7 com.google.android.gms/10145 pkg=com.google.android.gms} proc state 8 (94 skipped)
08-22 11:26:24.563  1041  1165 D ActivityManager: freezing 30944 com.google.android.adservices.api
08-22 11:26:24.564  1041  1165 D ActivityManager: freezing 31750 com.google.android.cellbroadcastreceiver
08-22 11:26:24.565  1041  1165 D ActivityManager: freezing 29122 com.glance.lockscreenM
08-22 11:26:24.566  1041  1165 D ActivityManager: freezing 31768 com.google.android.apps.turbo
08-22 11:26:24.567  1041  1165 D ActivityManager: freezing 31475 com.motorola.odm.camera3
08-22 11:26:24.567  1041  1165 D ActivityManager: freezing 30086 com.google.process.gservices
08-22 11:26:24.775  1041  1181 E PowerManagerServiceEx: interaction scene is null !
08-22 11:26:24.965  1041  1181 E PowerManagerServiceEx: interaction scene is null !
08-22 11:26:25.423  1041  1181 E PowerManagerServiceEx: interaction scene is null !
08-22 11:26:25.529  1041  1181 E PowerManagerServiceEx: interaction scene is null !
08-22 11:26:25.825  1041  1181 E PowerManagerServiceEx: interaction scene is null !
08-22 11:26:25.948  1041  1181 E PowerManagerServiceEx: interaction scene is null !
08-22 11:26:26.133  1041  1181 E PowerManagerServiceEx: interaction scene is null !
08-22 11:26:26.300  1041  1181 E PowerManagerServiceEx: interaction scene is null !
08-22 11:26:26.495  1041  1181 E PowerManagerServiceEx: interaction scene is null !
08-22 11:26:26.797  1041  1181 E PowerManagerServiceEx: interaction scene is null !
08-22 11:26:26.903  1041  1181 E PowerManagerServiceEx: interaction scene is null !
08-22 11:26:27.049  1041  1181 E PowerManagerServiceEx: interaction scene is null !
08-22 11:26:27.227  1041  1181 E PowerManagerServiceEx: interaction scene is null !
08-22 11:26:27.350  1041  1181 E PowerManagerServiceEx: interaction scene is null !
08-22 11:26:27.456  1041  1181 E PowerManagerServiceEx: interaction scene is null !
08-22 11:26:27.578  1041  1181 E PowerManagerServiceEx: interaction scene is null !
08-22 11:26:27.686  1041  1181 E PowerManagerServiceEx: interaction scene is null !
08-22 11:26:27.816  1041  1084 W ActivityTaskManager: Launch timeout has expired, giving up wake lock!
08-22 11:26:27.864  1041  1181 E PowerManagerServiceEx: interaction scene is null !
08-22 11:26:27.908  1041  5480 D ActivityManager: Skip enqueue broadcast because no receiver with Intent { act=android.intent.action.SIG_STR flg=0x10 (has extras) }
08-22 11:26:27.987  1041  1181 E PowerManagerServiceEx: interaction scene is null !
08-22 11:26:28.138  1041  1181 E PowerManagerServiceEx: interaction scene is null !
08-22 11:26:28.406  1041  1181 E PowerManagerServiceEx: interaction scene is null !
08-22 11:26:28.512  1041  1181 E PowerManagerServiceEx: interaction scene is null !
08-22 11:26:28.521  1041  1041 E ALSProbe: Max time exceeded for ALS logger - disabling: 11149949
08-22 11:26:28.521  1041  1041 V ALSProbe: Finishing next consumer
08-22 11:26:28.629  1041  1181 E PowerManagerServiceEx: interaction scene is null !
08-22 11:26:28.842  1041  1181 E PowerManagerServiceEx: interaction scene is null !
08-22 11:26:28.911  1041  5480 D ActivityManager: Skip enqueue broadcast because no receiver with Intent { act=android.intent.action.SIG_STR flg=0x10 (has extras) }
08-22 11:26:28.956  1041  1041 V ALSProbe: Disable ALS: 11149949
08-22 11:26:28.957  1041  1041 W BiometricFrameworkStatsLogger: found a negative latency : -1
08-22 11:26:28.957  1041  1041 W Looper  : Slow dispatch took 436ms main h=android.os.Handler c=com.android.server.biometrics.log.ALSProbe$$ExternalSyntheticLambda0@b7989fa m=0
08-22 11:26:28.957  1041  1041 W Looper  : Slow delivery took 327ms main h=com.android.server.power.Notifier$NotifierHandler c=null m=1
08-22 11:26:28.958  1041  1041 W Looper  : Drained
08-22 11:26:29.042  1041  1181 E PowerManagerServiceEx: interaction scene is null !
08-22 11:26:29.423  1041  1165 D ActivityManager: freezing 31724 com.android.rkpdapp
08-22 11:26:29.511  1041  1181 E PowerManagerServiceEx: interaction scene is null !
08-22 11:26:29.780  1041  1181 E PowerManagerServiceEx: interaction scene is null !
08-22 11:26:29.886  1041  1181 E PowerManagerServiceEx: interaction scene is null !
08-22 11:26:29.998  1041  1181 E PowerManagerServiceEx: interaction scene is null !
08-22 11:26:30.121  1041  1181 E PowerManagerServiceEx: interaction scene is null !
08-22 11:26:30.232  1041  1181 E PowerManagerServiceEx: interaction scene is null !
08-22 11:26:30.367  1041  1181 E PowerManagerServiceEx: interaction scene is null !
08-22 11:26:30.774  1041  1181 E PowerManagerServiceEx: interaction scene is null !
08-22 11:26:30.880  1041  1181 E PowerManagerServiceEx: interaction scene is null !
08-22 11:26:30.914  1041  1573 D ActivityManager: Skip enqueue broadcast because no receiver with Intent { act=android.intent.action.SIG_STR flg=0x10 (has extras) }
08-22 11:26:31.059  1041  1181 E PowerManagerServiceEx: interaction scene is null !
08-22 11:26:31.367  1041  1181 E PowerManagerServiceEx: interaction scene is null !
08-22 11:26:31.701  1041  1181 E PowerManagerServiceEx: interaction scene is null !
08-22 11:26:31.869  1041  1181 E PowerManagerServiceEx: interaction scene is null !
08-22 11:26:31.916  1041  1573 D ActivityManager: Skip enqueue broadcast because no receiver with Intent { act=android.intent.action.SIG_STR flg=0x10 (has extras) }
08-22 11:26:31.975  1041  1181 E PowerManagerServiceEx: interaction scene is null !
08-22 11:26:32.092  1041  1181 E PowerManagerServiceEx: interaction scene is null !
08-22 11:26:32.159  1041  1041 E ALSProbe: Max time exceeded for ALS logger - disabling: 204398830
08-22 11:26:32.159  1041  1041 V ALSProbe: Finishing next consumer
08-22 11:26:32.198  1041  1181 E PowerManagerServiceEx: interaction scene is null !
08-22 11:26:32.588  1041  1041 V ALSProbe: Disable ALS: 204398830
08-22 11:26:32.588  1041  1041 W BiometricFrameworkStatsLogger: found a negative latency : -1
08-22 11:26:32.589  1041  1041 W Looper  : Slow dispatch took 430ms main h=android.os.Handler c=com.android.server.biometrics.log.ALSProbe$$ExternalSyntheticLambda0@eec0905 m=0
08-22 11:26:32.589  1041  1041 W Looper  : Slow delivery took 390ms main h=com.android.server.power.Notifier$NotifierHandler c=null m=1
08-22 11:26:32.589  1041  1041 W Looper  : Drained
08-22 11:26:32.649   395  2347 I keystore2: system/security/keystore2/src/watchdog.rs:319 - Watchdog thread idle -> terminating. Have a great day.
08-22 11:26:32.651  1041  1181 E PowerManagerServiceEx: interaction scene is null !
08-22 11:26:32.874  1041  1181 E PowerManagerServiceEx: interaction scene is null !
08-22 11:26:32.919  1041  1573 D ActivityManager: Skip enqueue broadcast because no receiver with Intent { act=android.intent.action.SIG_STR flg=0x10 (has extras) }
08-22 11:26:33.042  1041  1181 E PowerManagerServiceEx: interaction scene is null !
08-22 11:26:33.254  1041  1181 E PowerManagerServiceEx: interaction scene is null !
08-22 11:26:33.456  1041  1181 E PowerManagerServiceEx: interaction scene is null !
08-22 11:26:33.567  1041  1181 E PowerManagerServiceEx: interaction scene is null !
08-22 11:26:33.723  1041  1181 E PowerManagerServiceEx: interaction scene is null !
08-22 11:26:33.858  1041  1181 E PowerManagerServiceEx: interaction scene is null !
08-22 11:26:33.921  1041  1573 D ActivityManager: Skip enqueue broadcast because no receiver with Intent { act=android.intent.action.SIG_STR flg=0x10 (has extras) }
08-22 11:26:34.137  1041  1181 E PowerManagerServiceEx: interaction scene is null !
08-22 11:26:34.483  1041  1181 E PowerManagerServiceEx: interaction scene is null !
08-22 11:26:34.818  1041  1181 E PowerManagerServiceEx: interaction scene is null !
08-22 11:26:34.923  1041  1143 D ActivityManager: Skip enqueue broadcast because no receiver with Intent { act=android.intent.action.SIG_STR flg=0x10 (has extras) }
08-22 11:26:34.963  1041  1573 D CoreBackPreview: Window{fe06e13 u0 com.openai.chatgpt/com.openai.chatgpt.MainActivity}, [type=1]-[Surface(name=*Title#35002)/@0xe0e6667, shown=false, alpha=0.0, windowType=1]: Setting back callback OnBackInvokedCallbackInfo{mCallback=android.window.IOnBackInvokedCallback$Stub$Proxy@fb66de5, mPriority=0, mIsAnimationCallback=false}
08-22 11:26:35.176  1041  1041 E ALSProbe: Max time exceeded for ALS logger - disabling: 110172896
08-22 11:26:35.177  1041  1041 V ALSProbe: Finishing next consumer
08-22 11:26:35.604  1041  1041 V ALSProbe: Disable ALS: 110172896
08-22 11:26:35.605  1041  1041 W BiometricFrameworkStatsLogger: found a negative latency : -1
08-22 11:26:35.605  1041  1041 W Looper  : Slow dispatch took 428ms main h=android.os.Handler c=com.android.server.biometrics.log.ALSProbe$$ExternalSyntheticLambda0@a46c0ba m=0
08-22 11:26:35.926  1041  1573 D ActivityManager: Skip enqueue broadcast because no receiver with Intent { act=android.intent.action.SIG_STR flg=0x10 (has extras) }
08-22 11:26:36.928  1041  1573 D ActivityManager: Skip enqueue broadcast because no receiver with Intent { act=android.intent.action.SIG_STR flg=0x10 (has extras) }
08-22 11:26:37.874  1041  1165 D ActivityManager: freezing 29066 android.process.acore
08-22 11:26:37.931  1041  2721 D ActivityManager: Skip enqueue broadcast because no receiver with Intent { act=android.intent.action.SIG_STR flg=0x10 (has extras) }
08-22 11:26:38.933  1041  2721 D ActivityManager: Skip enqueue broadcast because no receiver with Intent { act=android.intent.action.SIG_STR flg=0x10 (has extras) }
08-22 11:26:39.566  1041  1181 E PowerManagerServiceEx: interaction scene is null !
08-22 11:26:39.666  1041  1181 E PowerManagerServiceEx: interaction scene is null !
08-22 11:26:39.896  1041  1181 E PowerManagerServiceEx: interaction scene is null !
08-22 11:26:39.935  1041  2721 D ActivityManager: Skip enqueue broadcast because no receiver with Intent { act=android.intent.action.SIG_STR flg=0x10 (has extras) }
08-22 11:26:39.996  1041  1181 E PowerManagerServiceEx: interaction scene is null !
08-22 11:26:40.097  1041  1181 E PowerManagerServiceEx: interaction scene is null !
08-22 11:26:40.197  1041  1181 E PowerManagerServiceEx: interaction scene is null !
08-22 11:26:40.303  1041  1181 E PowerManagerServiceEx: interaction scene is null !
08-22 11:26:40.421  1041  1181 E PowerManagerServiceEx: interaction scene is null !
08-22 11:26:40.544  1041  1181 E PowerManagerServiceEx: interaction scene is null !
08-22 11:26:40.644  1041  1181 E PowerManagerServiceEx: interaction scene is null !
08-22 11:26:41.013  1041  1181 E PowerManagerServiceEx: interaction scene is null !
08-22 11:26:42.516  1041  1181 E PowerManagerServiceEx: interaction scene is null !
08-22 11:26:42.615  1041  1181 E PowerManagerServiceEx: interaction scene is null !
08-22 11:26:42.716  1041  1181 E PowerManagerServiceEx: interaction scene is null !
08-22 11:26:42.817  1041  1181 E PowerManagerServiceEx: interaction scene is null !
08-22 11:26:42.917  1041  1181 E PowerManagerServiceEx: interaction scene is null !
08-22 11:26:42.949  1041  2721 D ActivityManager: Skip enqueue broadcast because no receiver with Intent { act=android.intent.action.SIG_STR flg=0x10 (has extras) }
08-22 11:26:43.018  1041  1181 E PowerManagerServiceEx: interaction scene is null !
08-22 11:26:43.118  1041  1181 E PowerManagerServiceEx: interaction scene is null !
08-22 11:26:43.219  1041  1181 E PowerManagerServiceEx: interaction scene is null !
08-22 11:26:43.326  1041  1181 E PowerManagerServiceEx: interaction scene is null !
08-22 11:26:43.426  1041  1181 E PowerManagerServiceEx: interaction scene is null !
08-22 11:26:43.588  1041  1181 E PowerManagerServiceEx: interaction scene is null !
08-22 11:26:44.559  1041  1165 D ActivityManager: freezing 30045 com.google.android.gms
08-22 11:26:44.694  1041  1181 E PowerManagerServiceEx: interaction scene is null !
08-22 11:26:44.794  1041  1181 E PowerManagerServiceEx: interaction scene is null !
08-22 11:26:44.894  1041  1181 E PowerManagerServiceEx: interaction scene is null !
08-22 11:26:44.995  1041  1181 E PowerManagerServiceEx: interaction scene is null !
08-22 11:26:45.124  1041  1181 E PowerManagerServiceEx: interaction scene is null !
08-22 11:26:45.509  1041  2721 D ActivityManager: Skip enqueue broadcast because no receiver with Intent { act=android.intent.action.SIG_STR flg=0x10 (has extras) }
08-22 11:26:45.538  1041  1181 E PowerManagerServiceEx: interaction scene is null !
08-22 11:26:46.269  1041  1181 E PowerManagerServiceEx: interaction scene is null !
08-22 11:26:46.369  1041  1181 E PowerManagerServiceEx: interaction scene is null !
08-22 11:26:46.470  1041  1181 E PowerManagerServiceEx: interaction scene is null !
08-22 11:26:46.570  1041  1181 E PowerManagerServiceEx: interaction scene is null !
08-22 11:26:46.671  1041  1181 E PowerManagerServiceEx: interaction scene is null !
08-22 11:26:46.833  1041  1181 E PowerManagerServiceEx: interaction scene is null !
08-22 11:26:47.512  1041  2721 D ActivityManager: Skip enqueue broadcast because no receiver with Intent { act=android.intent.action.SIG_STR flg=0x10 (has extras) }
08-22 11:26:47.825  1041  1041 E ALSProbe: Max time exceeded for ALS logger - disabling: 189320690
08-22 11:26:47.825  1041  1041 V ALSProbe: Finishing next consumer
08-22 11:26:48.247  1041  1181 E PowerManagerServiceEx: interaction scene is null !
08-22 11:26:48.252  1041  1041 V ALSProbe: Disable ALS: 189320690
08-22 11:26:48.252  1041  1041 W BiometricFrameworkStatsLogger: found a negative latency : -1
08-22 11:26:48.253  1041  1041 W Looper  : Slow dispatch took 428ms main h=android.os.Handler c=com.android.server.biometrics.log.ALSProbe$$ExternalSyntheticLambda0@125f5a4 m=0
08-22 11:26:48.253  1041  1041 W Looper  : Slow delivery took 252ms main h=android.os.Handler c=com.android.internal.os.BinderCallsStats$1@cf97d72 m=0
08-22 11:26:48.253  1041  1041 W Looper  : Drained
08-22 11:26:48.346  1041  1181 E PowerManagerServiceEx: interaction scene is null !
08-22 11:26:48.448  1041  1181 E PowerManagerServiceEx: interaction scene is null !
08-22 11:26:48.548  1041  1181 E PowerManagerServiceEx: interaction scene is null !
08-22 11:26:48.648  1041  1181 E PowerManagerServiceEx: interaction scene is null !
08-22 11:26:48.749  1041  1181 E PowerManagerServiceEx: interaction scene is null !
08-22 11:26:48.855  1041  1181 E PowerManagerServiceEx: interaction scene is null !
08-22 11:26:49.000  1041  1181 E PowerManagerServiceEx: interaction scene is null !
08-22 11:26:50.168  1041  1181 E PowerManagerServiceEx: interaction scene is null !
08-22 11:26:50.268  1041  1181 E PowerManagerServiceEx: interaction scene is null !
08-22 11:26:50.309  1041  2721 D ActivityManager: Skip enqueue broadcast because no receiver with Intent { act=android.intent.action.SIG_STR flg=0x10 (has extras) }
08-22 11:26:50.369  1041  1181 E PowerManagerServiceEx: interaction scene is null !
08-22 11:26:50.469  1041  1181 E PowerManagerServiceEx: interaction scene is null !
08-22 11:26:50.570  1041  1181 E PowerManagerServiceEx: interaction scene is null !
08-22 11:26:51.311  1041  2721 D ActivityManager: Skip enqueue broadcast because no receiver with Intent { act=android.intent.action.SIG_STR flg=0x10 (has extras) }
08-22 11:26:51.754  1041  1181 E PowerManagerServiceEx: interaction scene is null !
08-22 11:26:51.854  1041  1181 E PowerManagerServiceEx: interaction scene is null !
08-22 11:26:51.955  1041  1181 E PowerManagerServiceEx: interaction scene is null !
08-22 11:26:52.055  1041  1181 E PowerManagerServiceEx: interaction scene is null !
08-22 11:26:52.162  1041  1181 E PowerManagerServiceEx: interaction scene is null !
08-22 11:26:52.314  1041  2721 D ActivityManager: Skip enqueue broadcast because no receiver with Intent { act=android.intent.action.SIG_STR flg=0x10 (has extras) }
08-22 11:26:52.837  1041  1181 E PowerManagerServiceEx: interaction scene is null !
08-22 11:26:52.938  1041  1181 E PowerManagerServiceEx: interaction scene is null !
08-22 11:26:53.044  1041  1181 E PowerManagerServiceEx: interaction scene is null !
08-22 11:26:53.316  1041  2721 D ActivityManager: Skip enqueue broadcast because no receiver with Intent { act=android.intent.action.SIG_STR flg=0x10 (has extras) }
08-22 11:26:54.134  1041  1092 D ActivityManager: PROFILE_FROM_SHELL is disabled for ProcessRecord{fab8928 0:com.soundcorset.client.android/u0a317}
08-22 11:26:54.134  1041  1092 D CompatibilityChangeReporter: Compat change id reported: 135634846; UID 10317; state: DISABLED
08-22 11:26:54.134  1041  1092 D CompatibilityChangeReporter: Compat change id reported: 177438394; UID 10317; state: DISABLED
08-22 11:26:54.134  1041  1092 D CompatibilityChangeReporter: Compat change id reported: 135772972; UID 10317; state: DISABLED
08-22 11:26:54.134  1041  1092 D CompatibilityChangeReporter: Compat change id reported: 135754954; UID 10317; state: ENABLED
08-22 11:26:54.136  1041  1093 D CompatibilityChangeReporter: Compat change id reported: 143937733; UID 10317; state: ENABLED
08-22 11:26:54.149  1041  1093 I ActivityManager: Start proc 2397:com.soundcorset.client.android/u0a317 for service {com.soundcorset.client.android/com.soundcorset.client.android.service.AudioRecordingService}
08-22 11:26:54.191  1041  1573 D CompatibilityChangeReporter: Compat change id reported: 168419799; UID 10317; state: DISABLED
08-22 11:26:54.191  1041  1573 D CompatibilityChangeReporter: Compat change id reported: 273564678; UID 10317; state: DISABLED
08-22 11:26:54.199  1041  1153 D CompatibilityChangeReporter: Compat change id reported: 265195908; UID 10317; state: ENABLED
08-22 11:26:54.204  1041  1573 D CompatibilityChangeReporter: Compat change id reported: 170503758; UID 10317; state: ENABLED
08-22 11:26:54.333  1041  1573 D CompatibilityChangeReporter: Compat change id reported: 161145287; UID 10317; state: ENABLED
08-22 11:26:54.365  1041  2721 D CompatibilityChangeReporter: Compat change id reported: 261072174; UID 10317; state: ENABLED
08-22 11:26:54.409  1041  2721 I ActivityManager: Flag disabled. Ignoring finishAttachApplication from uid: 10317. pid: 2397
08-22 11:26:54.423  1041  2721 I MediaSessionStack: addSession to bottom of stack | record: com.soundcorset.client.android/PracticeTrackingMediaSession (userId=0)
08-22 11:26:54.517  1041  2732 D ActivityManager: sync unfroze 30045 com.google.android.gms for 6
08-22 11:26:55.319  1041  2732 D ActivityManager: Skip enqueue broadcast because no receiver with Intent { act=android.intent.action.SIG_STR flg=0x10 (has extras) }
08-22 11:26:56.323  1041  2732 D ActivityManager: Skip enqueue broadcast because no receiver with Intent { act=android.intent.action.SIG_STR flg=0x10 (has extras) }
08-22 11:26:57.325  1041  2732 D ActivityManager: Skip enqueue broadcast because no receiver with Intent { act=android.intent.action.SIG_STR flg=0x10 (has extras) }
08-22 11:26:58.327  1041  2732 D ActivityManager: Skip enqueue broadcast because no receiver with Intent { act=android.intent.action.SIG_STR flg=0x10 (has extras) }
08-22 11:26:58.402  1041  1181 E PowerManagerServiceEx: interaction scene is null !
08-22 11:26:58.502  1041  1181 E PowerManagerServiceEx: interaction scene is null !
08-22 11:26:58.602  1041  1181 E PowerManagerServiceEx: interaction scene is null !
08-22 11:26:58.708  1041  1181 E PowerManagerServiceEx: interaction scene is null !
08-22 11:26:58.876  1041  1181 E PowerManagerServiceEx: interaction scene is null !
08-22 11:26:59.329  1041  2732 D ActivityManager: Skip enqueue broadcast because no receiver with Intent { act=android.intent.action.SIG_STR flg=0x10 (has extras) }
08-22 11:26:59.664  1041  1181 E PowerManagerServiceEx: interaction scene is null !
08-22 11:26:59.763  1041  1181 E PowerManagerServiceEx: interaction scene is null !
08-22 11:26:59.864  1041  1181 E PowerManagerServiceEx: interaction scene is null !
08-22 11:27:00.000  1041  1171 D AlarmManager: waitForAlarm result:8currentTime=1755872820000, elapsedRealtime=430841838
08-22 11:27:00.000  1041  1171 V AlarmManager: Received TIME_TICK alarm; rescheduling
08-22 11:27:00.001  1041  1171 V AlarmManager: set(null) : type=3 listener=com.android.server.alarm.AlarmManagerService$3@2a63f7d listenerTag=TIME_TICK workSource=null callingPackage=android callingUid=1000 triggerAtTime=430901837 win=0 tElapsed=430901837 maxElapsed=430901837 interval=0 flags=0x9
08-22 11:27:00.001  1041  1041 V BroadcastQueue: Enqueuing BroadcastRecord{f2dbd82 android.intent.action.TIME_TICK/u-1} from uid 1000 pid 1041 for 3 receivers
08-22 11:27:00.004  1041  1171 D AlarmManager: sending alarm.type = 3, action = null, alarm = Alarm{ac37c93 type 3 origWhen 430841838 whenElapsed 430841838 android}, cn = null, operation = null, listener=com.android.server.alarm.AlarmManagerService$3@2a63f7d, listenerTag=TIME_TICK, workSource=null
08-22 11:27:00.094  1041  1181 E PowerManagerServiceEx: interaction scene is null !
08-22 11:27:00.306  1041  1181 E PowerManagerServiceEx: interaction scene is null !
08-22 11:27:00.332  1041  2732 D ActivityManager: Skip enqueue broadcast because no receiver with Intent { act=android.intent.action.SIG_STR flg=0x10 (has extras) }
08-22 11:27:01.038  1041  1181 E PowerManagerServiceEx: interaction scene is null !
08-22 11:27:01.138  1041  1181 E PowerManagerServiceEx: interaction scene is null !
08-22 11:27:01.334  1041  2732 D ActivityManager: Skip enqueue broadcast because no receiver with Intent { act=android.intent.action.SIG_STR flg=0x10 (has extras) }
08-22 11:27:01.490  1041  1181 E PowerManagerServiceEx: interaction scene is null !
08-22 11:27:02.337  1041  2732 D ActivityManager: Skip enqueue broadcast because no receiver with Intent { act=android.intent.action.SIG_STR flg=0x10 (has extras) }
08-22 11:27:02.546  1041  1181 E PowerManagerServiceEx: interaction scene is null !
08-22 11:27:02.646  1041  1181 E PowerManagerServiceEx: interaction scene is null !
08-22 11:27:03.021  1041  1181 E PowerManagerServiceEx: interaction scene is null !
08-22 11:27:03.339  1041  2732 D ActivityManager: Skip enqueue broadcast because no receiver with Intent { act=android.intent.action.SIG_STR flg=0x10 (has extras) }
08-22 11:27:03.482  1041  1092 W ActivityManager: Stopping service due to app idle: u0a266 -13m6s459ms org.telegram.messenger/.NotificationsService
08-22 11:27:03.484  1041  2732 V BroadcastQueue: Enqueuing BroadcastRecord{1bbeb0b org.telegram.start/u0} from uid 10266 pid 32563 for 1 receivers
08-22 11:27:03.489  1041  1153 D CompatibilityChangeReporter: Compat change id reported: 265195908; UID 10266; state: ENABLED
08-22 11:27:04.342  1041  2732 D ActivityManager: Skip enqueue broadcast because no receiver with Intent { act=android.intent.action.SIG_STR flg=0x10 (has extras) }
08-22 11:27:04.857  1041  2732 W ContextImpl: Calling a method in the system process without a qualified user: android.app.ContextImpl.sendBroadcastMultiplePermissions:1270 android.content.Context.sendBroadcastMultiplePermissions:2478 com.android.server.TelephonyRegistry.broadcastServiceStateChanged:3581 com.android.server.TelephonyRegistry.notifyServiceStateForPhoneId:1728 com.android.internal.telephony.ITelephonyRegistry$Stub.onTransact:534 
08-22 11:27:04.858  1041  2732 D ActivityManager: Skip enqueue broadcast because no receiver with Intent { act=android.intent.action.SERVICE_STATE flg=0x1000010 pkg=com.android.phone (has extras) }
08-22 11:27:04.859  1041  2732 W ContextImpl: Calling a method in the system process without a qualified user: android.app.ContextImpl.sendBroadcastMultiplePermissions:1303 com.android.server.TelephonyRegistry.broadcastServiceStateChanged:3585 com.android.server.TelephonyRegistry.notifyServiceStateForPhoneId:1728 com.android.internal.telephony.ITelephonyRegistry$Stub.onTransact:534 android.os.Binder.execTransactInternal:1344 
08-22 11:27:04.859  1041  2732 D ActivityManager: Skip enqueue broadcast because no receiver with Intent { act=android.intent.action.SERVICE_STATE flg=0x1000010 pkg=com.android.phone (has extras) }
08-22 11:27:04.860  1041  2732 W ContextImpl: Calling a method in the system process without a qualified user: android.app.ContextImpl.sendBroadcastMultiplePermissions:1303 com.android.server.TelephonyRegistry.broadcastServiceStateChanged:3594 com.android.server.TelephonyRegistry.notifyServiceStateForPhoneId:1728 com.android.internal.telephony.ITelephonyRegistry$Stub.onTransact:534 android.os.Binder.execTransactInternal:1344 
08-22 11:27:04.861  1041  2732 V BroadcastQueue: Enqueuing BroadcastRecord{84a1c01 android.intent.action.SERVICE_STATE/u-1} from uid 1000 pid 1041 for 2 receivers
08-22 11:27:04.861  1041  2732 W ContextImpl: Calling a method in the system process without a qualified user: android.app.ContextImpl.sendBroadcastMultiplePermissions:1303 com.android.server.TelephonyRegistry.broadcastServiceStateChanged:3600 com.android.server.TelephonyRegistry.notifyServiceStateForPhoneId:1728 com.android.internal.telephony.ITelephonyRegistry$Stub.onTransact:534 android.os.Binder.execTransactInternal:1344 
08-22 11:27:04.862  1041  2732 V BroadcastQueue: Enqueuing BroadcastRecord{5dc6aa6 android.intent.action.SERVICE_STATE/u-1} from uid 1000 pid 1041 for 2 receivers
08-22 11:27:04.864  1041  1092 D ActivityManager: sync unfroze 31750 com.google.android.cellbroadcastreceiver for 3
08-22 11:27:05.344  1041  2732 D ActivityManager: Skip enqueue broadcast because no receiver with Intent { act=android.intent.action.SIG_STR flg=0x10 (has extras) }
08-22 11:27:06.346  1041  1573 D ActivityManager: Skip enqueue broadcast because no receiver with Intent { act=android.intent.action.SIG_STR flg=0x10 (has extras) }
08-22 11:27:08.349  1041  1573 D ActivityManager: Skip enqueue broadcast because no receiver with Intent { act=android.intent.action.SIG_STR flg=0x10 (has extras) }
08-22 11:27:08.793  1041  1171 D AlarmManager: waitForAlarm result:8currentTime=1755872828793, elapsedRealtime=430850631
08-22 11:27:08.796  1041  1171 D AlarmManager: sending alarm.type = 3, action = null, alarm = Alarm{d3b773d type 3 origWhen 430819597 whenElapsed 430819597 android}, cn = null, operation = null, listener=android.app.AlarmManager$ListenerWrapper@5a94dc0, listenerTag=*job.delay*, workSource=WorkSource{1000 android}
08-22 11:27:08.796  1041  1171 D AlarmManager: sending alarm.type = 3, action = null, alarm = Alarm{6d48b32 type 3 origWhen 430820631 whenElapsed 430820631 android}, cn = null, operation = null, listener=android.app.AlarmManager$ListenerWrapper@247e5a0, listenerTag=*job.quota_check*, workSource=null
08-22 11:27:08.797  1041  1041 V AlarmManager: set(null) : type=3 listener=android.app.AlarmManager$ListenerWrapper@5a94dc0 listenerTag=*job.delay* workSource=WorkSource{10267 com.microsoft.office.outlook} callingPackage=android callingUid=1000 triggerAtTime=430880631 win=22498 tElapsed=430880631 maxElapsed=430903129 interval=0 flags=0x0
08-22 11:27:08.820  1041  1153 V AlarmManager: set(null) : type=3 listener=android.app.AlarmManager$ListenerWrapper@247e5a0 listenerTag=*job.quota_check* workSource=null callingPackage=android callingUid=1000 triggerAtTime=444043965 win=30000 tElapsed=444043965 maxElapsed=444073965 interval=0 flags=0x8
08-22 11:27:08.827  1041  1153 D ActivityManager: PROFILE_FROM_SHELL is disabled for ProcessRecord{6224e2 0:com.whatsapp/u0a269}
08-22 11:27:08.827  1041  1153 D CompatibilityChangeReporter: Compat change id reported: 135634846; UID 10269; state: DISABLED
08-22 11:27:08.828  1041  1153 D CompatibilityChangeReporter: Compat change id reported: 177438394; UID 10269; state: DISABLED
08-22 11:27:08.828  1041  1153 D CompatibilityChangeReporter: Compat change id reported: 135772972; UID 10269; state: DISABLED
08-22 11:27:08.828  1041  1153 D CompatibilityChangeReporter: Compat change id reported: 135754954; UID 10269; state: ENABLED
08-22 11:27:08.828  1041  1093 D CompatibilityChangeReporter: Compat change id reported: 143937733; UID 10269; state: ENABLED
08-22 11:27:08.835  1041  1153 D CompatibilityChangeReporter: Compat change id reported: 271850009; UID 10269; state: ENABLED
08-22 11:27:08.841  1041  1093 I ActivityManager: Start proc 2487:com.whatsapp/u0a269 for service {com.whatsapp/com.whatsapp.crash.upload.ExceptionsUploadService}
08-22 11:27:08.878  1041  1573 D CompatibilityChangeReporter: Compat change id reported: 168419799; UID 10269; state: DISABLED
08-22 11:27:08.878  1041  1573 D CompatibilityChangeReporter: Compat change id reported: 273564678; UID 10269; state: DISABLED
08-22 11:27:08.885  1041  1153 D CompatibilityChangeReporter: Compat change id reported: 265195908; UID 10269; state: ENABLED
08-22 11:27:08.889  1041  1573 D CompatibilityChangeReporter: Compat change id reported: 170503758; UID 10269; state: ENABLED
08-22 11:27:09.352  1041  1573 D ActivityManager: Skip enqueue broadcast because no receiver with Intent { act=android.intent.action.SIG_STR flg=0x10 (has extras) }
08-22 11:27:09.450  1041  1573 I ActivityManager: Flag disabled. Ignoring finishAttachApplication from uid: 10269. pid: 2487
08-22 11:27:09.504  1041  1573 D CompatibilityChangeReporter: Compat change id reported: 161145287; UID 10269; state: ENABLED
08-22 11:27:09.505  1041  1573 V BroadcastQueue: Enqueuing BroadcastRecord{6d09724 android.net.conn.CONNECTIVITY_CHANGE/u-1} from uid -1 pid -1 for 1 receivers
08-22 11:27:09.519  1041  1573 D CompatibilityChangeReporter: Compat change id reported: 171306433; UID 10269; state: ENABLED
08-22 11:27:09.519  1041  1573 D CompatibilityChangeReporter: Compat change id reported: 226439802; UID 10269; state: ENABLED
08-22 11:27:09.520  1041  1573 D CompatibilityChangeReporter: Compat change id reported: 218533173; UID 10269; state: ENABLED
08-22 11:27:09.522  1041  2721 V AlarmManager: set(PendingIntent{8120190: PendingIntentRecord{dc6a809 com.whatsapp broadcastIntent}}) : type=2 listener=null listenerTag=null workSource=null callingPackage=com.whatsapp callingUid=10269 triggerAtTime=515440275 win=3600000 tElapsed=515440275 maxElapsed=519040275 interval=0 flags=0x20
08-22 11:27:09.532  1041  1573 V AlarmManager: set(PendingIntent{184ba89: PendingIntentRecord{35c29b3 com.whatsapp broadcastIntent}}) : type=2 listener=null listenerTag=null workSource=null callingPackage=com.whatsapp callingUid=10269 triggerAtTime=965624722 win=3600000 tElapsed=965624722 maxElapsed=969224722 interval=0 flags=0x20
08-22 11:27:09.532  1041  2721 D CompatibilityChangeReporter: Compat change id reported: 253665015; UID 10269; state: ENABLED
08-22 11:27:09.532  1041  2721 D CompatibilityChangeReporter: Compat change id reported: 194532703; UID 10269; state: ENABLED
08-22 11:27:09.544  1041  1572 V BroadcastQueue: Enqueuing BroadcastRecord{1c72a8 android.intent.action.BATTERY_CHANGED/u-1} from uid -1 pid -1 for 1 receivers
08-22 11:27:09.545  1041  1572 V AlarmManager: set(PendingIntent{cfc31c1: PendingIntentRecord{8e2e3b8 com.whatsapp broadcastIntent}}) : type=3 listener=null listenerTag=null workSource=null callingPackage=com.whatsapp callingUid=10269 triggerAtTime=474051382 win=32400000 tElapsed=474051382 maxElapsed=506451382 interval=43200000 flags=0x0
08-22 11:27:09.557  1041  1573 W JobScheduler: Job didn't exist in JobStore: 1404a16 {androidx.work.systemjobscheduler} #u0a269/67967 @androidx.work.systemjobscheduler@com.whatsapp/androidx.work.impl.background.systemjob.SystemJobService
08-22 11:27:09.569  1041  1143 W JobScheduler: Job didn't exist in JobStore: 581f769 {androidx.work.systemjobscheduler} #u0a269/67968 @androidx.work.systemjobscheduler@com.whatsapp/androidx.work.impl.background.systemjob.SystemJobService
08-22 11:27:09.582  1041  1572 W JobScheduler: Job didn't exist in JobStore: 37c657f {androidx.work.systemjobscheduler} #u0a269/67973 @androidx.work.systemjobscheduler@com.whatsapp/androidx.work.impl.background.systemjob.SystemJobService
08-22 11:27:09.612  1041  1572 V AlarmManager: set(PendingIntent{2d1952: PendingIntentRecord{c2e2787 com.whatsapp broadcastIntent}}) : type=0 listener=null listenerTag=null workSource=null callingPackage=com.whatsapp callingUid=10269 triggerAtTime=1755918053000 win=3600000 tElapsed=476074838 maxElapsed=479674838 interval=0 flags=0x20
08-22 11:27:09.620  1041  1572 V AlarmManager: set(PendingIntent{cdf789e: PendingIntentRecord{670a4e4 com.whatsapp broadcastIntent}}) : type=0 listener=null listenerTag=null workSource=null callingPackage=com.whatsapp callingUid=10269 triggerAtTime=1755925247000 win=3600000 tElapsed=483268837 maxElapsed=486868837 interval=0 flags=0x20
08-22 11:27:09.640  1041  1153 V AlarmManager: set(null) : type=3 listener=android.app.AlarmManager$ListenerWrapper@247e5a0 listenerTag=*job.quota_check* workSource=null callingPackage=android callingUid=1000 triggerAtTime=430891554 win=30000 tElapsed=430891554 maxElapsed=430921554 interval=0 flags=0x8
08-22 11:27:09.942  1041  1572 W Telecom : : registerPhoneAccount - attempt to set a group from a non-system caller.: TSI.rPA(cw)@Sp4
08-22 11:27:09.944  1041  1572 I Telecom : : registerPhoneAccount: account=[[ ] PhoneAccount: ComponentInfo{com.whatsapp/com.whatsapp.calling.telecom.SelfManagedConnectionService}, ***, UserHandle{0} Capabilities: SelfManaged SuppVideo Video  Audio Routes: BESW Schemes: tel  Extras: Bundle[{android.telecom.extra.LOG_SELF_MANAGED_CALLS=false}] GroupId: ***]: TSI.rPA(cw)@Sp4
08-22 11:27:09.944  1041  1572 I Telecom : PhoneAccountRegistrar: Modify account: [ComponentInfo{com.whatsapp/com.whatsapp.calling.telecom.SelfManagedConnectionService}, ***, UserHandle{0}]: TSI.rPA(cw)@Sp4
08-22 11:27:09.954  1041  1572 I Telecom : AppLabelProxy: package com.whatsapp: name is WhatsApp: TSI.rPA(cw)@Sp4
08-22 11:27:09.957  1041  1572 I Telecom : CallsManager: handlePhoneAccountChanged: phoneAccount=[[X] PhoneAccount: ComponentInfo{com.whatsapp/com.whatsapp.calling.telecom.SelfManagedConnectionService}, ***, UserHandle{0} Capabilities: SelfManaged SuppVideo Video  Audio Routes: BESW Schemes: tel  Extras: Bundle[{android.telecom.extra.LOG_SELF_MANAGED_CALLS=false}] GroupId: ***]: TSI.rPA(cw)@Sp4
08-22 11:27:10.007  1041  1143 W ActivityManager: Background start not allowed: service Intent { act=com.whatsapp.messaging.MessageService.START cmp=com.whatsapp/.messaging.MessageService } to com.whatsapp/.messaging.MessageService from pid=2487 uid=10269 pkg=com.whatsapp startFg?=false
08-22 11:27:10.008  1041  1572 V AlarmManager: set(PendingIntent{cd8685a: PendingIntentRecord{78c0a8b com.whatsapp broadcastIntent}}) : type=3 listener=null listenerTag=null workSource=null callingPackage=com.whatsapp callingUid=10269 triggerAtTime=430866846 win=11250 tElapsed=430866846 maxElapsed=430878096 interval=0 flags=0x0
08-22 11:27:10.009  1041  2732 V AlarmManager: set(PendingIntent{4590768: PendingIntentRecord{ac5964f com.whatsapp broadcastIntent}}) : type=2 listener=null listenerTag=null workSource=null callingPackage=com.whatsapp callingUid=10269 triggerAtTime=431451844 win=449998 tElapsed=431451844 maxElapsed=431901842 interval=0 flags=0x20
08-22 11:27:10.152  1041  1143 D CompatibilityChangeReporter: Compat change id reported: 157233955; UID 10269; state: ENABLED
08-22 11:27:10.354  1041  2732 D ActivityManager: Skip enqueue broadcast because no receiver with Intent { act=android.intent.action.SIG_STR flg=0x10 (has extras) }
08-22 11:27:10.497  2487  2619 I ActivityThread: Removing dead content provider:android.content.ContentProviderProxy@da22dbb
08-22 11:27:10.497  2487  2619 I ActivityThread: Removing dead content provider:android.content.ContentProviderProxy@da22dbb
08-22 11:27:10.498  1041  2732 I ActivityManager: Process android.process.acore (pid 29066) early provider death
08-22 11:27:10.498  1041  2732 I ActivityManager: Process android.process.acore (pid 29066) has died: cch+35 CEM 
08-22 11:27:10.503  1041  1082 D DisplayManagerService: Drop pending events for gone uid 10066
08-22 11:27:10.503  1041  2732 W ProcessStats: Tracking association SourceState{1773dde com.android.phone/1001 Persist #319720} whose proc state 0 is better than process ProcessState{9493131 com.spreadtrum.ims/1001 pkg=com.spreadtrum.ims} proc state 5 (49 skipped)
08-22 11:27:10.505  1041  1572 W ActivityManager: ProcessRecord{3e4bd6a 0:android.process.acore/u0a66} is attached to a previous process 29066
08-22 11:27:10.506  1041  1572 D ActivityManager: PROFILE_FROM_SHELL is disabled for ProcessRecord{58f6ed6 0:android.process.acore/u0a66}
08-22 11:27:10.506  1041  1572 D CompatibilityChangeReporter: Compat change id reported: 135634846; UID 10066; state: DISABLED
08-22 11:27:10.506  1041  1572 D CompatibilityChangeReporter: Compat change id reported: 177438394; UID 10066; state: DISABLED
08-22 11:27:10.506  1041  1572 D CompatibilityChangeReporter: Compat change id reported: 135772972; UID 10066; state: DISABLED
08-22 11:27:10.507  1041  1572 D CompatibilityChangeReporter: Compat change id reported: 135754954; UID 10066; state: ENABLED
08-22 11:27:10.543  1041  2732 V ActivityManager: Got obituary of 29066:android.process.acore
08-22 11:27:10.543  1041  1093 D CompatibilityChangeReporter: Compat change id reported: 143937733; UID 10066; state: ENABLED
08-22 11:27:10.557  1041  1093 W ActivityManager: Slow operation: 51ms so far, now at startProcess: returned from zygote!
08-22 11:27:10.557  1041  1093 W ActivityManager: Slow operation: 52ms so far, now at startProcess: done updating battery stats
08-22 11:27:10.557  1041  1093 W ActivityManager: Slow operation: 52ms so far, now at startProcess: building log message
08-22 11:27:10.557  1041  1093 I ActivityManager: Start proc 2623:android.process.acore/u0a66 for content provider {com.android.providers.contacts/com.android.providers.contacts.ContactsProvider2}
08-22 11:27:10.558  1041  1093 W ActivityManager: Slow operation: 52ms so far, now at startProcess: starting to update pids map
08-22 11:27:10.558  1041  1093 W ActivityManager: Slow operation: 52ms so far, now at startProcess: done updating pids map
08-22 11:27:10.596  1041  2730 D CompatibilityChangeReporter: Compat change id reported: 168419799; UID 10066; state: DISABLED
08-22 11:27:10.596  1041  2730 D CompatibilityChangeReporter: Compat change id reported: 273564678; UID 10066; state: DISABLED
08-22 11:27:10.601  1041  1153 D CompatibilityChangeReporter: Compat change id reported: 265195908; UID 10066; state: ENABLED
08-22 11:27:10.607  1041  2730 D CompatibilityChangeReporter: Compat change id reported: 170503758; UID 10066; state: ENABLED
