08-22 11:25:30.871  1041  1082 I PowerGroup: Powering off display group due to power_button (groupId= 0, uid= 1000, millisSinceLastUserActivity=-218, lastUserActivityEvent=button)...
08-22 11:25:30.871  1041  1082 I PowerManagerService: Going to sleep due to power_button (uid 1000, screenOffTimeout=60000, activityTimeoutWM=-1, maxDimRatio=0.20000005, maxDimDur=7000)...
08-22 11:25:30.873  1041  1082 W Looper  : Slow delivery took 1146ms android.ui h=com.android.server.policy.SingleKeyGestureDetector$KeyHandler c=null m=2
08-22 11:25:30.873  1041  1110 V DisplayPowerController2[0]: Brightness [0.1916697] reason changing to: 'automatic', previous reason: 'screen_off'.
08-22 11:25:30.874  1041  1110 I DisplayPowerController2[0]: BrightnessEvent: disp=0, physDisp=local:4619827259835644672, brt=0.1916697, initBrt=0.0, rcmdBrt=0.1916697, preBrt=NaN, lux=0.0, preLux=0.0, hbmMax=1.0, hbmMode=off, rbcStrength=50, thrmMax=1.0, powerFactor=0.7, wasShortTermModelActive=true, flags=, reason=automatic, autoBrightness=true, strategy=InvalidBrightnessStrategy
08-22 11:25:30.874  1041  1110 I DisplayPowerController2[0]: Unblocked screen on after 2282 ms
08-22 11:25:30.877  1041  1573 D ActivityManager: sync unfroze 29066 android.process.acore for 7
08-22 11:25:30.888  1041  1110 D ActivityTaskManager: Top Process State changed to PROCESS_STATE_TOP_SLEEPING
08-22 11:25:30.897  1041  1084 I DisplayDeviceRepository: Display device changed state: "Tela integrada", ON
08-22 11:25:30.903  1321  1358 V WindowManagerShell: Transition requested: android.os.BinderProxy@5f61acc TransitionRequestInfo { type = SLEEP, triggerTask = null, remoteTransition = null, displayChange = null }
08-22 11:25:30.903  1041  1081 V WindowManager: Sent Transition #2899 createdAt=08-22 11:25:30.902 via request=TransitionRequestInfo { type = SLEEP, triggerTask = null, remoteTransition = null, displayChange = null }
08-22 11:25:30.903  1041  1081 V WindowManager:     startWCT=null
08-22 11:25:30.903  1041  1081 V WindowManager:     info={id=2899 t=SLEEP f=0x0 trk=0 r=[] c=[]}
08-22 11:25:30.903  1041  2735 W Transition: Transition already started id=2899 state=2
08-22 11:25:30.904  1321  1358 V WindowManagerShell: onTransitionReady android.os.BinderProxy@5f61acc: {id=2899 t=SLEEP f=0x0 trk=0 r=[] c=[]}
08-22 11:25:30.904  1321  1358 V WindowManagerShell: No transition roots in (#2899)android.os.BinderProxy@5f61acc@0 so abort
08-22 11:25:30.904  1321  1358 V WindowManagerShell: Transition animation finished (aborted=true), notifying core (#2899)android.os.BinderProxy@5f61acc@0
08-22 11:25:30.906  1041  1085 I DisplayDevice: [0] Layerstack set to 0 for local:4619827259835644672
08-22 11:25:30.908  1041  2216 D CoreBackPreview: Window{12d4ae u0 org.telegram.messenger/org.telegram.ui.LaunchActivity}, [type=1]-[Surface(name=*Title#34953)/@0x2c94619, shown=false, alpha=0.0, windowType=1]: Setting back callback OnBackInvokedCallbackInfo{mCallback=android.window.IOnBackInvokedCallback$Stub$Proxy@a5a4e97, mPriority=0, mIsAnimationCallback=false}
08-22 11:25:30.909  1041  1081 V WindowManager: Finish Transition #2899: created at 08-22 11:25:30.902 collect-started=0.028ms request-sent=0.08ms started=0.341ms ready=0.337ms sent=0.538ms finished=6.595ms
08-22 11:25:30.910  1321  1358 V WindowManagerShell: Track 0 became idle
08-22 11:25:30.910  1321  1358 V WindowManagerShell: All active transition animations finished
08-22 11:25:30.910  1041  1110 I DisplayBrightnessStrategySelector: Changing the DisplayBrightnessStrategy from InvalidBrightnessStrategy toScreenOffBrightnessStrategy for display 0
08-22 11:25:30.915  1041  1041 V BroadcastQueue: Enqueuing BroadcastRecord{c2fa884 android.intent.action.BATTERY_CHANGED/u-1} from uid 1000 pid 1041 for 21 receivers
08-22 11:25:30.917  1041  2732 D BiometricUtils: isEncrypted: false isLockdown: false
08-22 11:25:30.918  1041  2730 I WindowManager: Input focus has changed to null from 12d4ae org.telegram.messenger/org.telegram.ui.LaunchActivity mDisplayId 0 updateInputWindows false
08-22 11:25:30.926  1041  1041 D UaBiometricScheduler/FingerprintProvider/default/5: [Added] {[398] com.android.server.biometrics.sensors.fingerprint.aidl.FingerprintAuthenticationClient, proto=3, owner=com.android.systemui, cookie=0, requestId=194, userId=0}, new queue size: 1
08-22 11:25:30.926  1041  1041 D UaBiometricScheduler/FingerprintProvider/default/5: [Polled] {[398] com.android.server.biometrics.sensors.fingerprint.aidl.FingerprintAuthenticationClient, proto=3, owner=com.android.systemui, cookie=0, requestId=194, userId=0}, State: 0
08-22 11:25:30.926  1041  1041 D GestureAvailabilityTracker: Notifying gesture availability, active=false
08-22 11:25:30.926  1041  1041 D UaBiometricScheduler/FingerprintProvider/default/5: [Started] {[398] com.android.server.biometrics.sensors.fingerprint.aidl.FingerprintAuthenticationClient, proto=3, owner=com.android.systemui, cookie=0, requestId=194, userId=0}
08-22 11:25:30.926  1041  1041 D BiometricStateCallback: State updated from 0 to 2, client {[398] com.android.server.biometrics.sensors.fingerprint.aidl.FingerprintAuthenticationClient, proto=3, owner=com.android.systemui, cookie=0, requestId=194, userId=0}
08-22 11:25:30.927  1041  1041 D Biometrics/AuthenticationClient: Requesting auth for com.android.systemui
08-22 11:25:30.928  1041  1041 V BiometricSchedulerOperation: started: {[398] com.android.server.biometrics.sensors.fingerprint.aidl.FingerprintAuthenticationClient, proto=3, owner=com.android.systemui, cookie=0, requestId=194, userId=0}, State: 2
08-22 11:25:30.944  1041  1041 D UnisocSensorImpl: onAcquiredtoWakeupScreen
08-22 11:25:30.944  1041  1041 D UnisocSensorImpl: onAcquiredtoWakeupScreen: ,vendorCode 1,mWakeupEarly true
08-22 11:25:30.944  1041  1041 V Biometrics/AcquisitionClient: Acquired: 6 1, shouldSend: true
08-22 11:25:31.303  1041  1082 W Looper  : Drained
08-22 11:25:31.303  1041  1082 W Looper  : Slow dispatch took 429ms android.ui h=com.android.server.am.ActivityManagerService$UiHandler c=com.android.server.am.UidObserverController$$ExternalSyntheticLambda0@5b36cf8 m=0
08-22 11:25:31.307  1041  1082 W Looper  : Slow delivery took 412ms android.ui h=com.android.server.am.ActivityManagerService$UiHandler c=com.android.server.am.UidObserverController$$ExternalSyntheticLambda0@5b36cf8 m=0
08-22 11:25:31.594  1041  1041 D UnisocSensorImpl: onAcquiredtoWakeupScreen
08-22 11:25:31.595  1041  1041 D UnisocSensorImpl: onAcquiredtoWakeupScreen: ,vendorCode 102,mWakeupEarly true
08-22 11:25:31.596  1041  1041 V Biometrics/AcquisitionClient: Acquired: 6 102, shouldSend: true
08-22 11:25:31.597  1321  1321 W FingerprintManager: Invalid acquired message: 6, 102
08-22 11:25:31.674  1041  1041 D UnisocSensorImpl: onAuthenticatedSuccesstoUnscreenBolock
08-22 11:25:31.675  1041  1041 V BiometricLogger: Authentication latency: -1
08-22 11:25:31.899  1041  1165 D ActivityManager: freezing 31768 com.google.android.apps.turbo
08-22 11:25:32.158  1041  1041 V ALSProbe: Enable ALS: 204398830
08-22 11:25:32.158  1041  1041 V Biometrics/AuthenticationClient: onAuthenticated(true), ID:-2024797533, Owner: com.android.systemui, isBP: false, listener: com.android.server.biometrics.sensors.ClientMonitorCallbackConverter@e92798f, requireConfirmation: false, user: 0, clientMonitor: {[398] com.android.server.biometrics.sensors.fingerprint.aidl.FingerprintAuthenticationClient, proto=3, owner=com.android.systemui, cookie=0, requestId=194, userId=0}
08-22 11:25:32.158  1041  1041 W Biometrics/AuthenticationClient: Allowing background authentication, this is allowed only for platform or test invocations
08-22 11:25:32.158  1041  1041 D BaseClientMonitor: marking operation as done: {[398] com.android.server.biometrics.sensors.fingerprint.aidl.FingerprintAuthenticationClient, proto=3, owner=com.android.systemui, cookie=0, requestId=194, userId=0}
08-22 11:25:32.159  1041  1041 D BiometricService: resetLockout from: 5, for: 4, userId: 0
08-22 11:25:32.161  1041  1041 D Biometrics/AuthenticationClient: Error adding auth token : 0
08-22 11:25:32.162  1041  1041 D BiometricStateCallback: Client finished, state updated to 0, client {[398] com.android.server.biometrics.sensors.fingerprint.aidl.FingerprintAuthenticationClient, proto=3, owner=com.android.systemui, cookie=0, requestId=194, userId=0}
08-22 11:25:32.162  1041  1041 D BiometricSchedulerOperation: [Finished / destroy]: {[398] com.android.server.biometrics.sensors.fingerprint.aidl.FingerprintAuthenticationClient, proto=3, owner=com.android.systemui, cookie=0, requestId=194, userId=0}
08-22 11:25:32.163  1041  1041 W Looper  : Slow dispatch took 489ms main h=android.os.Handler c=com.android.server.biometrics.sensors.fingerprint.aidl.Sensor$HalSessionCallback$$ExternalSyntheticLambda10@901841c m=0
08-22 11:25:32.163  1041  1110 V DisplayPowerController2[0]: Brightness [0.0] reason changing to: 'screen_off', previous reason: 'automatic'.
08-22 11:25:32.163  1041  1110 I DisplayPowerController2[0]: BrightnessEvent: disp=0, physDisp=local:4619827259835644672, brt=0.0, initBrt=0.1916697, rcmdBrt=NaN, preBrt=NaN, lux=0.0, preLux=0.0, hbmMax=1.0, hbmMode=off, rbcStrength=50, thrmMax=1.0, powerFactor=0.7, wasShortTermModelActive=true, flags=, reason=screen_off, autoBrightness=true, strategy=ScreenOffBrightnessStrategy
08-22 11:25:32.163  1041  1041 W Looper  : Slow delivery took 268ms main h=com.android.server.alarm.AlarmManagerService$AlarmHandler c=null m=15
08-22 11:25:32.164  1041  1041 D UnisocSensorImpl: onAcquiredtoWakeupScreen
08-22 11:25:32.164  1041  1041 D UnisocSensorImpl: onAcquiredtoWakeupScreen: ,vendorCode 3,mWakeupEarly true
08-22 11:25:32.164  1041  1084 I DisplayDeviceRepository: Display device changed state: "Tela integrada", ON
08-22 11:25:32.164  1041  1041 V Biometrics/AcquisitionClient: Acquired: 6 3, shouldSend: true
08-22 11:25:32.165  1041  1041 D UaBiometricScheduler/FaceProvider/default/4: [Added] {[399] com.android.server.biometrics.sensors.face.aidl.FaceResetLockoutClient, proto=12, owner=android, cookie=0, requestId=-1, userId=0}, new queue size: 1
08-22 11:25:32.166  1041  1041 D UaBiometricScheduler/FaceProvider/default/4: [Polled] {[399] com.android.server.biometrics.sensors.face.aidl.FaceResetLockoutClient, proto=12, owner=android, cookie=0, requestId=-1, userId=0}, State: 0
08-22 11:25:32.166  1041  1041 D UaBiometricScheduler/FaceProvider/default/4: [Started] {[399] com.android.server.biometrics.sensors.face.aidl.FaceResetLockoutClient, proto=12, owner=android, cookie=0, requestId=-1, userId=0}
08-22 11:25:32.167  1041  1041 V BiometricSchedulerOperation: started: {[399] com.android.server.biometrics.sensors.face.aidl.FaceResetLockoutClient, proto=12, owner=android, cookie=0, requestId=-1, userId=0}, State: 2
08-22 11:25:32.167  1041  1041 W Looper  : Drained
08-22 11:25:32.167  1041  1041 D UaBiometricScheduler/FingerprintProvider/default/5: [Finishing] {[398] com.android.server.biometrics.sensors.fingerprint.aidl.FingerprintAuthenticationClient, proto=3, owner=com.android.systemui, cookie=0, requestId=194, userId=0}, success: true
08-22 11:25:32.167  1041  1041 D GestureAvailabilityTracker: Notifying gesture availability, active=true
08-22 11:25:32.167  1041  1041 D UaBiometricScheduler/FingerprintProvider/default/5: No operations, returning to idle
08-22 11:25:32.171  1041  1082 W Looper  : Drained
08-22 11:25:32.175  1041  1085 I DisplayDevice: [0] Layerstack set to -1 for local:4619827259835644672
08-22 11:25:32.177  1041  1084 I DisplayDeviceRepository: Display device changed state: "Tela integrada", OFF
08-22 11:25:32.208  1041  1041 D FaceProvider/default/4: onLockoutCleared after resetLockout
08-22 11:25:32.209  1041  1041 D LockoutCache: Lockout for user: 0 is 0
08-22 11:25:32.214  1041  1041 D BiometricSchedulerOperation: [Finished / destroy]: {[399] com.android.server.biometrics.sensors.face.aidl.FaceResetLockoutClient, proto=12, owner=android, cookie=0, requestId=-1, userId=0}
08-22 11:25:32.215  1041  1041 D UaBiometricScheduler/FaceProvider/default/4: [Finishing] {[399] com.android.server.biometrics.sensors.face.aidl.FaceResetLockoutClient, proto=12, owner=android, cookie=0, requestId=-1, userId=0}, success: true
08-22 11:25:32.215  1041  1041 D UaBiometricScheduler/FaceProvider/default/4: No operations, returning to idle
08-22 11:25:32.240  1041  2732 D ActivityManager: Skip enqueue broadcast because no receiver with Intent { act=android.intent.action.SIG_STR flg=0x10 (has extras) }
08-22 11:25:32.310  1041  2732 W ContextImpl: Calling a method in the system process without a qualified user: android.app.ContextImpl.sendBroadcastMultiplePermissions:1270 android.content.Context.sendBroadcastMultiplePermissions:2478 com.android.server.TelephonyRegistry.broadcastServiceStateChanged:3581 com.android.server.TelephonyRegistry.notifyServiceStateForPhoneId:1728 com.android.internal.telephony.ITelephonyRegistry$Stub.onTransact:534 
08-22 11:25:32.311  1041  2732 D ActivityManager: Skip enqueue broadcast because no receiver with Intent { act=android.intent.action.SERVICE_STATE flg=0x1000010 pkg=com.android.phone (has extras) }
08-22 11:25:32.311  1041  2732 W ContextImpl: Calling a method in the system process without a qualified user: android.app.ContextImpl.sendBroadcastMultiplePermissions:1303 com.android.server.TelephonyRegistry.broadcastServiceStateChanged:3585 com.android.server.TelephonyRegistry.notifyServiceStateForPhoneId:1728 com.android.internal.telephony.ITelephonyRegistry$Stub.onTransact:534 android.os.Binder.execTransactInternal:1344 
08-22 11:25:32.312  1041  2732 D ActivityManager: Skip enqueue broadcast because no receiver with Intent { act=android.intent.action.SERVICE_STATE flg=0x1000010 pkg=com.android.phone (has extras) }
08-22 11:25:32.312  1041  2732 W ContextImpl: Calling a method in the system process without a qualified user: android.app.ContextImpl.sendBroadcastMultiplePermissions:1303 com.android.server.TelephonyRegistry.broadcastServiceStateChanged:3594 com.android.server.TelephonyRegistry.notifyServiceStateForPhoneId:1728 com.android.internal.telephony.ITelephonyRegistry$Stub.onTransact:534 android.os.Binder.execTransactInternal:1344 
08-22 11:25:32.313  1041  2732 V BroadcastQueue: Enqueuing BroadcastRecord{b0c608 android.intent.action.SERVICE_STATE/u-1} from uid 1000 pid 1041 for 2 receivers
08-22 11:25:32.314  1041  2732 W ContextImpl: Calling a method in the system process without a qualified user: android.app.ContextImpl.sendBroadcastMultiplePermissions:1303 com.android.server.TelephonyRegistry.broadcastServiceStateChanged:3600 com.android.server.TelephonyRegistry.notifyServiceStateForPhoneId:1728 com.android.internal.telephony.ITelephonyRegistry$Stub.onTransact:534 android.os.Binder.execTransactInternal:1344 
08-22 11:25:32.314  1041  2732 V BroadcastQueue: Enqueuing BroadcastRecord{9caf1a1 android.intent.action.SERVICE_STATE/u-1} from uid 1000 pid 1041 for 2 receivers
08-22 11:25:32.317  1041  1092 D ActivityManager: sync unfroze 31750 com.google.android.cellbroadcastreceiver for 3
08-22 11:25:32.342  1041  1084 I DisplayDeviceRepository: Display device changed state: "Tela integrada", OFF
08-22 11:25:32.347  1041  1110 I DreamManagerService: Entering dreamland.
08-22 11:25:32.350  1041  1110 I PowerManagerService: Dozing...
08-22 11:25:32.350  1041  1081 V BroadcastQueue: Enqueuing BroadcastRecord{7560b87 android.intent.action.CLOSE_SYSTEM_DIALOGS/u-1} from uid 1000 pid 1041 for 7 receivers
08-22 11:25:32.351  1041  1081 I DreamController: Starting dream: name=ComponentInfo{com.android.systemui/com.android.systemui.doze.DozeService}, isPreviewMode=false, canDoze=true, userId=0, reason='power manager request'
08-22 11:25:32.381  1041  1081 V BroadcastQueue: Enqueuing BroadcastRecord{d504e20 android.intent.action.DREAMING_STARTED/u-1} from uid 1000 pid 1041 for 4 receivers
08-22 11:25:32.383  1041  1153 V AlarmManager: set(null) : type=2 listener=android.app.AlarmManager$ListenerWrapper@91c013e listenerTag=JS idleness workSource=null callingPackage=android callingUid=1000 triggerAtTime=432614220 win=300000 tElapsed=432614220 maxElapsed=432914220 interval=0 flags=0x8
08-22 11:25:32.398  1041  2216 W ContextImpl: Calling a method in the system process without a qualified user: android.app.ContextImpl.sendBroadcastMultiplePermissions:1270 android.content.Context.sendBroadcastMultiplePermissions:2478 com.android.server.TelephonyRegistry.broadcastServiceStateChanged:3581 com.android.server.TelephonyRegistry.notifyServiceStateForPhoneId:1728 com.android.internal.telephony.ITelephonyRegistry$Stub.onTransact:534 
08-22 11:25:32.398  1041  2216 D ActivityManager: Skip enqueue broadcast because no receiver with Intent { act=android.intent.action.SERVICE_STATE flg=0x1000010 pkg=com.android.phone (has extras) }
08-22 11:25:32.399  1041  2216 W ContextImpl: Calling a method in the system process without a qualified user: android.app.ContextImpl.sendBroadcastMultiplePermissions:1303 com.android.server.TelephonyRegistry.broadcastServiceStateChanged:3585 com.android.server.TelephonyRegistry.notifyServiceStateForPhoneId:1728 com.android.internal.telephony.ITelephonyRegistry$Stub.onTransact:534 android.os.Binder.execTransactInternal:1344 
08-22 11:25:32.400  1041  2216 D ActivityManager: Skip enqueue broadcast because no receiver with Intent { act=android.intent.action.SERVICE_STATE flg=0x1000010 pkg=com.android.phone (has extras) }
08-22 11:25:32.400  1041  2216 W ContextImpl: Calling a method in the system process without a qualified user: android.app.ContextImpl.sendBroadcastMultiplePermissions:1303 com.android.server.TelephonyRegistry.broadcastServiceStateChanged:3594 com.android.server.TelephonyRegistry.notifyServiceStateForPhoneId:1728 com.android.internal.telephony.ITelephonyRegistry$Stub.onTransact:534 android.os.Binder.execTransactInternal:1344 
08-22 11:25:32.401  1041  2216 V BroadcastQueue: Enqueuing BroadcastRecord{43c2c4c android.intent.action.SERVICE_STATE/u-1} from uid 1000 pid 1041 for 2 receivers
08-22 11:25:32.402  1041  2216 W ContextImpl: Calling a method in the system process without a qualified user: android.app.ContextImpl.sendBroadcastMultiplePermissions:1303 com.android.server.TelephonyRegistry.broadcastServiceStateChanged:3600 com.android.server.TelephonyRegistry.notifyServiceStateForPhoneId:1728 com.android.internal.telephony.ITelephonyRegistry$Stub.onTransact:534 android.os.Binder.execTransactInternal:1344 
08-22 11:25:32.403  1041  2216 V BroadcastQueue: Enqueuing BroadcastRecord{1e63495 android.intent.action.SERVICE_STATE/u-1} from uid 1000 pid 1041 for 2 receivers
08-22 11:25:32.496  1041  2732 I DreamManagerService: Leaving dreamland.
08-22 11:25:32.497  1041  1081 I DreamController: Stopping dream: name=ComponentInfo{com.android.systemui/com.android.systemui.doze.DozeService}, isPreviewMode=false, canDoze=true, userId=0, reason='finished self'
08-22 11:25:32.499  1041  1110 I PowerGroup: Sleeping power group (groupId=0, uid=1000, reason=timeout)...
08-22 11:25:32.499  1041  1110 I PowerManagerService: Sleeping (uid 1000)...
08-22 11:25:32.499  1041  1081 V BroadcastQueue: Enqueuing BroadcastRecord{511b8e4 android.intent.action.DREAMING_STOPPED/u-1} from uid 1000 pid 1041 for 4 receivers
08-22 11:25:32.646  1041  2732 D WindowManager: isSupportDynamicNavbar user0, navBarMode = 0, is3buttonModeNavbar = true
08-22 11:25:32.646  1041  2732 I WindowManager: Input focus has changed to Window{150bd5a u0 NotificationShade}, [type=2040]-[Surface(name=*Title#34957)/@0x339614d, shown=false, alpha=0.0, windowType=2040] from 12d4ae org.telegram.messenger/org.telegram.ui.LaunchActivity mDisplayId 0 updateInputWindows true
08-22 11:25:32.648  1041  2732 D WindowManager: isSupportDynamicNavbar user0, navBarMode = 0, is3buttonModeNavbar = true
08-22 11:25:32.672  1041  2721 D SystemServerTiming: getUserSwitchability-0
08-22 11:25:32.673  1041  2721 D SystemServerTiming: TM.isInCall
08-22 11:25:32.673  1041  2732 D SystemServerTiming: getUserSwitchability-0
08-22 11:25:32.673  1041  2732 D SystemServerTiming: TM.isInCall
08-22 11:25:32.674  1041  2732 D SystemServerTiming: hasUserRestriction-DISALLOW_USER_SWITCH
08-22 11:25:32.674  1041  2721 D SystemServerTiming: hasUserRestriction-DISALLOW_USER_SWITCH
08-22 11:25:32.675  1041  2732 D SystemServerTiming: getInt-ALLOW_USER_SWITCHING_WHEN_SYSTEM_USER_LOCKED
08-22 11:25:32.675  1041  2732 D SystemServerTiming: isUserUnlocked-USER_SYSTEM
08-22 11:25:32.675  1041  2721 D SystemServerTiming: getInt-ALLOW_USER_SWITCHING_WHEN_SYSTEM_USER_LOCKED
08-22 11:25:32.675  1041  2721 D SystemServerTiming: isUserUnlocked-USER_SYSTEM
08-22 11:25:32.681  1041  1573 D BiometricUtils: isEncrypted: false isLockdown: false
08-22 11:25:33.020  1041  1041 W Looper  : Slow dispatch took 519ms main h=com.android.server.power.Notifier$NotifierHandler c=com.android.server.power.Notifier$$ExternalSyntheticLambda9@3b5cf8b m=0
08-22 11:25:33.020  1041  1041 W Looper  : Slow delivery took 519ms main h=com.android.server.power.Notifier$NotifierHandler c=com.android.server.power.Notifier$$ExternalSyntheticLambda2@a27e868 m=0
08-22 11:25:33.021  1041  1041 V BroadcastQueue: Enqueuing BroadcastRecord{43dd481 android.intent.action.SCREEN_OFF/u-1} from uid 1000 pid 1041 for 58 receivers
08-22 11:25:33.024  1041  1041 D UaBiometricScheduler/FingerprintProvider/default/5: [Added] {[400] com.android.server.biometrics.sensors.fingerprint.aidl.FingerprintAuthenticationClient, proto=3, owner=com.android.systemui, cookie=0, requestId=195, userId=0}, new queue size: 1
08-22 11:25:33.024  1041  1041 D UaBiometricScheduler/FingerprintProvider/default/5: [Polled] {[400] com.android.server.biometrics.sensors.fingerprint.aidl.FingerprintAuthenticationClient, proto=3, owner=com.android.systemui, cookie=0, requestId=195, userId=0}, State: 0
08-22 11:25:33.024  1041  1041 D GestureAvailabilityTracker: Notifying gesture availability, active=false
08-22 11:25:33.025  1041  1041 D UaBiometricScheduler/FingerprintProvider/default/5: [Started] {[400] com.android.server.biometrics.sensors.fingerprint.aidl.FingerprintAuthenticationClient, proto=3, owner=com.android.systemui, cookie=0, requestId=195, userId=0}
08-22 11:25:33.025  1041  1041 D BiometricStateCallback: State updated from 0 to 2, client {[400] com.android.server.biometrics.sensors.fingerprint.aidl.FingerprintAuthenticationClient, proto=3, owner=com.android.systemui, cookie=0, requestId=195, userId=0}
08-22 11:25:33.026  1041  1041 D Biometrics/AuthenticationClient: Requesting auth for com.android.systemui
08-22 11:25:33.028  1041  1084 I StorageManagerService: Cmd send onSecureKeyguardStateChanged isShowing = true mSecureKeyguardShowing = true
08-22 11:25:33.028  1041  1041 V BiometricSchedulerOperation: started: {[400] com.android.server.biometrics.sensors.fingerprint.aidl.FingerprintAuthenticationClient, proto=3, owner=com.android.systemui, cookie=0, requestId=195, userId=0}, State: 2
08-22 11:25:33.029  1041  1041 W Looper  : Drained
08-22 11:25:33.029  1041  1169 D UnisocAlarmManagerService: setHeartBeatAdjustEnable() enable = true, updated = false
08-22 11:25:33.029  1041  1169 D UnisocAlarmManagerService: rebatchAllAlarms
08-22 11:25:33.030  1041  1169 D UnisocAlarmManagerService: rebatchAllAlarms:changed:true
08-22 11:25:33.030  1041  1041 D BiometricService: Sensor ID(4), oemStrength: 4095, updatedStrength: 4095, modality 8, state: 0, cookie: 0, sensorId 4, hasEnrollments: false cannot participate in Keystore operations
08-22 11:25:33.032   395  4853 I keystore2: system/security/keystore2/src/authorization.rs:143 - on_lock_screen_event(r#LOCK, user_id=0, password.is_some()=false, unlocking_sids=Some([-6537068394135062123]))
08-22 11:25:33.033   395  4853 I keystore2: system/security/keystore2/src/super_key.rs:930 - Locking screen bound for user 0 sids [-6537068394135062123]
08-22 11:25:33.036  1041  2721 D OemAppPreloadHelaper: onKeyguardVisibilityChanged showing:true
08-22 11:25:33.036  1041  2721 D OemAppPreloadHelaper: onKeyguardVisibilityChanged showing:true
08-22 11:25:33.037  1041  2721 D OemAppPreloadHelaper: onKeyguardVisibilityChanged showing:true
08-22 11:25:33.038  1041  2721 D OemAppPreloadHelaper: onKeyguardVisibilityChanged showing:true
08-22 11:25:33.038  1041  2721 D OemAppPreloadHelaper: onKeyguardVisibilityChanged showing:true
08-22 11:25:33.038  1041  2721 D OemAppPreloadHelaper: onKeyguardVisibilityChanged showing:true
08-22 11:25:33.038  1041  2721 D OemAppPreloadHelaper: onKeyguardVisibilityChanged showing:true
08-22 11:25:33.039  1041  2721 D OemAppPreloadHelaper: onKeyguardVisibilityChanged showing:true
08-22 11:25:33.040  1041  2721 D OemAppPreloadHelaper: onKeyguardVisibilityChanged showing:true
08-22 11:25:33.040  1041  2721 D OemAppPreloadHelaper: onKeyguardVisibilityChanged showing:true
08-22 11:25:33.040  1041  2721 D OemAppPreloadHelaper: onKeyguardVisibilityChanged showing:true
08-22 11:25:33.040  1041  2721 D OemAppPreloadHelaper: onKeyguardVisibilityChanged showing:true
08-22 11:25:33.040  1041  2721 D OemAppPreloadHelaper: onKeyguardVisibilityChanged showing:true
08-22 11:25:33.041  1041  2721 D OemAppPreloadHelaper: onKeyguardVisibilityChanged showing:true
08-22 11:25:33.041  1041  2721 D OemAppPreloadHelaper: onKeyguardVisibilityChanged showing:true
08-22 11:25:33.041  1041  2721 D OemAppPreloadHelaper: onKeyguardVisibilityChanged showing:true
08-22 11:25:33.042  1041  2721 D OemAppPreloadHelaper: onKeyguardVisibilityChanged showing:true
08-22 11:25:33.042  1041  2721 D OemAppPreloadHelaper: onKeyguardVisibilityChanged showing:true
08-22 11:25:33.042  1041  2721 D OemAppPreloadHelaper: onKeyguardVisibilityChanged showing:true
08-22 11:25:33.042  1041  2721 D OemAppPreloadHelaper: onKeyguardVisibilityChanged showing:true
08-22 11:25:33.043  1041  2721 D OemAppPreloadHelaper: onKeyguardVisibilityChanged showing:true
08-22 11:25:33.043  1041  2721 D OemAppPreloadHelaper: onKeyguardVisibilityChanged showing:true
08-22 11:25:33.044  1041  2721 D OemAppPreloadHelaper: onKeyguardVisibilityChanged showing:true
08-22 11:25:33.044  1041  2721 D OemAppPreloadHelaper: onKeyguardVisibilityChanged showing:true
08-22 11:25:33.045  1041  2721 D OemAppPreloadHelaper: onKeyguardVisibilityChanged showing:true
08-22 11:25:33.045  1041  2721 D OemAppPreloadHelaper: onKeyguardVisibilityChanged showing:true
08-22 11:25:33.046  1041  2721 D OemAppPreloadHelaper: onKeyguardVisibilityChanged showing:true
08-22 11:25:33.046  1041  2721 D OemAppPreloadHelaper: onKeyguardVisibilityChanged showing:true
08-22 11:25:33.047  1041  2721 D OemAppPreloadHelaper: onKeyguardVisibilityChanged showing:true
08-22 11:25:33.048  1041  2721 D OemAppPreloadHelaper: onKeyguardVisibilityChanged showing:true
08-22 11:25:33.049  1041  2721 D OemAppPreloadHelaper: onKeyguardVisibilityChanged showing:true
08-22 11:25:33.052  1041  2721 D OemAppPreloadHelaper: onKeyguardVisibilityChanged showing:true
08-22 11:25:33.053  1041  2721 D OemAppPreloadHelaper: onKeyguardVisibilityChanged showing:true
08-22 11:25:33.053  1041  2721 D OemAppPreloadHelaper: onKeyguardVisibilityChanged showing:true
08-22 11:25:33.054  1041  2721 D OemAppPreloadHelaper: onKeyguardVisibilityChanged showing:true
08-22 11:25:33.054  1041  2721 D OemAppPreloadHelaper: onKeyguardVisibilityChanged showing:true
08-22 11:25:33.055  1041  2721 D OemAppPreloadHelaper: onKeyguardVisibilityChanged showing:true
08-22 11:25:33.055  1041  2721 D OemAppPreloadHelaper: onKeyguardVisibilityChanged showing:true
08-22 11:25:33.056  1041  2721 D OemAppPreloadHelaper: onKeyguardVisibilityChanged showing:true
08-22 11:25:33.056  1041  2721 D OemAppPreloadHelaper: onKeyguardVisibilityChanged showing:true
08-22 11:25:33.070  1041  1041 D UnisocSensorImpl: onAcquiredtoWakeupScreen
08-22 11:25:33.071  1041  1041 D UnisocSensorImpl: onAcquiredtoWakeupScreen: ,vendorCode 1,mWakeupEarly true
08-22 11:25:33.071  1041  1041 V Biometrics/AcquisitionClient: Acquired: 6 1, shouldSend: true
08-22 11:25:33.078  1041  1041 I PowerManagerService: onFlip(): Face up.
08-22 11:25:33.082  1041  2732 D WindowManager: isSupportDynamicNavbar user0, navBarMode = 0, is3buttonModeNavbar = true
08-22 11:25:33.083  1041  2721 E PowerManagerServiceEx: interaction scene is null !
08-22 11:25:33.084  1041  1085 D WindowManager: isSupportDynamicNavbar user0, navBarMode = 0, is3buttonModeNavbar = true
08-22 11:25:33.084  1041  1092 D BroadcastQueue: Skip update running list, mRunnableHead=BroadcastProcessQueue{603e756 2153:rkr.simplekeyboard.inputmethod/u0a275} Max running broadcast queue size is 5 current is 4 usedExtra is 1
08-22 11:25:33.084  1041  2732 V AlarmManager: set(PendingIntent{eafd967: PendingIntentRecord{2b83fdd com.android.phone broadcastIntent}}) : type=2 listener=null listenerTag=null workSource=null callingPackage=com.android.phone callingUid=1001 triggerAtTime=432554921 win=0 tElapsed=432554921 maxElapsed=432554921 interval=0 flags=0x9
08-22 11:25:33.086  1041  1514 V AlarmManager: set(PendingIntent{78083b8: PendingIntentRecord{22a5591 android broadcastIntent}}) : type=3 listener=null listenerTag=null workSource=null callingPackage=android callingUid=1000 triggerAtTime=430759923 win=0 tElapsed=430759923 maxElapsed=430759923 interval=0 flags=0x8
08-22 11:25:33.089  1041  1153 V AlarmManager: set(null) : type=2 listener=android.app.AlarmManager$ListenerWrapper@91c013e listenerTag=JS idleness workSource=null callingPackage=android callingUid=1000 triggerAtTime=432614926 win=300000 tElapsed=432614926 maxElapsed=432914926 interval=0 flags=0x8
08-22 11:25:33.091  1041  1041 V AlarmManager: set(null) : type=2 listener=android.app.AlarmManager$ListenerWrapper@e84f69e listenerTag=LockSettingsPrimaryAuth.nonStrongBiometricIdleTimeoutForUser workSource=null callingPackage=android callingUid=1000 triggerAtTime=445154928 win=0 tElapsed=445154928 maxElapsed=445154928 interval=0 flags=0x9
08-22 11:25:33.095  1041  1092 D BroadcastQueue: Skip update running list, mRunnableHead=BroadcastProcessQueue{398ec50 1647:com.motorola.launcher3/u0a95} Max running broadcast queue size is 5 current is 4 usedExtra is 1
08-22 11:25:33.096  1041  1092 D BroadcastQueue: Skip update running list, mRunnableHead=BroadcastProcessQueue{73fb84d 6476:com.google.android.gms.persistent/u0a145} Max running broadcast queue size is 5 current is 4 usedExtra is 1
08-22 11:25:33.100  1041  1041 V AlarmManager: set(null) : type=2 listener=android.app.AlarmManager$ListenerWrapper@dd6b752 listenerTag=DeviceIdleController.deep workSource=null callingPackage=android callingUid=1000 triggerAtTime=432554937 win=60000 tElapsed=432554937 maxElapsed=432614937 interval=0 flags=0x8
08-22 11:25:33.101  1041  1041 V AlarmManager: set(null) : type=3 listener=android.app.AlarmManager$ListenerWrapper@bb33a23 listenerTag=DeviceIdleController.light workSource=null callingPackage=android callingUid=1000 triggerAtTime=430994938 win=60000 tElapsed=430994938 maxElapsed=431054938 interval=0 flags=0x8
08-22 11:25:33.101  1041  1092 D BroadcastQueue: Skip update running list, mRunnableHead=BroadcastProcessQueue{b3789d1 32563:org.telegram.messenger/u0a266} Max running broadcast queue size is 5 current is 4 usedExtra is 1
08-22 11:25:33.109  1041  1092 D BroadcastQueue: Skip update running list, mRunnableHead=null Max running broadcast queue size is 5 current is 4 usedExtra is 1
08-22 11:25:33.124  1041  1143 V AlarmManager: set(PendingIntent{756a503: PendingIntentRecord{e36c2fa com.google.android.gms/com.google.android.gms.scheduler broadcastIntent}}) : type=3 listener=null listenerTag=null workSource=WorkSource{10145 com.google.android.gms} callingPackage=com.google.android.gms callingUid=10145 triggerAtTime=431654962 win=675000 tElapsed=431654962 maxElapsed=432329962 interval=0 flags=0x0
08-22 11:25:33.132  1041  1143 D WindowManager: isSupportDynamicNavbar user0, navBarMode = 0, is3buttonModeNavbar = true
08-22 11:25:33.140  1041  1085 D WindowManager: isSupportDynamicNavbar user0, navBarMode = 0, is3buttonModeNavbar = true
08-22 11:25:33.145  1041  1143 D WindowManager: isSupportDynamicNavbar user0, navBarMode = 0, is3buttonModeNavbar = true
08-22 11:25:33.150  1041  1573 D SystemServerTiming: getUserSwitchability-0
08-22 11:25:33.150  1041  1573 D SystemServerTiming: TM.isInCall
08-22 11:25:33.151  1041  1573 D SystemServerTiming: hasUserRestriction-DISALLOW_USER_SWITCH
08-22 11:25:33.151  1041  1573 D SystemServerTiming: getInt-ALLOW_USER_SWITCHING_WHEN_SYSTEM_USER_LOCKED
08-22 11:25:33.151  1041  1573 D SystemServerTiming: isUserUnlocked-USER_SYSTEM
08-22 11:25:33.155  1041  1573 E PowerManagerServiceEx: interaction scene is null !
08-22 11:25:33.157  1321  1358 V WindowManagerShell: Transition requested: android.os.BinderProxy@7c27908 TransitionRequestInfo { type = TO_BACK, triggerTask = null, remoteTransition = null, displayChange = null }
08-22 11:25:33.162  1041  2721 D WindowManager: isSupportDynamicNavbar user0, navBarMode = 0, is3buttonModeNavbar = true
08-22 11:25:33.165  1041  1085 D WindowManager: isSupportDynamicNavbar user0, navBarMode = 0, is3buttonModeNavbar = true
08-22 11:25:33.168  1041  1081 V WindowManager: Sent Transition #2900 createdAt=08-22 11:25:33.156 via request=TransitionRequestInfo { type = TO_BACK, triggerTask = null, remoteTransition = null, displayChange = null }
08-22 11:25:33.168  1041  1081 V WindowManager:     startWCT=WindowContainerTransaction { changes = {} hops = [] errorCallbackToken=null taskFragmentOrganizer=null }
08-22 11:25:33.168  1041  1081 V WindowManager:     info={id=2900 t=TO_BACK f=0x106 trk=0 r=[] c=[]}
08-22 11:25:33.168  1321  1358 V WindowManagerShell: onTransitionReady android.os.BinderProxy@7c27908: {id=2900 t=TO_BACK f=0x106 trk=0 r=[] c=[]}
08-22 11:25:33.168  1321  1358 V WindowManagerShell: Playing animation for (#2900)android.os.BinderProxy@7c27908@0
08-22 11:25:33.168  1321  1358 V WindowManagerShell:  try handler com.android.wm.shell.transition.DefaultMixedHandler@a8d0d33
08-22 11:25:33.169  1321  1358 V WindowManagerShell: start keyguard going-away transition, info = {id=2900 t=TO_BACK f=0x106 trk=0 r=[] c=[]}
08-22 11:25:33.169  1321  1358 D KeyguardService: Starts IRemoteAnimationRunner: info={id=2900 t=TO_BACK f=0x106 trk=0 r=[] c=[]}
08-22 11:25:33.170  1321  1358 V WindowManagerShell:  animated by com.android.wm.shell.transition.DefaultMixedHandler@a8d0d33
08-22 11:25:33.172  1041  2721 D PowerManagerServiceEx: unblockScreenOnLocked wakeUp
08-22 11:25:33.173  1041  1514 V AlarmManager: set(PendingIntent{78083b8: PendingIntentRecord{22a5591 android broadcastIntent}}) : type=3 listener=null listenerTag=null workSource=null callingPackage=android callingUid=1000 triggerAtTime=431055011 win=225000 tElapsed=431055011 maxElapsed=431280011 interval=0 flags=0x8
08-22 11:25:33.175  1041  2721 I PowerGroup: Waking up power group from Asleep (groupId=0, uid=10192, reason=WAKE_REASON_BIOMETRIC, details=android.policy:BIOMETRIC)...
08-22 11:25:33.175  1041  2721 E PowerManagerServiceEx: interaction scene is null !
08-22 11:25:33.176  1041  2721 I PowerManagerService: Waking up from Asleep (uid=10192, reason=WAKE_REASON_BIOMETRIC, details=android.policy:BIOMETRIC)...
08-22 11:25:33.177  1041  1041 E ActivityManager: Cancel pending or running compactions as system is awake
08-22 11:25:33.179  1041  1514 D PowerManagerService: checkWakeLock wake lock:*vibrator* from android(1000) duration:1
08-22 11:25:33.180  1041  1110 I DisplayPowerController2[0]: Blocking screen on until initial contents have been drawn.
08-22 11:25:33.183  1041  2721 E PowerManagerServiceEx: interaction scene is null !
08-22 11:25:33.184  1321  1321 D KeyguardService: Finish IRemoteAnimationRunner.
08-22 11:25:33.184  1321  1358 V WindowManagerShell: Transition animation finished (aborted=false), notifying core (#2900)android.os.BinderProxy@7c27908@0
08-22 11:25:33.186  1041  1081 V WindowManager: Finish Transition #2900: created at 08-22 11:25:33.156 collect-started=0.048ms request-sent=0.13ms started=7.533ms ready=7.495ms sent=11.012ms finished=29.37ms
08-22 11:25:33.188  1321  1358 V WindowManagerShell: Track 0 became idle
08-22 11:25:33.188  1321  1358 V WindowManagerShell: All active transition animations finished
08-22 11:25:33.191  1041  1573 D UnisocVariableRefreshRateImpl: setCurrentPackageName, return when current focus window namenot contains packageName: org.telegram.messenger mCurrentRequestFocusWindowName: 150bd5a NotificationShade
08-22 11:25:33.195  1041  1573 D WindowManager: isSupportDynamicNavbar user0, navBarMode = 0, is3buttonModeNavbar = true
08-22 11:25:33.200  1041  1671 I ActivityManager: Killing 1680:com.soundcorset.client.android/u0a317 (adj 500): MemAvailable
08-22 11:25:33.201  1041  1082 D DisplayManagerService: Drop pending events for gone uid 10317
08-22 11:25:33.202  1041  1671 W ActivityManager: Scheduling restart of crashed service com.soundcorset.client.android/.service.AudioRecordingService in 16000ms for start-requested
08-22 11:25:33.202  1041  1671 W ActivityManager: Scheduling restart of crashed service com.soundcorset.client.android/.service.PracticeTrackingService in 176000ms for start-requested
08-22 11:25:33.204  1041  1041 V BroadcastQueue: Enqueuing BroadcastRecord{39d050c android.intent.action.BATTERY_CHANGED/u-1} from uid 1000 pid 1041 for 21 receivers
08-22 11:25:33.205  1041  1514 V AlarmManager: set(PendingIntent{78083b8: PendingIntentRecord{22a5591 android broadcastIntent}}) : type=3 listener=null listenerTag=null workSource=null callingPackage=android callingUid=1000 triggerAtTime=431055042 win=225000 tElapsed=431055042 maxElapsed=431280042 interval=0 flags=0x8
08-22 11:25:33.207  1041  1514 D PowerManagerService: checkWakeLock wake lock:*vibrator* from android(1000) duration:31
08-22 11:25:33.211  1041  1573 D WindowManager: isSupportDynamicNavbar user0, navBarMode = 0, is3buttonModeNavbar = true
08-22 11:25:33.213  1041  1573 D WindowManager: isSupportDynamicNavbar user0, navBarMode = 0, is3buttonModeNavbar = true
08-22 11:25:33.215  1041  1573 D WindowManager: isSupportDynamicNavbar user0, navBarMode = 0, is3buttonModeNavbar = true
08-22 11:25:33.218  1041  1573 D WindowManager: isSupportDynamicNavbar user0, navBarMode = 0, is3buttonModeNavbar = true
08-22 11:25:33.237  1041  1085 D WindowManager: isSupportDynamicNavbar user0, navBarMode = 0, is3buttonModeNavbar = true
08-22 11:25:33.249  1041  1573 V ActivityManager: Got obituary of 1680:com.soundcorset.client.android
08-22 11:25:33.249  1041  1143 I MediaSessionStack: removeSession | record: com.soundcorset.client.android/PracticeTrackingMediaSession (userId=0)
08-22 11:25:33.257  1041  1143 D WindowManager: isSupportDynamicNavbar user0, navBarMode = 0, is3buttonModeNavbar = true
08-22 11:25:33.917  1041  1041 D UnisocSensorImpl: onAcquiredtoWakeupScreen
08-22 11:25:33.917  1041  1041 D UnisocSensorImpl: onAcquiredtoWakeupScreen: ,vendorCode 102,mWakeupEarly true
08-22 11:25:33.918  1041  1041 V Biometrics/AcquisitionClient: Acquired: 6 102, shouldSend: true
08-22 11:25:33.996  1041  1041 D UnisocSensorImpl: onAuthenticatedSuccesstoUnscreenBolock
08-22 11:25:33.997  1041  1041 V BiometricLogger: Authentication latency: -1
08-22 11:25:34.015  1041  1182 D WindowManager: Receive Power Key, Action Down
08-22 11:25:34.021  1041  1181 E PowerManagerServiceEx: interaction scene is null !
08-22 11:25:34.201  1041  1182 D WindowManager: Receive Power Key, Action Up
08-22 11:25:34.203  1041  1181 E PowerManagerServiceEx: interaction scene is null !
08-22 11:25:34.315  1041  1514 V AlarmManager: set(PendingIntent{78083b8: PendingIntentRecord{22a5591 android broadcastIntent}}) : type=3 listener=null listenerTag=null workSource=null callingPackage=android callingUid=1000 triggerAtTime=431056152 win=225000 tElapsed=431056152 maxElapsed=431281152 interval=0 flags=0x8
08-22 11:25:34.502  1041  1082 D WindowManager: powerPress: eventTime=211737658 interactive=true count=1 beganFromNonInteractive=false mShortPressOnPowerBehavior=1
08-22 11:25:34.502  1041  1082 I PowerGroup: Powering off display group due to power_button (groupId= 0, uid= 1000, millisSinceLastUserActivity=-185, lastUserActivityEvent=button)...
08-22 11:25:34.502  1041  1082 I PowerManagerService: Going to sleep due to power_button (uid 1000, screenOffTimeout=60000, activityTimeoutWM=10000, maxDimRatio=0.20000005, maxDimDur=7000)...
08-22 11:25:34.743  1041  1110 D ActivityTaskManager: Top Process State changed to PROCESS_STATE_TOP
08-22 11:25:34.745  1041  1110 E ActivityTaskManager: setVisibility=true while transition is not collecting or finishing ActivityRecord{7a9a397 u0 org.telegram.messenger/org.telegram.ui.LaunchActivity t11558 d0} caller=com.android.server.wm.ActivityRecord.setVisibility:5476 com.android.server.wm.TaskFragment.resumeTopActivity:1463 com.android.server.wm.Task.resumeTopActivityInnerLocked:5064 com.android.server.wm.Task.resumeTopActivityUncheckedLocked:4994 com.android.server.wm.Task.resumeTopActivityUncheckedLocked:5045 com.android.server.wm.RootWindowContainer.lambda$applySleepTokens$20:2569 com.android.server.wm.RootWindowContainer.$r8$lambda$9xL80GDJRExKql35hTmQVg_ieD8:0 com.android.server.wm.RootWindowContainer$$ExternalSyntheticLambda13.accept:0 
08-22 11:25:34.747  1041  1110 D WindowManager: isSupportDynamicNavbar user0, navBarMode = 0, is3buttonModeNavbar = true
08-22 11:25:34.754  1041  1110 D WindowManager: isSupportDynamicNavbar user0, navBarMode = 0, is3buttonModeNavbar = true
08-22 11:25:34.758  1041  1110 I DisplayBrightnessStrategySelector: Changing the DisplayBrightnessStrategy from ScreenOffBrightnessStrategy toInvalidBrightnessStrategy for display 0
08-22 11:25:34.760  1041  1084 D WindowManager: isSupportDynamicNavbar user0, navBarMode = 0, is3buttonModeNavbar = true
08-22 11:25:34.764  1041  1143 D WindowManager: isSupportDynamicNavbar user0, navBarMode = 0, is3buttonModeNavbar = true
08-22 11:25:34.772  1041  1514 V AlarmManager: set(PendingIntent{78083b8: PendingIntentRecord{22a5591 android broadcastIntent}}) : type=3 listener=null listenerTag=null workSource=null callingPackage=android callingUid=1000 triggerAtTime=431056609 win=225000 tElapsed=431056609 maxElapsed=431281609 interval=0 flags=0x8
08-22 11:25:34.776  1041  1514 V AlarmManager: set(PendingIntent{78083b8: PendingIntentRecord{22a5591 android broadcastIntent}}) : type=3 listener=null listenerTag=null workSource=null callingPackage=android callingUid=1000 triggerAtTime=431056613 win=225000 tElapsed=431056613 maxElapsed=431281613 interval=0 flags=0x8
08-22 11:25:34.839  1041  2732 D UnisocVariableRefreshRateImpl: setCurrentPackageName, return when current focus window namenot contains packageName: org.telegram.messenger mCurrentRequestFocusWindowName: 150bd5a NotificationShade
08-22 11:25:34.846  1041  2732 D WindowManager: isSupportDynamicNavbar user0, navBarMode = 0, is3buttonModeNavbar = true
08-22 11:25:34.897  1041  1085 D WindowManager: isSupportDynamicNavbar user0, navBarMode = 0, is3buttonModeNavbar = true
08-22 11:25:34.901  1041  1085 D WindowManager: isSupportDynamicNavbar user0, navBarMode = 0, is3buttonModeNavbar = true
08-22 11:25:34.906  1041  1085 D WindowManager: isSupportDynamicNavbar user0, navBarMode = 0, is3buttonModeNavbar = true
08-22 11:25:35.176  1041  2721 V ALSProbe: Enable ALS: 110172896
08-22 11:25:35.177  1041  1041 V Biometrics/AuthenticationClient: onAuthenticated(true), ID:-2024797533, Owner: com.android.systemui, isBP: false, listener: com.android.server.biometrics.sensors.ClientMonitorCallbackConverter@14058, requireConfirmation: false, user: 0, clientMonitor: {[400] com.android.server.biometrics.sensors.fingerprint.aidl.FingerprintAuthenticationClient, proto=3, owner=com.android.systemui, cookie=0, requestId=195, userId=0}
08-22 11:25:35.178  1041  1041 W Biometrics/AuthenticationClient: Allowing background authentication, this is allowed only for platform or test invocations
08-22 11:25:35.178  1041  1041 D BaseClientMonitor: marking operation as done: {[400] com.android.server.biometrics.sensors.fingerprint.aidl.FingerprintAuthenticationClient, proto=3, owner=com.android.systemui, cookie=0, requestId=195, userId=0}
08-22 11:25:35.178  1041  1041 D BiometricService: resetLockout from: 5, for: 4, userId: 0
08-22 11:25:35.178  1041  1110 V DisplayPowerController2[0]: Brightness [0.1916697] reason changing to: 'automatic', previous reason: 'screen_off'.
08-22 11:25:35.179  1041  1110 I DisplayPowerController2[0]: BrightnessEvent: disp=0, physDisp=local:4619827259835644672, brt=0.1916697, initBrt=0.0, rcmdBrt=0.1916697, preBrt=NaN, lux=0.0, preLux=0.0, hbmMax=1.0, hbmMode=off, rbcStrength=50, thrmMax=1.0, powerFactor=0.7, wasShortTermModelActive=true, flags=, reason=automatic, autoBrightness=true, strategy=InvalidBrightnessStrategy
08-22 11:25:35.180  1041  1041 D Biometrics/AuthenticationClient: Error adding auth token : 0
08-22 11:25:35.181  1041  1110 I DisplayPowerController2[0]: Unblocked screen on after 2001 ms
08-22 11:25:35.181  1041  1041 D BiometricStateCallback: Client finished, state updated to 0, client {[400] com.android.server.biometrics.sensors.fingerprint.aidl.FingerprintAuthenticationClient, proto=3, owner=com.android.systemui, cookie=0, requestId=195, userId=0}
08-22 11:25:35.181  1041  1110 D ActivityTaskManager: Top Process State changed to PROCESS_STATE_TOP_SLEEPING
08-22 11:25:35.181  1041  1081 V BroadcastQueue: Enqueuing BroadcastRecord{e3365b1 android.intent.action.SCREEN_ON/u-1} from uid 1000 pid 1041 for 49 receivers
08-22 11:25:35.181  1041  1041 D BiometricSchedulerOperation: [Finished / destroy]: {[400] com.android.server.biometrics.sensors.fingerprint.aidl.FingerprintAuthenticationClient, proto=3, owner=com.android.systemui, cookie=0, requestId=195, userId=0}
08-22 11:25:35.182  1041  1041 W Looper  : Slow dispatch took 1185ms main h=android.os.Handler c=com.android.server.biometrics.sensors.fingerprint.aidl.Sensor$HalSessionCallback$$ExternalSyntheticLambda10@cc46a96 m=0
08-22 11:25:35.182  1041  1041 W Looper  : Slow delivery took 1164ms main h=com.android.server.power.Notifier$NotifierHandler c=null m=7
08-22 11:25:35.182  1041  1041 D UnisocSensorImpl: onAcquiredtoWakeupScreen
08-22 11:25:35.182  1041  1041 D UnisocSensorImpl: onAcquiredtoWakeupScreen: ,vendorCode 3,mWakeupEarly true
08-22 11:25:35.186  1041  1084 I DisplayDeviceRepository: Display device changed state: "Tela integrada", ON
08-22 11:25:35.190  1041  1081 V WindowManager: Sent Transition #2901 createdAt=08-22 11:25:35.189 via request=TransitionRequestInfo { type = SLEEP, triggerTask = null, remoteTransition = null, displayChange = null }
08-22 11:25:35.190  1041  1081 V WindowManager:     startWCT=null
08-22 11:25:35.190  1041  1041 V Biometrics/AcquisitionClient: Acquired: 6 3, shouldSend: true
08-22 11:25:35.190  1041  1081 V WindowManager:     info={id=2901 t=SLEEP f=0x0 trk=0 r=[] c=[]}
08-22 11:25:35.191  1041  1085 D WindowManager: isSupportDynamicNavbar user0, navBarMode = 0, is3buttonModeNavbar = true
08-22 11:25:35.192  1041  1085 I DisplayDevice: [0] Layerstack set to 0 for local:4619827259835644672
08-22 11:25:35.192  1321  1358 V WindowManagerShell: Transition requested: android.os.BinderProxy@6ca5be4 TransitionRequestInfo { type = SLEEP, triggerTask = null, remoteTransition = null, displayChange = null }
08-22 11:25:35.194  1041  1110 I DisplayBrightnessStrategySelector: Changing the DisplayBrightnessStrategy from InvalidBrightnessStrategy toScreenOffBrightnessStrategy for display 0
08-22 11:25:35.195  1041  1514 V AlarmManager: set(PendingIntent{78083b8: PendingIntentRecord{22a5591 android broadcastIntent}}) : type=3 listener=null listenerTag=null workSource=null callingPackage=android callingUid=1000 triggerAtTime=431057032 win=225000 tElapsed=431057032 maxElapsed=431282032 interval=0 flags=0x8
08-22 11:25:35.199  1041  1085 D WindowManager: isSupportDynamicNavbar user0, navBarMode = 0, is3buttonModeNavbar = true
08-22 11:25:35.201  1041  1143 W Transition: Transition already started id=2901 state=2
08-22 11:25:35.201  1321  1358 V WindowManagerShell: onTransitionReady android.os.BinderProxy@6ca5be4: {id=2901 t=SLEEP f=0x0 trk=0 r=[] c=[]}
08-22 11:25:35.202  1321  1358 V WindowManagerShell: No transition roots in (#2901)android.os.BinderProxy@6ca5be4@0 so abort
08-22 11:25:35.202  1041  1085 D WindowManager: isSupportDynamicNavbar user0, navBarMode = 0, is3buttonModeNavbar = true
08-22 11:25:35.202  1321  1358 V WindowManagerShell: Transition animation finished (aborted=true), notifying core (#2901)android.os.BinderProxy@6ca5be4@0
08-22 11:25:35.206  1041  1081 V WindowManager: Finish Transition #2901: created at 08-22 11:25:35.189 collect-started=0.123ms request-sent=0.21ms started=0.466ms ready=0.463ms sent=0.639ms finished=16.344ms
08-22 11:25:35.207  1321  1358 V WindowManagerShell: Track 0 became idle
08-22 11:25:35.207  1321  1358 V WindowManagerShell: All active transition animations finished
08-22 11:25:35.211  1041  1514 D PowerManagerService: checkWakeLock wake lock:ActivityManager-Sleep from android(1000) duration:22
08-22 11:25:35.211  1041  1514 D PowerManagerService: checkWakeLock wake lock:*telephony-radio* from com.android.phone(1001) duration:12
08-22 11:25:35.211  1041  1514 D PowerManagerService: checkWakeLock wake lock:*telephony-radio* from com.android.phone(1001) duration:4
08-22 11:25:35.213  1041  1041 D UaBiometricScheduler/FaceProvider/default/4: [Added] {[401] com.android.server.biometrics.sensors.face.aidl.FaceResetLockoutClient, proto=12, owner=android, cookie=0, requestId=-1, userId=0}, new queue size: 1
08-22 11:25:35.213  1041  1041 D UaBiometricScheduler/FaceProvider/default/4: [Polled] {[401] com.android.server.biometrics.sensors.face.aidl.FaceResetLockoutClient, proto=12, owner=android, cookie=0, requestId=-1, userId=0}, State: 0
