08-22 11:25:35.213  1041  1041 D UaBiometricScheduler/FaceProvider/default/4: [Started] {[401] com.android.server.biometrics.sensors.face.aidl.FaceResetLockoutClient, proto=12, owner=android, cookie=0, requestId=-1, userId=0}
08-22 11:25:35.214  1041  1041 V BiometricSchedulerOperation: started: {[401] com.android.server.biometrics.sensors.face.aidl.FaceResetLockoutClient, proto=12, owner=android, cookie=0, requestId=-1, userId=0}, State: 2
08-22 11:25:35.214  1041  1041 D UaBiometricScheduler/FingerprintProvider/default/5: [Finishing] {[400] com.android.server.biometrics.sensors.fingerprint.aidl.FingerprintAuthenticationClient, proto=3, owner=com.android.systemui, cookie=0, requestId=195, userId=0}, success: true
08-22 11:25:35.214  1041  1041 D GestureAvailabilityTracker: Notifying gesture availability, active=true
08-22 11:25:35.214  1041  1041 D UaBiometricScheduler/FingerprintProvider/default/5: No operations, returning to idle
08-22 11:25:35.214  1041  2721 D WindowManager: isSupportDynamicNavbar user0, navBarMode = 0, is3buttonModeNavbar = true
08-22 11:25:35.215  1041  1169 D UnisocAlarmManagerService: setHeartBeatAdjustEnable() enable = false, updated = false
08-22 11:25:35.215  1041  1169 D UnisocAlarmManagerService: rebatchAllAlarms
08-22 11:25:35.216  1041  1169 D UnisocAlarmManagerService: rebatchAllAlarms:changed:false
08-22 11:25:35.216  1041  1041 V BroadcastQueue: Enqueuing BroadcastRecord{2019e9 android.intent.action.BATTERY_CHANGED/u-1} from uid 1000 pid 1041 for 21 receivers
08-22 11:25:35.219  1041  1514 V AlarmManager: set(PendingIntent{78083b8: PendingIntentRecord{22a5591 android broadcastIntent}}) : type=3 listener=null listenerTag=null workSource=null callingPackage=android callingUid=1000 triggerAtTime=431057056 win=225000 tElapsed=431057056 maxElapsed=431282056 interval=0 flags=0x8
08-22 11:25:35.219  1041  1041 W Looper  : Drained
08-22 11:25:35.221  1041  1514 D PowerManagerService: checkWakeLock wake lock:ActivityManager-Sleep from android(1000) duration:33
08-22 11:25:35.222  1041  1514 D PowerManagerService: checkWakeLock wake lock:*telephony-radio* from com.android.phone(1001) duration:23
08-22 11:25:35.222  1041  1514 D PowerManagerService: checkWakeLock wake lock:*telephony-radio* from com.android.phone(1001) duration:15
08-22 11:25:35.222  1041  1041 V BroadcastQueue: Enqueuing BroadcastRecord{8c6366e android.intent.action.TIME_TICK/u-1} from uid 1000 pid 1041 for 3 receivers
08-22 11:25:35.224  1041  1573 D WindowManager: isSupportDynamicNavbar user0, navBarMode = 0, is3buttonModeNavbar = true
08-22 11:25:35.227  1041  1573 D WindowManager: isSupportDynamicNavbar user0, navBarMode = 0, is3buttonModeNavbar = true
08-22 11:25:35.227  1321  1321 W FingerprintManager: Invalid acquired message: 6, 102
08-22 11:25:35.235  1041  1572 D ActivityManager: Skip enqueue broadcast because no receiver with Intent { act=android.intent.action.SIG_STR flg=0x10 (has extras) }
08-22 11:25:35.239  1041  1573 E PowerManagerServiceEx: interaction scene is null !
08-22 11:25:35.242  1041  1573 D UnisocVariableRefreshRateImpl: setCurrentPackageName, return when current focus window namenot contains packageName: org.telegram.messenger mCurrentRequestFocusWindowName: 150bd5a NotificationShade
08-22 11:25:35.243  1041  1573 D PowerManagerServiceEx: unblockScreenOnLocked wakeUp
08-22 11:25:35.243  1041  1573 I PowerGroup: Waking up power group from Dozing (groupId=0, uid=10192, reason=WAKE_REASON_BIOMETRIC, details=android.policy:BIOMETRIC)...
08-22 11:25:35.243  1041  1573 E PowerManagerServiceEx: interaction scene is null !
08-22 11:25:35.243  1041  1573 I PowerManagerService: Waking up from Dozing (uid=10192, reason=WAKE_REASON_BIOMETRIC, details=android.policy:BIOMETRIC)...
08-22 11:25:35.256  1041  2739 D WindowManager: isSupportDynamicNavbar user0, navBarMode = 0, is3buttonModeNavbar = true
08-22 11:25:35.284  1041  2721 W ContextImpl: Calling a method in the system process without a qualified user: android.app.ContextImpl.sendBroadcastMultiplePermissions:1270 android.content.Context.sendBroadcastMultiplePermissions:2478 com.android.server.TelephonyRegistry.broadcastServiceStateChanged:3581 com.android.server.TelephonyRegistry.notifyServiceStateForPhoneId:1728 com.android.internal.telephony.ITelephonyRegistry$Stub.onTransact:534 
08-22 11:25:35.284  1041  2721 D ActivityManager: Skip enqueue broadcast because no receiver with Intent { act=android.intent.action.SERVICE_STATE flg=0x1000010 pkg=com.android.phone (has extras) }
08-22 11:25:35.285  1041  2721 W ContextImpl: Calling a method in the system process without a qualified user: android.app.ContextImpl.sendBroadcastMultiplePermissions:1303 com.android.server.TelephonyRegistry.broadcastServiceStateChanged:3585 com.android.server.TelephonyRegistry.notifyServiceStateForPhoneId:1728 com.android.internal.telephony.ITelephonyRegistry$Stub.onTransact:534 android.os.Binder.execTransactInternal:1344 
08-22 11:25:35.285  1041  2721 D ActivityManager: Skip enqueue broadcast because no receiver with Intent { act=android.intent.action.SERVICE_STATE flg=0x1000010 pkg=com.android.phone (has extras) }
08-22 11:25:35.285  1041  2721 W ContextImpl: Calling a method in the system process without a qualified user: android.app.ContextImpl.sendBroadcastMultiplePermissions:1303 com.android.server.TelephonyRegistry.broadcastServiceStateChanged:3594 com.android.server.TelephonyRegistry.notifyServiceStateForPhoneId:1728 com.android.internal.telephony.ITelephonyRegistry$Stub.onTransact:534 android.os.Binder.execTransactInternal:1344 
08-22 11:25:35.286  1041  2721 V BroadcastQueue: Enqueuing BroadcastRecord{ed76ba5 android.intent.action.SERVICE_STATE/u-1} from uid 1000 pid 1041 for 2 receivers
08-22 11:25:35.287  1041  2721 W ContextImpl: Calling a method in the system process without a qualified user: android.app.ContextImpl.sendBroadcastMultiplePermissions:1303 com.android.server.TelephonyRegistry.broadcastServiceStateChanged:3600 com.android.server.TelephonyRegistry.notifyServiceStateForPhoneId:1728 com.android.internal.telephony.ITelephonyRegistry$Stub.onTransact:534 android.os.Binder.execTransactInternal:1344 
08-22 11:25:35.287  1041  2721 V BroadcastQueue: Enqueuing BroadcastRecord{b234b7a android.intent.action.SERVICE_STATE/u-1} from uid 1000 pid 1041 for 2 receivers
08-22 11:25:35.291  1041  1514 V AlarmManager: set(PendingIntent{78083b8: PendingIntentRecord{22a5591 android broadcastIntent}}) : type=3 listener=null listenerTag=null workSource=null callingPackage=android callingUid=1000 triggerAtTime=431057128 win=225000 tElapsed=431057128 maxElapsed=431282128 interval=0 flags=0x8
08-22 11:25:35.304  1041  2721 D OemAppPreloadHelaper: onKeyguardVisibilityChanged showing:true
08-22 11:25:35.311  1041  2721 D WindowManager: isSupportDynamicNavbar user0, navBarMode = 0, is3buttonModeNavbar = true
08-22 11:25:35.345  1041  2721 D WindowManager: isSupportDynamicNavbar user0, navBarMode = 0, is3buttonModeNavbar = true
08-22 11:25:35.354  1041  2739 D WindowManager: isSupportDynamicNavbar user0, navBarMode = 0, is3buttonModeNavbar = true
08-22 11:25:35.358  1041  2739 D WindowManager: isSupportDynamicNavbar user0, navBarMode = 0, is3buttonModeNavbar = true
08-22 11:25:35.505  1041  2739 D WindowManager: isSupportDynamicNavbar user0, navBarMode = 0, is3buttonModeNavbar = true
08-22 11:25:35.516  1041  2739 D WindowManager: isSupportDynamicNavbar user0, navBarMode = 0, is3buttonModeNavbar = true
08-22 11:25:35.628  1041  1110 V DisplayPowerController2[0]: Brightness [0.0] reason changing to: 'screen_off', previous reason: 'automatic'.
08-22 11:25:35.628  1041  1110 I DisplayPowerController2[0]: BrightnessEvent: disp=0, physDisp=local:4619827259835644672, brt=0.0, initBrt=0.1916697, rcmdBrt=NaN, preBrt=NaN, lux=0.0, preLux=0.0, hbmMax=1.0, hbmMode=off, rbcStrength=50, thrmMax=1.0, powerFactor=0.7, wasShortTermModelActive=true, flags=, reason=screen_off, autoBrightness=true, strategy=ScreenOffBrightnessStrategy
08-22 11:25:35.629  1041  1110 I DisplayPowerController2[0]: Blocking screen on until initial contents have been drawn.
08-22 11:25:35.632  1041  1514 V AlarmManager: set(PendingIntent{78083b8: PendingIntentRecord{22a5591 android broadcastIntent}}) : type=3 listener=null listenerTag=null workSource=null callingPackage=android callingUid=1000 triggerAtTime=431057470 win=225000 tElapsed=431057470 maxElapsed=431282470 interval=0 flags=0x8
08-22 11:25:35.636  1041  1084 I DisplayDeviceRepository: Display device changed state: "Tela integrada", ON
08-22 11:25:35.640  1041  1514 V AlarmManager: set(PendingIntent{78083b8: PendingIntentRecord{22a5591 android broadcastIntent}}) : type=3 listener=null listenerTag=null workSource=null callingPackage=android callingUid=1000 triggerAtTime=431057477 win=225000 tElapsed=431057477 maxElapsed=431282477 interval=0 flags=0x8
08-22 11:25:35.641  1041  1085 D WindowManager: isSupportDynamicNavbar user0, navBarMode = 0, is3buttonModeNavbar = true
08-22 11:25:35.644  1041  1085 D WindowManager: isSupportDynamicNavbar user0, navBarMode = 0, is3buttonModeNavbar = true
08-22 11:25:35.751  1041  2730 D BiometricUtils: isEncrypted: false isLockdown: false
08-22 11:25:35.758  1041  1082 W WindowManager: Keyguard drawn timeout. Setting mKeyguardDrawComplete
08-22 11:25:36.238  1041  2730 D ActivityManager: Skip enqueue broadcast because no receiver with Intent { act=android.intent.action.SIG_STR flg=0x10 (has extras) }
08-22 11:25:36.920  1041  1041 W Looper  : Slow dispatch took 1694ms main h=android.app.ActivityThread$H c=android.app.LoadedApk$ReceiverDispatcher$Args$$ExternalSyntheticLambda0@6186a5d m=0
08-22 11:25:36.920  1041  1041 W Looper  : Slow delivery took 1691ms main h=com.android.server.power.Notifier$NotifierHandler c=null m=7
08-22 11:25:36.920  1041  1041 D FaceProvider/default/4: onLockoutCleared after resetLockout
08-22 11:25:36.921  1041  1041 D LockoutCache: Lockout for user: 0 is 0
08-22 11:25:36.926  1041  1514 V AlarmManager: set(PendingIntent{78083b8: PendingIntentRecord{22a5591 android broadcastIntent}}) : type=3 listener=null listenerTag=null workSource=null callingPackage=android callingUid=1000 triggerAtTime=431058763 win=225000 tElapsed=431058763 maxElapsed=431283763 interval=0 flags=0x8
08-22 11:25:36.926  1041  1041 D BiometricSchedulerOperation: [Finished / destroy]: {[401] com.android.server.biometrics.sensors.face.aidl.FaceResetLockoutClient, proto=12, owner=android, cookie=0, requestId=-1, userId=0}
08-22 11:25:36.928  1041  1514 D PowerManagerService: checkWakeLock wake lock:LockoutResetMonitor:SendLockoutReset from android(1000) duration:4
08-22 11:25:36.928  1041  1514 D PowerManagerService: checkWakeLock wake lock:LockoutResetMonitor:SendLockoutReset from android(1000) duration:2
08-22 11:25:36.928  1041  1514 D PowerManagerService: checkWakeLock wake lock:faceLockoutResetCallback from com.android.systemui(10192) duration:1
08-22 11:25:37.243  1041  2721 D ActivityManager: Skip enqueue broadcast because no receiver with Intent { act=android.intent.action.SIG_STR flg=0x10 (has extras) }
08-22 11:25:37.351  1041  1110 D ActivityTaskManager: Top Process State changed to PROCESS_STATE_TOP
08-22 11:25:37.353  1321  1358 V WindowManagerShell: Transition requested: android.os.BinderProxy@7568914 TransitionRequestInfo { type = WAKE, triggerTask = null, remoteTransition = null, displayChange = null }
08-22 11:25:37.359  1041  1085 D WindowManager: isSupportDynamicNavbar user0, navBarMode = 0, is3buttonModeNavbar = true
08-22 11:25:37.360  1041  1514 V AlarmManager: set(PendingIntent{78083b8: PendingIntentRecord{22a5591 android broadcastIntent}}) : type=3 listener=null listenerTag=null workSource=null callingPackage=android callingUid=1000 triggerAtTime=431059198 win=225000 tElapsed=431059198 maxElapsed=431284198 interval=0 flags=0x8
08-22 11:25:37.363  1041  1514 V AlarmManager: set(PendingIntent{78083b8: PendingIntentRecord{22a5591 android broadcastIntent}}) : type=3 listener=null listenerTag=null workSource=null callingPackage=android callingUid=1000 triggerAtTime=431059201 win=225000 tElapsed=431059201 maxElapsed=431284201 interval=0 flags=0x8
08-22 11:25:37.366  1041  1514 V AlarmManager: set(PendingIntent{78083b8: PendingIntentRecord{22a5591 android broadcastIntent}}) : type=3 listener=null listenerTag=null workSource=null callingPackage=android callingUid=1000 triggerAtTime=431059204 win=225000 tElapsed=431059204 maxElapsed=431284204 interval=0 flags=0x8
08-22 11:25:37.397  1041  1058 D UnisocVariableRefreshRateImpl: setCurrentPackageName, return when current focus window namenot contains packageName: org.telegram.messenger mCurrentRequestFocusWindowName: 150bd5a NotificationShade
08-22 11:25:37.404  1041  1058 D WindowManager: isSupportDynamicNavbar user0, navBarMode = 0, is3buttonModeNavbar = true
08-22 11:25:37.450  1041  1058 D WindowManager: finishDrawingLocked: merge with mWin.mSyncTransaction!!! ,mWin = Window{12d4ae u0 org.telegram.messenger/org.telegram.ui.LaunchActivity}, [type=1]-[Surface(name=*Title#34962)/@0x5c79f32, shown=false, alpha=0.0, windowType=1] ,inputHandle = 12d4ae org.telegram.messenger/org.telegram.ui.LaunchActivity, frame=[0,0,0,0], touchableRegion=SkRegion((0,0,720,1612)), scaleFactor=1.0, transform=null, windowToken=android.os.BinderProxy@2df4929, displayId=0, isClone=false, packageName=org.telegram.messenger, ownerPid=32563, touchableRegionSurfaceControl=java.lang.ref.WeakReference@b2c3483, replaceTouchableRegionWithCrop=false, changed=false
08-22 11:25:37.451  1041  1085 D WindowManager: isSupportDynamicNavbar user0, navBarMode = 0, is3buttonModeNavbar = true
08-22 11:25:37.457  1041  1081 V WindowManager: Sent Transition #2902 createdAt=08-22 11:25:37.352 via request=TransitionRequestInfo { type = WAKE, triggerTask = null, remoteTransition = null, displayChange = null }
08-22 11:25:37.457  1041  1081 V WindowManager:     startWCT=WindowContainerTransaction { changes = {} hops = [] errorCallbackToken=null taskFragmentOrganizer=null }
08-22 11:25:37.458  1041  1081 V WindowManager:     info={id=2902 t=WAKE f=0x0 trk=0 r=[0@Point(0, 0)] c=[{WCT{RemoteToken{442c968 Task{dcd984 #11558 type=standard A=10266:org.telegram.messenger}}} m=TO_FRONT f=NONE p=WCT{RemoteToken{b2c3635 DefaultTaskDisplayArea@24810433}} leash=Surface(name=Task=11558#34912)/@0xfc8117c sb=Rect(0, 0 - 720, 1612) eb=Rect(0, 0 - 720, 1612) d=0},{WCT{RemoteToken{b2c3635 DefaultTaskDisplayArea@24810433}} m=TO_FRONT f=NONE leash=Surface(name=DefaultTaskDisplayArea#9)/@0x89bf6bf sb=Rect(0, 0 - 720, 1612) eb=Rect(0, 0 - 720, 1612) d=0}]}
08-22 11:25:37.458  1041  1085 D WindowManager: isSupportDynamicNavbar user0, navBarMode = 0, is3buttonModeNavbar = true
08-22 11:25:37.458  1321  1358 V WindowManagerShell: onTransitionReady android.os.BinderProxy@7568914: {id=2902 t=WAKE f=0x0 trk=0 r=[0@Point(0, 0)] c=[{WCT{android.window.IWindowContainerToken$Stub$Proxy@f9d2280} m=TO_FRONT f=NONE p=WCT{android.window.IWindowContainerToken$Stub$Proxy@56ae0b9} leash=Surface(name=Task=11558#34912)/@0x714a5bd sb=Rect(0, 0 - 720, 1612) eb=Rect(0, 0 - 720, 1612) d=0},{WCT{android.window.IWindowContainerToken$Stub$Proxy@7103cfe} m=TO_FRONT f=NONE leash=Surface(name=DefaultTaskDisplayArea#9)/@0xb7857b2 sb=Rect(0, 0 - 720, 1612) eb=Rect(0, 0 - 720, 1612) d=0}]}
08-22 11:25:37.458  1321  1358 V WindowManagerShell: Playing animation for (#2902)android.os.BinderProxy@7568914@0
08-22 11:25:37.458  1321  1358 V WindowManagerShell:  try handler com.android.wm.shell.transition.DefaultMixedHandler@a8d0d33
08-22 11:25:37.459  1321  1358 V WindowManagerShell:  try handler com.android.wm.shell.keyguard.KeyguardTransitionHandler@f8f9f99
08-22 11:25:37.459  1321  1358 V WindowManagerShell:  try handler com.android.wm.shell.activityembedding.ActivityEmbeddingController@c1dc25e
08-22 11:25:37.459  1321  1358 V WindowManagerShell:  try handler com.android.wm.shell.recents.RecentsTransitionHandler@c98963f
08-22 11:25:37.459  1321  1358 V ShellRecents: RecentsTransitionHandler.startAnimation: no controller found
08-22 11:25:37.459  1321  1358 V WindowManagerShell:  try handler com.android.wm.shell.pip.PipTransition@e795b0c
08-22 11:25:37.459  1321  1358 V WindowManagerShell:  try handler com.android.wm.shell.splitscreen.StageCoordinator@ab19c55
08-22 11:25:37.459  1321  1358 V WindowManagerShell:  try handler com.android.wm.shell.transition.RemoteTransitionHandler@9ffa66a
08-22 11:25:37.459  1321  1358 V WindowManagerShell: Transition doesn't have explicit remote, search filters for match for {id=2902 t=WAKE f=0x0 trk=0 r=[0@Point(0, 0)] c=[{WCT{android.window.IWindowContainerToken$Stub$Proxy@f9d2280} m=TO_FRONT f=NONE p=WCT{android.window.IWindowContainerToken$Stub$Proxy@56ae0b9} leash=Surface(name=Task=11558#34912)/@0x714a5bd sb=Rect(0, 0 - 720, 1612) eb=Rect(0, 0 - 720, 1612) d=0},{WCT{android.window.IWindowContainerToken$Stub$Proxy@7103cfe} m=TO_FRONT f=NONE leash=Surface(name=DefaultTaskDisplayArea#9)/@0xb7857b2 sb=Rect(0, 0 - 720, 1612) eb=Rect(0, 0 - 720, 1612) d=0}]}
08-22 11:25:37.459  1321  1358 V WindowManagerShell:  Delegate animation for #2902 to null
08-22 11:25:37.459  1321  1358 V WindowManagerShell:  try handler com.android.wm.shell.transition.DefaultTransitionHandler@68a575b
08-22 11:25:37.459  1321  1358 V WindowManagerShell: start default transition animation, info = {id=2902 t=WAKE f=0x0 trk=0 r=[0@Point(0, 0)] c=[{WCT{android.window.IWindowContainerToken$Stub$Proxy@f9d2280} m=TO_FRONT f=NONE p=WCT{android.window.IWindowContainerToken$Stub$Proxy@56ae0b9} leash=Surface(name=Task=11558#34912)/@0x714a5bd sb=Rect(0, 0 - 720, 1612) eb=Rect(0, 0 - 720, 1612) d=0},{WCT{android.window.IWindowContainerToken$Stub$Proxy@7103cfe} m=TO_FRONT f=NONE leash=Surface(name=DefaultTaskDisplayArea#9)/@0xb7857b2 sb=Rect(0, 0 - 720, 1612) eb=Rect(0, 0 - 720, 1612) d=0}]}
08-22 11:25:37.460  1321  1358 V WindowManagerShell: Transition animation finished (aborted=false), notifying core (#2902)android.os.BinderProxy@7568914@0
08-22 11:25:37.461  1041  1085 D WindowManager: isSupportDynamicNavbar user0, navBarMode = 0, is3buttonModeNavbar = true
08-22 11:25:37.464  1041  1085 D WindowManager: isSupportDynamicNavbar user0, navBarMode = 0, is3buttonModeNavbar = true
08-22 11:25:37.467  1041  1514 V AlarmManager: set(PendingIntent{78083b8: PendingIntentRecord{22a5591 android broadcastIntent}}) : type=3 listener=null listenerTag=null workSource=null callingPackage=android callingUid=1000 triggerAtTime=431059304 win=225000 tElapsed=431059304 maxElapsed=431284304 interval=0 flags=0x8
08-22 11:25:37.469  1041  1081 V WindowManager: Finish Transition #2902: created at 08-22 11:25:37.352 collect-started=0.063ms request-sent=0.166ms started=6.311ms ready=6.249ms sent=103.922ms finished=116.573ms
08-22 11:25:37.786  1041  1110 I DisplayBrightnessStrategySelector: Changing the DisplayBrightnessStrategy from ScreenOffBrightnessStrategy toInvalidBrightnessStrategy for display 0
08-22 11:25:37.788  1321  1358 V WindowManagerShell: Track 0 became idle
08-22 11:25:37.788  1321  1358 V WindowManagerShell: All active transition animations finished
08-22 11:25:37.788  1321  1358 V WindowManagerShell:  animated by com.android.wm.shell.transition.DefaultTransitionHandler@68a575b
08-22 11:25:37.788  1321  1358 V WindowManagerShell: Track 0 became idle
08-22 11:25:37.788  1321  1358 V WindowManagerShell: All active transition animations finished
08-22 11:25:37.789  1041  1143 D WindowManager: isSupportDynamicNavbar user0, navBarMode = 0, is3buttonModeNavbar = true
08-22 11:25:37.796  1041  1041 W Looper  : Slow dispatch took 868ms main h=com.android.server.power.Notifier$NotifierHandler c=com.android.server.power.Notifier$$ExternalSyntheticLambda9@298fcf4 m=0
08-22 11:25:37.797  1041  1041 E ActivityManager: Cancel pending or running compactions as system is awake
08-22 11:25:37.798  1041  1085 D WindowManager: isSupportDynamicNavbar user0, navBarMode = 0, is3buttonModeNavbar = true
08-22 11:25:37.803  1041  1514 V AlarmManager: set(PendingIntent{78083b8: PendingIntentRecord{22a5591 android broadcastIntent}}) : type=3 listener=null listenerTag=null workSource=null callingPackage=android callingUid=1000 triggerAtTime=431059640 win=225000 tElapsed=431059640 maxElapsed=431284640 interval=0 flags=0x8
08-22 11:25:37.809  1041  1514 V AlarmManager: set(PendingIntent{78083b8: PendingIntentRecord{22a5591 android broadcastIntent}}) : type=3 listener=null listenerTag=null workSource=null callingPackage=android callingUid=1000 triggerAtTime=431059646 win=225000 tElapsed=431059646 maxElapsed=431284646 interval=0 flags=0x8
08-22 11:25:37.813  1041  1041 V BroadcastQueue: Enqueuing BroadcastRecord{6de0554 android.intent.action.BATTERY_CHANGED/u-1} from uid 1000 pid 1041 for 21 receivers
08-22 11:25:37.816  1041  1514 V AlarmManager: set(PendingIntent{78083b8: PendingIntentRecord{22a5591 android broadcastIntent}}) : type=3 listener=null listenerTag=null workSource=null callingPackage=android callingUid=1000 triggerAtTime=431059653 win=225000 tElapsed=431059653 maxElapsed=431284653 interval=0 flags=0x8
08-22 11:25:37.817  1041  1041 D UaBiometricScheduler/FingerprintProvider/default/5: [Added] {[402] com.android.server.biometrics.sensors.fingerprint.aidl.FingerprintAuthenticationClient, proto=3, owner=com.android.systemui, cookie=0, requestId=196, userId=0}, new queue size: 1
08-22 11:25:37.817  1041  1041 D UaBiometricScheduler/FingerprintProvider/default/5: [Polled] {[402] com.android.server.biometrics.sensors.fingerprint.aidl.FingerprintAuthenticationClient, proto=3, owner=com.android.systemui, cookie=0, requestId=196, userId=0}, State: 0
08-22 11:25:37.817  1041  1041 D GestureAvailabilityTracker: Notifying gesture availability, active=false
08-22 11:25:37.817  1041  1041 D UaBiometricScheduler/FingerprintProvider/default/5: [Started] {[402] com.android.server.biometrics.sensors.fingerprint.aidl.FingerprintAuthenticationClient, proto=3, owner=com.android.systemui, cookie=0, requestId=196, userId=0}
08-22 11:25:37.817  1041  1041 D BiometricStateCallback: State updated from 0 to 2, client {[402] com.android.server.biometrics.sensors.fingerprint.aidl.FingerprintAuthenticationClient, proto=3, owner=com.android.systemui, cookie=0, requestId=196, userId=0}
08-22 11:25:37.818  1041  1041 D Biometrics/AuthenticationClient: Requesting auth for com.android.systemui
08-22 11:25:37.819  1041  1041 V BiometricSchedulerOperation: started: {[402] com.android.server.biometrics.sensors.fingerprint.aidl.FingerprintAuthenticationClient, proto=3, owner=com.android.systemui, cookie=0, requestId=196, userId=0}, State: 2
08-22 11:25:37.820  1041  1041 D UaBiometricScheduler/FaceProvider/default/4: [Finishing] {[401] com.android.server.biometrics.sensors.face.aidl.FaceResetLockoutClient, proto=12, owner=android, cookie=0, requestId=-1, userId=0}, success: true
08-22 11:25:37.820  1041  1041 D UaBiometricScheduler/FaceProvider/default/4: No operations, returning to idle
08-22 11:25:37.823  1041  1041 W Looper  : Drained
08-22 11:25:37.827  1041  1092 D BroadcastQueue: Skip update running list, mRunnableHead=BroadcastProcessQueue{6266d1c 1445:com.spreadtrum.ims/1001} Max running broadcast queue size is 5 current is 4 usedExtra is 1
08-22 11:25:37.828  1041  1092 D BroadcastQueue: Skip update running list, mRunnableHead=BroadcastProcessQueue{6266d1c 1445:com.spreadtrum.ims/1001} Max running broadcast queue size is 5 current is 4 usedExtra is 1
08-22 11:25:37.830  1041  1041 V AlarmManager: set(null) : type=2 listener=android.app.AlarmManager$ListenerWrapper@e84f69e listenerTag=LockSettingsPrimaryAuth.nonStrongBiometricIdleTimeoutForUser workSource=null callingPackage=android callingUid=1000 triggerAtTime=445159667 win=0 tElapsed=445159667 maxElapsed=445159667 interval=0 flags=0x9
08-22 11:25:37.831  1041  1092 D BroadcastQueue: Skip update running list, mRunnableHead=BroadcastProcessQueue{6266d1c 1445:com.spreadtrum.ims/1001} Max running broadcast queue size is 5 current is 4 usedExtra is 1
08-22 11:25:37.833  1041  1092 D BroadcastQueue: Skip update running list, mRunnableHead=BroadcastProcessQueue{6266d1c 1445:com.spreadtrum.ims/1001} Max running broadcast queue size is 5 current is 4 usedExtra is 1
08-22 11:25:37.833  1041  1092 D BroadcastQueue: Skip update running list, mRunnableHead=BroadcastProcessQueue{6266d1c 1445:com.spreadtrum.ims/1001} Max running broadcast queue size is 5 current is 4 usedExtra is 1
08-22 11:25:37.834  1041  1092 D BroadcastQueue: Skip update running list, mRunnableHead=BroadcastProcessQueue{6266d1c 1445:com.spreadtrum.ims/1001} Max running broadcast queue size is 5 current is 4 usedExtra is 1
08-22 11:25:37.834  1041  1041 D UnisocSensorImpl: onAcquiredtoWakeupScreen
08-22 11:25:37.834  1041  1041 D UnisocSensorImpl: onAcquiredtoWakeupScreen: ,vendorCode 1,mWakeupEarly true
08-22 11:25:37.835  1041  1041 V Biometrics/AcquisitionClient: Acquired: 6 1, shouldSend: true
08-22 11:25:37.837  1041  1092 D BroadcastQueue: Skip update running list, mRunnableHead=BroadcastProcessQueue{6266d1c 1445:com.spreadtrum.ims/1001} Max running broadcast queue size is 5 current is 4 usedExtra is 1
08-22 11:25:37.838  1041  1092 D BroadcastQueue: Skip update running list, mRunnableHead=BroadcastProcessQueue{6266d1c 1445:com.spreadtrum.ims/1001} Max running broadcast queue size is 5 current is 4 usedExtra is 1
08-22 11:25:37.839  1041  1092 D BroadcastQueue: Skip update running list, mRunnableHead=BroadcastProcessQueue{6266d1c 1445:com.spreadtrum.ims/1001} Max running broadcast queue size is 5 current is 4 usedExtra is 1
08-22 11:25:37.842  1041  1092 D BroadcastQueue: Skip update running list, mRunnableHead=BroadcastProcessQueue{6266d1c 1445:com.spreadtrum.ims/1001} Max running broadcast queue size is 5 current is 4 usedExtra is 1
08-22 11:25:37.843  1041  1092 D BroadcastQueue: Skip update running list, mRunnableHead=BroadcastProcessQueue{6266d1c 1445:com.spreadtrum.ims/1001} Max running broadcast queue size is 5 current is 4 usedExtra is 1
08-22 11:25:37.845  1041  1092 D BroadcastQueue: Skip update running list, mRunnableHead=BroadcastProcessQueue{603e756 2153:rkr.simplekeyboard.inputmethod/u0a275} Max running broadcast queue size is 5 current is 4 usedExtra is 1
08-22 11:25:37.847  1041  1092 D BroadcastQueue: Skip update running list, mRunnableHead=BroadcastProcessQueue{2d0ffe5 2258:com.microsoft.launcher/u0a236} Max running broadcast queue size is 5 current is 4 usedExtra is 1
08-22 11:25:37.850  1041  1092 D BroadcastQueue: Skip update running list, mRunnableHead=BroadcastProcessQueue{398ec50 1647:com.motorola.launcher3/u0a95} Max running broadcast queue size is 5 current is 4 usedExtra is 1
08-22 11:25:37.854  1041  1092 D BroadcastQueue: Skip update running list, mRunnableHead=null Max running broadcast queue size is 5 current is 4 usedExtra is 1
08-22 11:25:37.857  1041  1085 D WindowManager: isSupportDynamicNavbar user0, navBarMode = 0, is3buttonModeNavbar = true
08-22 11:25:37.860  1041  1085 D WindowManager: isSupportDynamicNavbar user0, navBarMode = 0, is3buttonModeNavbar = true
08-22 11:25:37.866  1041  1222 V BroadcastQueue: Enqueuing BroadcastRecord{7c022c0 android.net.wifi.RSSI_CHANGED/u-1} from uid 1000 pid 1041 for 1 receivers
08-22 11:25:38.219  1041  2216 V ALSProbe: Enable ALS: 189320690
08-22 11:25:38.220  1041  1110 V DisplayPowerController2[0]: Brightness [0.1916697] reason changing to: 'automatic', previous reason: 'screen_off'.
08-22 11:25:38.220  1041  1110 I DisplayPowerController2[0]: BrightnessEvent: disp=0, physDisp=local:4619827259835644672, brt=0.1916697, initBrt=0.0, rcmdBrt=0.1916697, preBrt=NaN, lux=0.0, preLux=0.0, hbmMax=1.0, hbmMode=off, rbcStrength=50, thrmMax=1.0, powerFactor=0.7, wasShortTermModelActive=true, flags=, reason=automatic, autoBrightness=true, strategy=InvalidBrightnessStrategy
08-22 11:25:38.221  1041  1110 I DisplayPowerController2[0]: Unblocked screen on after 2591 ms
08-22 11:25:38.225  1041  1110 W PowerManagerService: Screen on took 2982 ms
08-22 11:25:38.226  1041  1143 V AlarmManager: set(null) : type=2 listener=android.app.IAlarmListener$Stub$Proxy@411d73e listenerTag=KeyguardIndication workSource=null callingPackage=com.android.systemui callingUid=10192 triggerAtTime=430764162 win=0 tElapsed=430765063 maxElapsed=430765063 interval=0 flags=0x9
08-22 11:25:38.229  1041  2721 V AlarmManager: set(null) : type=2 listener=android.app.IAlarmListener$Stub$Proxy@321b99f listenerTag=KeyguardIndication workSource=null callingPackage=com.android.systemui callingUid=10192 triggerAtTime=430764165 win=0 tElapsed=430765067 maxElapsed=430765067 interval=0 flags=0x9
08-22 11:25:39.605  1041  1082 W Looper  : Slow dispatch took 1743ms android.ui h=android.os.Handler c=com.android.server.wm.DisplayRotation$OrientationListener@39b1749 m=0
08-22 11:25:39.605  1041  1082 W Looper  : Slow delivery took 1720ms android.ui h=com.android.server.am.ActivityManagerService$UiHandler c=com.android.server.am.UidObserverController$$ExternalSyntheticLambda0@5b36cf8 m=0
08-22 11:25:39.606  1041  2721 D ActivityManager: Skip enqueue broadcast because no receiver with Intent { act=android.intent.action.SIG_STR flg=0x10 (has extras) }
08-22 11:25:39.609  1041  2721 D ActivityManager: Skip enqueue broadcast because no receiver with Intent { act=android.intent.action.SIG_STR flg=0x10 (has extras) }
08-22 11:25:39.611  1041  1081 V BroadcastQueue: Enqueuing BroadcastRecord{4d0294a android.intent.action.SCREEN_OFF/u-1} from uid 1000 pid 1041 for 57 receivers
08-22 11:25:39.613  1041  1169 D UnisocAlarmManagerService: setHeartBeatAdjustEnable() enable = true, updated = false
08-22 11:25:39.613  1041  1169 D UnisocAlarmManagerService: rebatchAllAlarms
08-22 11:25:39.615  1041  1169 D UnisocAlarmManagerService: rebatchAllAlarms:changed:true
08-22 11:25:39.621  1041  1041 I PowerManagerService: onFlip(): Face up.
08-22 11:25:39.625  1041  1092 D BroadcastQueue: Skip update running list, mRunnableHead=BroadcastProcessQueue{6266d1c 1445:com.spreadtrum.ims/1001} Max running broadcast queue size is 5 current is 4 usedExtra is 1
08-22 11:25:39.626  1041  2721 V AlarmManager: set(PendingIntent{ae789d8: PendingIntentRecord{2b83fdd com.android.phone broadcastIntent}}) : type=2 listener=null listenerTag=null workSource=null callingPackage=com.android.phone callingUid=1001 triggerAtTime=432561463 win=0 tElapsed=432561463 maxElapsed=432561463 interval=0 flags=0x9
08-22 11:25:39.626  1041  1092 D BroadcastQueue: Skip update running list, mRunnableHead=BroadcastProcessQueue{6266d1c 1445:com.spreadtrum.ims/1001} Max running broadcast queue size is 5 current is 4 usedExtra is 1
08-22 11:25:39.626  1041  1092 D BroadcastQueue: Skip update running list, mRunnableHead=BroadcastProcessQueue{6266d1c 1445:com.spreadtrum.ims/1001} Max running broadcast queue size is 5 current is 4 usedExtra is 1
08-22 11:25:39.627  1041  1153 V AlarmManager: set(null) : type=2 listener=android.app.AlarmManager$ListenerWrapper@91c013e listenerTag=JS idleness workSource=null callingPackage=android callingUid=1000 triggerAtTime=432621465 win=300000 tElapsed=432621465 maxElapsed=432921465 interval=0 flags=0x8
08-22 11:25:39.628  1041  1514 V AlarmManager: set(PendingIntent{78083b8: PendingIntentRecord{22a5591 android broadcastIntent}}) : type=3 listener=null listenerTag=null workSource=null callingPackage=android callingUid=1000 triggerAtTime=430766464 win=0 tElapsed=430766464 maxElapsed=430766464 interval=0 flags=0x8
08-22 11:25:39.630  1041  1092 D BroadcastQueue: Skip update running list, mRunnableHead=BroadcastProcessQueue{6266d1c 1445:com.spreadtrum.ims/1001} Max running broadcast queue size is 5 current is 4 usedExtra is 1
08-22 11:25:39.631  1041  1092 D BroadcastQueue: Skip update running list, mRunnableHead=BroadcastProcessQueue{6266d1c 1445:com.spreadtrum.ims/1001} Max running broadcast queue size is 5 current is 4 usedExtra is 1
08-22 11:25:39.633  1041  1092 D BroadcastQueue: Skip update running list, mRunnableHead=BroadcastProcessQueue{6266d1c 1445:com.spreadtrum.ims/1001} Max running broadcast queue size is 5 current is 4 usedExtra is 1
08-22 11:25:39.635  1041  1092 D BroadcastQueue: Skip update running list, mRunnableHead=BroadcastProcessQueue{6266d1c 1445:com.spreadtrum.ims/1001} Max running broadcast queue size is 5 current is 4 usedExtra is 1
08-22 11:25:39.636  1041  1092 W ProcessStats: Tracking association SourceState{1773dde com.android.phone/1001 Persist #319340} whose proc state 0 is better than process ProcessState{9493131 com.spreadtrum.ims/1001 pkg=com.spreadtrum.ims} proc state 5 (120 skipped)
08-22 11:25:39.637  1041  1092 D BroadcastQueue: Skip update running list, mRunnableHead=BroadcastProcessQueue{603e756 2153:rkr.simplekeyboard.inputmethod/u0a275} Max running broadcast queue size is 5 current is 4 usedExtra is 1
08-22 11:25:39.638  1041  1092 D BroadcastQueue: Skip update running list, mRunnableHead=BroadcastProcessQueue{603e756 2153:rkr.simplekeyboard.inputmethod/u0a275} Max running broadcast queue size is 5 current is 4 usedExtra is 1
08-22 11:25:39.643  1041  1082 W Looper  : Drained
08-22 11:25:39.645  1041  1092 D BroadcastQueue: Skip update running list, mRunnableHead=BroadcastProcessQueue{73fb84d 6476:com.google.android.gms.persistent/u0a145} Max running broadcast queue size is 5 current is 4 usedExtra is 1
08-22 11:25:39.649  1041  1092 D BroadcastQueue: Skip update running list, mRunnableHead=null Max running broadcast queue size is 5 current is 4 usedExtra is 1
08-22 11:25:39.667  1041  1143 V AlarmManager: set(PendingIntent{8376b84: PendingIntentRecord{e36c2fa com.google.android.gms/com.google.android.gms.scheduler broadcastIntent}}) : type=3 listener=null listenerTag=null workSource=WorkSource{10145 com.google.android.gms} callingPackage=com.google.android.gms callingUid=10145 triggerAtTime=431661504 win=675000 tElapsed=431661504 maxElapsed=432336504 interval=0 flags=0x0
08-22 11:25:40.247  1041  1572 D ActivityManager: Skip enqueue broadcast because no receiver with Intent { act=android.intent.action.SIG_STR flg=0x10 (has extras) }
08-22 11:25:40.900  1041  1514 V AlarmManager: set(PendingIntent{78083b8: PendingIntentRecord{22a5591 android broadcastIntent}}) : type=3 listener=null listenerTag=null workSource=null callingPackage=android callingUid=1000 triggerAtTime=431062738 win=225000 tElapsed=431062738 maxElapsed=431287738 interval=0 flags=0x8
08-22 11:25:41.333  1041  1081 V BroadcastQueue: Enqueuing BroadcastRecord{3205569 android.intent.action.SCREEN_ON/u-1} from uid 1000 pid 1041 for 49 receivers
08-22 11:25:41.335  1041  1169 D UnisocAlarmManagerService: setHeartBeatAdjustEnable() enable = false, updated = false
08-22 11:25:41.335  1041  1169 D UnisocAlarmManagerService: rebatchAllAlarms
08-22 11:25:41.336  1041  1169 D UnisocAlarmManagerService: rebatchAllAlarms:changed:false
08-22 11:25:41.337  1041  1041 V BroadcastQueue: Enqueuing BroadcastRecord{7008bee android.intent.action.TIME_TICK/u-1} from uid 1000 pid 1041 for 3 receivers
08-22 11:25:42.622  1041  1041 W Looper  : Slow dispatch took 1280ms main h=android.app.ActivityThread$H c=android.app.LoadedApk$ReceiverDispatcher$Args$$ExternalSyntheticLambda0@45fdf25 m=0
08-22 11:25:42.625  1041  1092 D BroadcastQueue: Skip update running list, mRunnableHead=BroadcastProcessQueue{6266d1c 1445:com.spreadtrum.ims/1001} Max running broadcast queue size is 5 current is 4 usedExtra is 1
08-22 11:25:42.626  1041  1092 D BroadcastQueue: Skip update running list, mRunnableHead=BroadcastProcessQueue{6266d1c 1445:com.spreadtrum.ims/1001} Max running broadcast queue size is 5 current is 4 usedExtra is 1
08-22 11:25:42.643  1041  1092 D BroadcastQueue: Skip update running list, mRunnableHead=BroadcastProcessQueue{398ec50 1647:com.motorola.launcher3/u0a95} Max running broadcast queue size is 5 current is 4 usedExtra is 1
08-22 11:25:42.644  1041  1092 D BroadcastQueue: Skip update running list, mRunnableHead=BroadcastProcessQueue{398ec50 1647:com.motorola.launcher3/u0a95} Max running broadcast queue size is 5 current is 4 usedExtra is 1
08-22 11:25:42.657  1041  1222 V BroadcastQueue: Enqueuing BroadcastRecord{ad4deab android.net.wifi.RSSI_CHANGED/u-1} from uid 1000 pid 1041 for 1 receivers
08-22 11:25:43.229  1041  1171 D AlarmManager: waitForAlarm result:4currentTime=1755872743229, elapsedRealtime=430765067
08-22 11:25:43.233  1041  1171 D AlarmManager: sending alarm.type = 2, action = null, alarm = Alarm{bbd1908 type 2 origWhen 430764165 whenElapsed 430765067 com.android.systemui}, cn = null, operation = null, listener=android.app.IAlarmListener$Stub$Proxy@321b99f, listenerTag=KeyguardIndication, workSource=null
08-22 11:25:43.246  1041  1110 V DisplayPowerController2[0]: Brightness [0.05] reason changing to: 'automatic [ dim ]', previous reason: 'automatic'.
08-22 11:25:43.246  1041  1110 I DisplayPowerController2[0]: BrightnessEvent: disp=0, physDisp=local:4619827259835644672, brt=0.05, initBrt=0.1916697, rcmdBrt=0.1916697, preBrt=NaN, lux=0.0, preLux=0.0, hbmMax=1.0, hbmMode=off, rbcStrength=50, thrmMax=1.0, powerFactor=0.7, wasShortTermModelActive=true, flags=, reason=automatic [ dim ], autoBrightness=true, strategy=InvalidBrightnessStrategy
08-22 11:25:43.292  1041  1181 E PowerManagerServiceEx: interaction scene is null !
08-22 11:25:43.294  1041  1110 V DisplayPowerController2[0]: Brightness [0.1916697] reason changing to: 'automatic', previous reason: 'automatic [ dim ]'.
08-22 11:25:43.294  1041  1110 I DisplayPowerController2[0]: BrightnessEvent: disp=0, physDisp=local:4619827259835644672, brt=0.1916697, initBrt=0.05, rcmdBrt=0.1916697, preBrt=NaN, lux=0.0, preLux=0.0, hbmMax=1.0, hbmMode=off, rbcStrength=50, thrmMax=1.0, powerFactor=0.7, wasShortTermModelActive=true, flags=, reason=automatic, autoBrightness=true, strategy=InvalidBrightnessStrategy
08-22 11:25:43.391  1041  1181 E PowerManagerServiceEx: interaction scene is null !
08-22 11:25:43.917  1041  1143 D ActivityManager: Skip enqueue broadcast because no receiver with Intent { act=android.intent.action.SIG_STR flg=0x10 (has extras) }
08-22 11:25:44.967  1041  1181 E PowerManagerServiceEx: interaction scene is null !
08-22 11:25:45.339  1041  1165 D ActivityManager: freezing 31750 com.google.android.cellbroadcastreceiver
08-22 11:25:45.680   395  1626 I keystore2: system/security/keystore2/src/watchdog.rs:319 - Watchdog thread idle -> terminating. Have a great day.
08-22 11:25:45.984  1041  1181 E PowerManagerServiceEx: interaction scene is null !
08-22 11:25:46.084  1041  1181 E PowerManagerServiceEx: interaction scene is null !
08-22 11:25:46.184  1041  1181 E PowerManagerServiceEx: interaction scene is null !
08-22 11:25:46.285  1041  1181 E PowerManagerServiceEx: interaction scene is null !
08-22 11:25:46.497  1041  1181 E PowerManagerServiceEx: interaction scene is null !
08-22 11:25:46.782  1041  1181 E PowerManagerServiceEx: interaction scene is null !
08-22 11:25:47.100  1041  1181 E PowerManagerServiceEx: interaction scene is null !
08-22 11:25:47.252  1041  1181 E PowerManagerServiceEx: interaction scene is null !
08-22 11:25:47.352  1041  1181 E PowerManagerServiceEx: interaction scene is null !
08-22 11:25:47.452  1041  1181 E PowerManagerServiceEx: interaction scene is null !
08-22 11:25:47.695  1041  1041 D UnisocSensorImpl: onAcquiredtoWakeupScreen
08-22 11:25:47.695  1041  1041 D UnisocSensorImpl: onAcquiredtoWakeupScreen: ,vendorCode 102,mWakeupEarly true
08-22 11:25:47.695  1041  1041 V Biometrics/AcquisitionClient: Acquired: 6 102, shouldSend: true
08-22 11:25:47.696  1321  1321 W FingerprintManager: Invalid acquired message: 6, 102
08-22 11:25:47.823  1041  1041 D UnisocSensorImpl: onAuthenticatedSuccesstoUnscreenBolock
08-22 11:25:47.823  1041  1041 V BiometricLogger: Authentication latency: -1
08-22 11:25:47.824  1041  1041 V Biometrics/AuthenticationClient: onAuthenticated(true), ID:-1271600948, Owner: com.android.systemui, isBP: false, listener: com.android.server.biometrics.sensors.ClientMonitorCallbackConverter@8aec89b, requireConfirmation: false, user: 0, clientMonitor: {[402] com.android.server.biometrics.sensors.fingerprint.aidl.FingerprintAuthenticationClient, proto=3, owner=com.android.systemui, cookie=0, requestId=196, userId=0}
08-22 11:25:47.824  1041  1041 W Biometrics/AuthenticationClient: Allowing background authentication, this is allowed only for platform or test invocations
08-22 11:25:47.824  1041  1041 D BaseClientMonitor: marking operation as done: {[402] com.android.server.biometrics.sensors.fingerprint.aidl.FingerprintAuthenticationClient, proto=3, owner=com.android.systemui, cookie=0, requestId=196, userId=0}
08-22 11:25:47.824  1041  1041 D BiometricService: resetLockout from: 5, for: 4, userId: 0
08-22 11:25:47.826  1041  1041 D Biometrics/AuthenticationClient: Error adding auth token : 0
08-22 11:25:47.826  1041  1041 D BiometricStateCallback: Client finished, state updated to 0, client {[402] com.android.server.biometrics.sensors.fingerprint.aidl.FingerprintAuthenticationClient, proto=3, owner=com.android.systemui, cookie=0, requestId=196, userId=0}
08-22 11:25:47.827  1041  1041 D BiometricSchedulerOperation: [Finished / destroy]: {[402] com.android.server.biometrics.sensors.fingerprint.aidl.FingerprintAuthenticationClient, proto=3, owner=com.android.systemui, cookie=0, requestId=196, userId=0}
08-22 11:25:47.828  1041  1041 D UaBiometricScheduler/FaceProvider/default/4: [Added] {[403] com.android.server.biometrics.sensors.face.aidl.FaceResetLockoutClient, proto=12, owner=android, cookie=0, requestId=-1, userId=0}, new queue size: 1
08-22 11:25:47.828  1041  1041 D UaBiometricScheduler/FaceProvider/default/4: [Polled] {[403] com.android.server.biometrics.sensors.face.aidl.FaceResetLockoutClient, proto=12, owner=android, cookie=0, requestId=-1, userId=0}, State: 0
08-22 11:25:47.828  1041  1041 D UaBiometricScheduler/FaceProvider/default/4: [Started] {[403] com.android.server.biometrics.sensors.face.aidl.FaceResetLockoutClient, proto=12, owner=android, cookie=0, requestId=-1, userId=0}
08-22 11:25:47.829  1041  1041 V BiometricSchedulerOperation: started: {[403] com.android.server.biometrics.sensors.face.aidl.FaceResetLockoutClient, proto=12, owner=android, cookie=0, requestId=-1, userId=0}, State: 2
08-22 11:25:47.829  1041  1041 D UaBiometricScheduler/FingerprintProvider/default/5: [Finishing] {[402] com.android.server.biometrics.sensors.fingerprint.aidl.FingerprintAuthenticationClient, proto=3, owner=com.android.systemui, cookie=0, requestId=196, userId=0}, success: true
08-22 11:25:47.829  1041  1041 D GestureAvailabilityTracker: Notifying gesture availability, active=true
08-22 11:25:47.829  1041  1041 D UaBiometricScheduler/FingerprintProvider/default/5: No operations, returning to idle
08-22 11:25:47.830  1041  1041 D BiometricService: Sensor ID(4), oemStrength: 4095, updatedStrength: 4095, modality 8, state: 0, cookie: 0, sensorId 4, hasEnrollments: false cannot participate in Keystore operations
08-22 11:25:47.831  1041  1573 E PowerManagerServiceEx: interaction scene is null !
08-22 11:25:47.831   395  4853 I keystore2: system/security/keystore2/src/authorization.rs:143 - on_lock_screen_event(r#UNLOCK, user_id=0, password.is_some()=false, unlocking_sids=Some([-6537068394135062123]))
08-22 11:25:47.838  1041  1143 D PowerManagerServiceEx: unblockScreenOnLocked wakeUp
08-22 11:25:47.868  1041  1143 D OemAppPreloadHelaper: onKeyguardVisibilityChanged showing:false
08-22 11:25:47.868  1041  1143 D OemAppPreloadHelaper: onKeyguardVisibilityChanged showing:false
08-22 11:25:47.869  1041  1143 D OemAppPreloadHelaper: onKeyguardVisibilityChanged showing:false
08-22 11:25:47.869  1041  1143 D OemAppPreloadHelaper: onKeyguardVisibilityChanged showing:false
08-22 11:25:47.869  1041  1143 D OemAppPreloadHelaper: onKeyguardVisibilityChanged showing:false
08-22 11:25:47.869  1041  1143 D OemAppPreloadHelaper: onKeyguardVisibilityChanged showing:false
08-22 11:25:47.869  1041  1143 D OemAppPreloadHelaper: onKeyguardVisibilityChanged showing:false
08-22 11:25:47.869  1041  1143 D OemAppPreloadHelaper: onKeyguardVisibilityChanged showing:false
08-22 11:25:47.869  1041  1143 D OemAppPreloadHelaper: onKeyguardVisibilityChanged showing:false
08-22 11:25:47.870  1041  1143 D OemAppPreloadHelaper: onKeyguardVisibilityChanged showing:false
08-22 11:25:47.870  1041  1143 D OemAppPreloadHelaper: onKeyguardVisibilityChanged showing:false
08-22 11:25:47.870  1041  1143 D OemAppPreloadHelaper: onKeyguardVisibilityChanged showing:false
08-22 11:25:47.870  1041  1143 D OemAppPreloadHelaper: onKeyguardVisibilityChanged showing:false
08-22 11:25:47.870  1041  1143 D OemAppPreloadHelaper: onKeyguardVisibilityChanged showing:false
08-22 11:25:47.870  1041  1143 D OemAppPreloadHelaper: onKeyguardVisibilityChanged showing:false
08-22 11:25:47.870  1041  1143 D OemAppPreloadHelaper: onKeyguardVisibilityChanged showing:false
08-22 11:25:47.871  1041  1143 D OemAppPreloadHelaper: onKeyguardVisibilityChanged showing:false
08-22 11:25:47.871  1041  1143 D OemAppPreloadHelaper: onKeyguardVisibilityChanged showing:false
08-22 11:25:47.871  1041  1143 D OemAppPreloadHelaper: onKeyguardVisibilityChanged showing:false
08-22 11:25:47.871  1041  1143 D OemAppPreloadHelaper: onKeyguardVisibilityChanged showing:false
08-22 11:25:47.871  1041  1143 D OemAppPreloadHelaper: onKeyguardVisibilityChanged showing:false
08-22 11:25:47.871  1041  1143 D OemAppPreloadHelaper: onKeyguardVisibilityChanged showing:false
08-22 11:25:47.871  1041  1143 D OemAppPreloadHelaper: onKeyguardVisibilityChanged showing:false
08-22 11:25:47.872  1041  1143 D OemAppPreloadHelaper: onKeyguardVisibilityChanged showing:false
08-22 11:25:47.872  1041  1143 D OemAppPreloadHelaper: onKeyguardVisibilityChanged showing:false
08-22 11:25:47.872  1041  1143 D OemAppPreloadHelaper: onKeyguardVisibilityChanged showing:false
08-22 11:25:47.872  1041  1143 D OemAppPreloadHelaper: onKeyguardVisibilityChanged showing:false
08-22 11:25:47.872  1041  1143 D OemAppPreloadHelaper: onKeyguardVisibilityChanged showing:false
08-22 11:25:47.872  1041  1143 D OemAppPreloadHelaper: onKeyguardVisibilityChanged showing:false
08-22 11:25:47.873  1041  1143 D OemAppPreloadHelaper: onKeyguardVisibilityChanged showing:false
08-22 11:25:47.873  1041  1143 D OemAppPreloadHelaper: onKeyguardVisibilityChanged showing:false
08-22 11:25:47.875  1041  1143 D OemAppPreloadHelaper: onKeyguardVisibilityChanged showing:false
08-22 11:25:47.875  1041  1143 D OemAppPreloadHelaper: onKeyguardVisibilityChanged showing:false
08-22 11:25:47.875  1041  1143 D OemAppPreloadHelaper: onKeyguardVisibilityChanged showing:false
08-22 11:25:47.875  1041  1143 D OemAppPreloadHelaper: onKeyguardVisibilityChanged showing:false
08-22 11:25:47.875  1041  1573 D OemAppPreloadHelaper: onKeyguardVisibilityChanged showing:false
08-22 11:25:47.876  1041  1573 D OemAppPreloadHelaper: onKeyguardVisibilityChanged showing:false
08-22 11:25:47.876  1041  1573 D OemAppPreloadHelaper: onKeyguardVisibilityChanged showing:false
08-22 11:25:47.876  1041  1573 D OemAppPreloadHelaper: onKeyguardVisibilityChanged showing:false
08-22 11:25:47.876  1041  1573 D OemAppPreloadHelaper: onKeyguardVisibilityChanged showing:false
08-22 11:25:47.905  1041  1084 I StorageManagerService: Cmd send onSecureKeyguardStateChanged isShowing = false mSecureKeyguardShowing = false
08-22 11:25:47.914  1041  1572 D FaceProvider/default: Starting watchdog for face
08-22 11:25:47.915  1041  1572 D FingerprintProvider/default: Starting watchdog for fingerprint
08-22 11:25:47.942  1041  1572 I WindowManager: Input focus has changed to Window{12d4ae u0 org.telegram.messenger/org.telegram.ui.LaunchActivity}, [type=1]-[Surface(name=*Title#34962)/@0x5c79f32, shown=false, alpha=0.0, windowType=1] from 150bd5a NotificationShade mDisplayId 0 updateInputWindows true
08-22 11:25:47.942  1041  1572 D UnisocDisplayJamMonitorImpl: Switch focus to Window{12d4ae u0 org.telegram.messenger/org.telegram.ui.LaunchActivity}, [type=1]-[Surface(name=*Title#34962)/@0x5c79f32, shown=false, alpha=0.0, windowType=1] on APP(ActivityRecord{7a9a397 u0 org.telegram.messenger/org.telegram.ui.LaunchActivity t11558 d0}) from Window{150bd5a u0 NotificationShade}, [type=2040]-[Surface(name=*Title#34957)/@0x339614d, shown=false, alpha=0.0, windowType=2040], newWindowHandle = 12d4ae org.telegram.messenger/org.telegram.ui.LaunchActivity, frame=[0,0,0,0], touchableRegion=SkRegion((0,0,720,1612)), scaleFactor=1.0, transform=null, windowToken=android.os.BinderProxy@2df4929, displayId=0, isClone=false, packageName=org.telegram.messenger, ownerPid=32563, touchableRegionSurfaceControl=java.lang.ref.WeakReference@b2c3483, replaceTouchableRegionWithCrop=false, changed=false
08-22 11:25:47.961   395  4853 I keystore2: system/security/keystore2/src/super_key.rs:1049 - Successfully unlocked with biometric
08-22 11:25:47.962  1041  1041 W Looper  : Slow dispatch took 132ms main h=com.android.server.trust.TrustManagerService$2 c=null m=14
08-22 11:25:47.962  1041  1041 D FaceProvider/default/4: onLockoutCleared after resetLockout
08-22 11:25:47.962  1041  1041 D LockoutCache: Lockout for user: 0 is 0
08-22 11:25:47.964  1041  2730 D SystemServerTiming: getUserSwitchability-0
08-22 11:25:47.964  1041  2730 D SystemServerTiming: TM.isInCall
08-22 11:25:47.965  1041  2730 D SystemServerTiming: hasUserRestriction-DISALLOW_USER_SWITCH
08-22 11:25:47.965  1041  2730 D SystemServerTiming: getInt-ALLOW_USER_SWITCHING_WHEN_SYSTEM_USER_LOCKED
08-22 11:25:47.965  1041  2730 D SystemServerTiming: isUserUnlocked-USER_SYSTEM
08-22 11:25:47.967  1041  1041 D BiometricSchedulerOperation: [Finished / destroy]: {[403] com.android.server.biometrics.sensors.face.aidl.FaceResetLockoutClient, proto=12, owner=android, cookie=0, requestId=-1, userId=0}
